Archive member included to satisfy reference by file (symbol)

C:/MinGW/msys/1.0/libopencm3-master/libopencm3-master/lib\libopencm3_stm32l4.a(flash_common_all.o)
                              build/esos_stm32l4_tick.o (flash_prefetch_enable)
C:/MinGW/msys/1.0/libopencm3-master/libopencm3-master/lib\libopencm3_stm32l4.a(flash_common_idcache.o)
                              build/esos_stm32l4_tick.o (flash_dcache_enable)
C:/MinGW/msys/1.0/libopencm3-master/libopencm3-master/lib\libopencm3_stm32l4.a(gpio_common_all.o)
                              build/semaphore1_app.o (gpio_get)
C:/MinGW/msys/1.0/libopencm3-master/libopencm3-master/lib\libopencm3_stm32l4.a(gpio_common_f0234.o)
                              build/semaphore1_app.o (gpio_mode_setup)
C:/MinGW/msys/1.0/libopencm3-master/libopencm3-master/lib\libopencm3_stm32l4.a(rcc.o)
                              build/esos_stm32l4_tick.o (rcc_wait_for_sysclk_status)
C:/MinGW/msys/1.0/libopencm3-master/libopencm3-master/lib\libopencm3_stm32l4.a(rcc_common_all.o)
                              build/semaphore1_app.o (rcc_periph_clock_enable)
C:/MinGW/msys/1.0/libopencm3-master/libopencm3-master/lib\libopencm3_stm32l4.a(rng_common_v1.o)
                              build/esos_stm32l4_utils.o (rng_enable)
C:/MinGW/msys/1.0/libopencm3-master/libopencm3-master/lib\libopencm3_stm32l4.a(usart_common_all.o)
                              build/esos_stm32l4_rs232.o (usart_set_baudrate)
C:/MinGW/msys/1.0/libopencm3-master/libopencm3-master/lib\libopencm3_stm32l4.a(usart_common_v2.o)
                              build/esos_stm32l4_rs232.o (usart_send)
C:/MinGW/msys/1.0/libopencm3-master/libopencm3-master/lib\libopencm3_stm32l4.a(vector.o)
                              (reset_handler)
C:/MinGW/msys/1.0/libopencm3-master/libopencm3-master/lib\libopencm3_stm32l4.a(systick.o)
                              build/esos_stm32l4_tick.o (systick_set_reload)
C:/MinGW/msys/1.0/libopencm3-master/libopencm3-master/lib\libopencm3_stm32l4.a(nvic.o)
                              build/esos_stm32l4_rs232.o (nvic_enable_irq)

Allocating common symbols
Common symbol       size              file

__u8ChildTasksRegistered
                    0x1               build/esos.o
__astCircularBuffers
                    0x180             build/esos.o
__st_CB_Tx          0xc               build/esos_comm.o
__st_CB_Rx          0xc               build/esos_comm.o
__au8_MBData        0xf00             build/esos.o
__astTmrSvcs        0xc0              build/esos.o
__esos_u32UserFlags
                    0x4               build/esos.o
__esos_u32SystemFlags
                    0x4               build/esos.o
__esos_u8TmrSvcsRegistered
                    0x1               build/esos.o
__esos_comm_rx_buff
                    0x40              build/esos_comm.o
__astMailbox        0x100             build/esos.o
u8_uartTXbuf        0x1               build/esos_stm32l4_rs232.o
__esos_u32TmrActiveFlags
                    0x4               build/esos.o
__pst_CB_Rx         0x4               build/esos_comm.o
__stChildTaskRx     0x18              build/esos_comm.o
__u8UserTasksRegistered
                    0x1               build/esos.o
u8_uartRXbuf        0x1               build/esos_stm32l4_rs232.o
__au8UserTaskStructIndex
                    0x20              build/esos.o
__pst_CB_Tx         0x4               build/esos_comm.o
sem_T2CanRun        0x2               build/semaphore1_app.o
__u8_esos_mail_routines_dummy_uint8
                    0x1               build/esos_mail.o
__astUserTaskPool   0x300             build/esos.o
esos_tick_count     0x4               build/esos_stm32l4_tick.o
__u16NumTasksEverCreated
                    0x2               build/esos.o
__u32_esos_PRNG_Seed
                    0x4               build/esos_utils.o
__esos_comm_tx_buff
                    0x40              build/esos_comm.o
__stChildTaskTx     0x18              build/esos_comm.o
__astChildTaskPool  0x300             build/esos.o

Discarded input sections

 .text          0x00000000        0x0 build/semaphore1_app.o
 .data          0x00000000        0x0 build/semaphore1_app.o
 .bss           0x00000000        0x0 build/semaphore1_app.o
 .text.getRandomDelay
                0x00000000       0x14 build/semaphore1_app.o
 .text          0x00000000        0x0 build/esos.o
 .data          0x00000000        0x0 build/esos.o
 .bss           0x00000000        0x0 build/esos.o
 .text.esos_GetTaskHandle
                0x00000000       0x40 build/esos.o
 .text.esos_GetTaskHandleFromID
                0x00000000       0x40 build/esos.o
 .text.esos_GetFreeChildTaskStruct
                0x00000000       0x2c build/esos.o
 .text.esos_GetMaxNumberTasks
                0x00000000        0x4 build/esos.o
 .text.esos_RegisterTimer
                0x00000000       0x5c build/esos.o
 .text.esos_UnregisterTimer
                0x00000000       0x44 build/esos.o
 .text.esos_GetTimerHandle
                0x00000000       0x48 build/esos.o
[...]
Memory Configuration

Name             Origin             Length             Attributes
rom              0x08000000         0x0003e800         xr
ram              0x20000000         0x00028000         xrw
*default*        0x00000000         0xffffffff

Linker script and memory map

LOAD build/semaphore1_app.o
LOAD build/esos.o
LOAD build/esos_cb.o
LOAD build/esos_utils.o
LOAD build/esos_comm.o
LOAD build/esos_mail.o
LOAD build/esos_stm32l4_tick.o
LOAD build/esos_stm32l4_utils.o
LOAD build/esos_stm32l4_rs232.o
LOAD c:/program files (x86)/gnu tools arm embedded/9 2019-q4-major/bin/../lib/gcc/arm-none-eabi/9.2.1/../../../../arm-none-eabi/lib/thumb/v7e-m+fp/hard\libc_nano.a
LOAD c:/program files (x86)/gnu tools arm embedded/9 2019-q4-major/bin/../lib/gcc/arm-none-eabi/9.2.1/../../../../arm-none-eabi/lib/thumb/v7e-m+fp/hard\libm.a
LOAD c:/program files (x86)/gnu tools arm embedded/9 2019-q4-major/bin/../lib/gcc/arm-none-eabi/9.2.1/../../../../arm-none-eabi/lib/thumb/v7e-m+fp/hard\libnosys.a
LOAD C:/MinGW/msys/1.0/libopencm3-master/libopencm3-master/lib\libopencm3_stm32l4.a
START GROUP
LOAD c:/program files (x86)/gnu tools arm embedded/9 2019-q4-major/bin/../lib/gcc/arm-none-eabi/9.2.1/thumb/v7e-m+fp/hard\libgcc.a
LOAD c:/program files (x86)/gnu tools arm embedded/9 2019-q4-major/bin/../lib/gcc/arm-none-eabi/9.2.1/../../../../arm-none-eabi/lib/thumb/v7e-m+fp/hard\libc_nano.a
END GROUP
START GROUP
LOAD c:/program files (x86)/gnu tools arm embedded/9 2019-q4-major/bin/../lib/gcc/arm-none-eabi/9.2.1/thumb/v7e-m+fp/hard\libgcc.a
LOAD c:/program files (x86)/gnu tools arm embedded/9 2019-q4-major/bin/../lib/gcc/arm-none-eabi/9.2.1/../../../../arm-none-eabi/lib/thumb/v7e-m+fp/hard\libc_nano.a
LOAD c:/program files (x86)/gnu tools arm embedded/9 2019-q4-major/bin/../lib/gcc/arm-none-eabi/9.2.1/../../../../arm-none-eabi/lib/thumb/v7e-m+fp/hard\libnosys.a
END GROUP
START GROUP
LOAD c:/program files (x86)/gnu tools arm embedded/9 2019-q4-major/bin/../lib/gcc/arm-none-eabi/9.2.1/thumb/v7e-m+fp/hard\libgcc.a
LOAD c:/program files (x86)/gnu tools arm embedded/9 2019-q4-major/bin/../lib/gcc/arm-none-eabi/9.2.1/../../../../arm-none-eabi/lib/thumb/v7e-m+fp/hard\libc_nano.a
LOAD c:/program files (x86)/gnu tools arm embedded/9 2019-q4-major/bin/../lib/gcc/arm-none-eabi/9.2.1/../../../../arm-none-eabi/lib/thumb/v7e-m+fp/hard\libnosys.a
END GROUP

.text           0x08000000     0x13ec
 *(.vectors)
 .vectors       0x08000000      0x1ac C:/MinGW/msys/1.0/libopencm3-master/libopencm3-master/lib\libopencm3_stm32l4.a(vector.o)
                0x08000000                vector_table
 *(.text*)
 .text.task_flash_LED
                0x080001ac       0xcc build/semaphore1_app.o
                0x080001ac                task_flash_LED
 .text.task2    0x08000278      0x1a4 build/semaphore1_app.o
                0x08000278                task2
 .text.task1    0x0800041c      0x1cc build/semaphore1_app.o
                0x0800041c                task1
 .text.__user_init_hw
                0x080005e8       0x34 build/semaphore1_app.o
                0x080005e8                __user_init_hw
 .text.user_init
                0x0800061c       0x30 build/semaphore1_app.o
                0x0800061c                user_init
 .text.esos_RegisterTask
                0x0800064c       0xd8 build/esos.o
                0x0800064c                esos_RegisterTask
 .text.esos_UnregisterTask
                0x08000724       0x64 build/esos.o
                0x08000724                esos_UnregisterTask
 .text.__esos_hasTickDurationPassed
                0x08000788       0x1e build/esos.o
                0x08000788                __esos_hasTickDurationPassed
 *fill*         0x080007a6        0x2 
 .text.__esos_tmrSvcsExecute
                0x080007a8       0x5c build/esos.o
                0x080007a8                __esos_tmrSvcsExecute
 .text.__esosInit
                0x08000804       0xc0 build/esos.o
                0x08000804                __esosInit
 .text.main     0x080008c4       0xa8 build/esos.o
                0x080008c4                main
 .text.__esos_CB_Init
                0x0800096c        0xc build/esos_cb.o
                0x0800096c                __esos_CB_Init
 .text.__esos_CB_WriteUINT8
                0x08000978       0x28 build/esos_cb.o
                0x08000978                __esos_CB_WriteUINT8
 .text.__esos_CB_OverwriteUINT8
                0x080009a0       0x3a build/esos_cb.o
                0x080009a0                __esos_CB_OverwriteUINT8
 .text.__esos_CB_WriteUINT8Buffer
                0x080009da       0x3c build/esos_cb.o
                0x080009da                __esos_CB_WriteUINT8Buffer
 .text.__esos_CB_ReadUINT8
                0x08000a16       0x24 build/esos_cb.o
                0x08000a16                __esos_CB_ReadUINT8
 *fill*         0x08000a3a        0x2 
 .text.__esos_set_PRNG_U32Seed
                0x08000a3c        0xc build/esos_utils.o
                0x08000a3c                __esos_set_PRNG_U32Seed
 .text.__esos_get_PRNG_RandomUint32
                0x08000a48       0x48 build/esos_utils.o
                0x08000a48                __esos_get_PRNG_RandomUint32
 .text.esos_GetRandomUint32
                0x08000a90        0x8 build/esos_utils.o
                0x08000a90                esos_GetRandomUint32
 .text.__esos_InitCommSystem
                0x08000a98       0x40 build/esos_comm.o
                0x08000a98                __esos_InitCommSystem
 .text.__esos_u8_GetMSBHexCharFromUint8
                0x08000ad8       0x12 build/esos_comm.o
                0x08000ad8                __esos_u8_GetMSBHexCharFromUint8
 .text.__esos_u8_GetLSBHexCharFromUint8
                0x08000aea       0x10 build/esos_comm.o
                0x08000aea                __esos_u8_GetLSBHexCharFromUint8
 *fill*         0x08000afa        0x2 
 .text.__esos_OutUint8AsHexString
                0x08000afc       0x94 build/esos_comm.o
                0x08000afc                __esos_OutUint8AsHexString
 .text.__esos_OutUint8AsDecString
                0x08000b90      0x104 build/esos_comm.o
                0x08000b90                __esos_OutUint8AsDecString
 .text.__esos_OutString
                0x08000c94       0x84 build/esos_comm.o
                0x08000c94                __esos_OutString
 .text.__esos_unsafe_PutString
                0x08000d18       0x28 build/esos_comm.o
                0x08000d18                __esos_unsafe_PutString
 .text.__esos_InitMailbox
                0x08000d40        0xc build/esos_mail.o
                0x08000d40                __esos_InitMailbox
 .text.__esos_hw_InitSystemTick
                0x08000d4c       0xb4 build/esos_stm32l4_tick.o
                0x08000d4c                __esos_hw_InitSystemTick
 .text.__esos_hw_GetSystemTickCount
                0x08000e00        0xc build/esos_stm32l4_tick.o
                0x08000e00                __esos_hw_GetSystemTickCount
 .text.sys_tick_handler
                0x08000e0c       0x14 build/esos_stm32l4_tick.o
                0x08000e0c                sys_tick_handler
 .text.__esos_hw_PRNG_u32
                0x08000e20        0x8 build/esos_stm32l4_utils.o
                0x08000e20                __esos_hw_PRNG_u32
 .text.__esos_hw_config_PRNG
                0x08000e28        0x8 build/esos_stm32l4_utils.o
                0x08000e28                __esos_hw_config_PRNG
 .text.__esos_hw_signal_start_tx
                0x08000e30       0x44 build/esos_stm32l4_rs232.o
                0x08000e30                __esos_hw_signal_start_tx
 .text.usart2_isr
                0x08000e74       0x90 build/esos_stm32l4_rs232.o
                0x08000e74                usart2_isr
 .text.__esos_configUART1
                0x08000f04       0xa0 build/esos_stm32l4_rs232.o
                0x08000f04                __esos_configUART1
 .text.__esos_hw_InitCommSystem
                0x08000fa4        0xc build/esos_stm32l4_rs232.o
                0x08000fa4                __esos_hw_InitCommSystem
 .text.flash_prefetch_enable
                0x08000fb0       0x10 C:/MinGW/msys/1.0/libopencm3-master/libopencm3-master/lib\libopencm3_stm32l4.a(flash_common_all.o)
                0x08000fb0                flash_prefetch_enable
 .text.flash_set_ws
                0x08000fc0       0x14 C:/MinGW/msys/1.0/libopencm3-master/libopencm3-master/lib\libopencm3_stm32l4.a(flash_common_all.o)
                0x08000fc0                flash_set_ws
 .text.flash_dcache_enable
                0x08000fd4       0x10 C:/MinGW/msys/1.0/libopencm3-master/libopencm3-master/lib\libopencm3_stm32l4.a(flash_common_idcache.o)
                0x08000fd4                flash_dcache_enable
 .text.flash_icache_enable
                0x08000fe4       0x10 C:/MinGW/msys/1.0/libopencm3-master/libopencm3-master/lib\libopencm3_stm32l4.a(flash_common_idcache.o)
                0x08000fe4                flash_icache_enable
 .text.gpio_get
                0x08000ff4        0x6 C:/MinGW/msys/1.0/libopencm3-master/libopencm3-master/lib\libopencm3_stm32l4.a(gpio_common_all.o)
                0x08000ff4                gpio_get
 .text.gpio_toggle
                0x08000ffa       0x12 C:/MinGW/msys/1.0/libopencm3-master/libopencm3-master/lib\libopencm3_stm32l4.a(gpio_common_all.o)
                0x08000ffa                gpio_toggle
 .text.gpio_mode_setup
                0x0800100c       0x40 C:/MinGW/msys/1.0/libopencm3-master/libopencm3-master/lib\libopencm3_stm32l4.a(gpio_common_f0234.o)
                0x0800100c                gpio_mode_setup
 .text.gpio_set_output_options
                0x0800104c       0x36 C:/MinGW/msys/1.0/libopencm3-master/libopencm3-master/lib\libopencm3_stm32l4.a(gpio_common_f0234.o)
                0x0800104c                gpio_set_output_options
 .text.gpio_set_af
                0x08001082       0x54 C:/MinGW/msys/1.0/libopencm3-master/libopencm3-master/lib\libopencm3_stm32l4.a(gpio_common_f0234.o)
                0x08001082                gpio_set_af
 *fill*         0x080010d6        0x2 
 .text.rcc_wait_for_sysclk_status
                0x080010d8       0x48 C:/MinGW/msys/1.0/libopencm3-master/libopencm3-master/lib\libopencm3_stm32l4.a(rcc.o)
                0x080010d8                rcc_wait_for_sysclk_status
 .text.rcc_osc_on
                0x08001120       0x58 C:/MinGW/msys/1.0/libopencm3-master/libopencm3-master/lib\libopencm3_stm32l4.a(rcc.o)
                0x08001120                rcc_osc_on
 .text.rcc_set_sysclk_source
                0x08001178       0x14 C:/MinGW/msys/1.0/libopencm3-master/libopencm3-master/lib\libopencm3_stm32l4.a(rcc.o)
                0x08001178                rcc_set_sysclk_source
 .text.rcc_set_main_pll
                0x0800118c       0x28 C:/MinGW/msys/1.0/libopencm3-master/libopencm3-master/lib\libopencm3_stm32l4.a(rcc.o)
                0x0800118c                rcc_set_main_pll
 .text.rcc_periph_clock_enable
                0x080011b4       0x1c C:/MinGW/msys/1.0/libopencm3-master/libopencm3-master/lib\libopencm3_stm32l4.a(rcc_common_all.o)
                0x080011b4                rcc_periph_clock_enable
 .text.rng_enable
                0x080011d0       0x10 C:/MinGW/msys/1.0/libopencm3-master/libopencm3-master/lib\libopencm3_stm32l4.a(rng_common_v1.o)
                0x080011d0                rng_enable
 .text.usart_set_baudrate
                0x080011e0       0x54 C:/MinGW/msys/1.0/libopencm3-master/libopencm3-master/lib\libopencm3_stm32l4.a(usart_common_all.o)
                0x080011e0                usart_set_baudrate
 .text.usart_set_databits
                0x08001234       0x12 C:/MinGW/msys/1.0/libopencm3-master/libopencm3-master/lib\libopencm3_stm32l4.a(usart_common_all.o)
                0x08001234                usart_set_databits
 .text.usart_set_stopbits
                0x08001246        0xc C:/MinGW/msys/1.0/libopencm3-master/libopencm3-master/lib\libopencm3_stm32l4.a(usart_common_all.o)
                0x08001246                usart_set_stopbits
 .text.usart_set_parity
                0x08001252        0xc C:/MinGW/msys/1.0/libopencm3-master/libopencm3-master/lib\libopencm3_stm32l4.a(usart_common_all.o)
                0x08001252                usart_set_parity
 .text.usart_set_mode
                0x0800125e        0xc C:/MinGW/msys/1.0/libopencm3-master/libopencm3-master/lib\libopencm3_stm32l4.a(usart_common_all.o)
                0x0800125e                usart_set_mode
 .text.usart_set_flow_control
                0x0800126a        0xc C:/MinGW/msys/1.0/libopencm3-master/libopencm3-master/lib\libopencm3_stm32l4.a(usart_common_all.o)
                0x0800126a                usart_set_flow_control
 .text.usart_enable
                0x08001276        0xa C:/MinGW/msys/1.0/libopencm3-master/libopencm3-master/lib\libopencm3_stm32l4.a(usart_common_all.o)
                0x08001276                usart_enable
 .text.usart_enable_rx_interrupt
                0x08001280        0xa C:/MinGW/msys/1.0/libopencm3-master/libopencm3-master/lib\libopencm3_stm32l4.a(usart_common_all.o)
                0x08001280                usart_enable_rx_interrupt
 .text.usart_enable_tx_interrupt
                0x0800128a        0xa C:/MinGW/msys/1.0/libopencm3-master/libopencm3-master/lib\libopencm3_stm32l4.a(usart_common_all.o)
                0x0800128a                usart_enable_tx_interrupt
 .text.usart_disable_tx_interrupt
                0x08001294        0xa C:/MinGW/msys/1.0/libopencm3-master/libopencm3-master/lib\libopencm3_stm32l4.a(usart_common_all.o)
                0x08001294                usart_disable_tx_interrupt
 .text.usart_send
                0x0800129e        0x8 C:/MinGW/msys/1.0/libopencm3-master/libopencm3-master/lib\libopencm3_stm32l4.a(usart_common_v2.o)
                0x0800129e                usart_send
 .text.usart_recv
                0x080012a6        0x8 C:/MinGW/msys/1.0/libopencm3-master/libopencm3-master/lib\libopencm3_stm32l4.a(usart_common_v2.o)
                0x080012a6                usart_recv
 .text.blocking_handler
                0x080012ae        0x2 C:/MinGW/msys/1.0/libopencm3-master/libopencm3-master/lib\libopencm3_stm32l4.a(vector.o)
                0x080012ae                i2c4_ev_isr
                0x080012ae                usart3_isr
                0x080012ae                swpmi1_isr
                0x080012ae                tim7_isr
                0x080012ae                dma2d_isr
                0x080012ae                rng_isr
                0x080012ae                adc1_2_isr
                0x080012ae                i2c4_er_isr
                0x080012ae                blocking_handler
                0x080012ae                tsc_isr
                0x080012ae                tim5_isr
                0x080012ae                rtc_wkup_isr
                0x080012ae                otg_fs_isr
                0x080012ae                tim1_up_tim16_isr
                0x080012ae                spi1_isr
                0x080012ae                i2c3_er_isr
                0x080012ae                dma2_channel7_isr
                0x080012ae                exti2_isr
                0x080012ae                dma1_channel6_isr
                0x080012ae                dma1_channel5_isr
                0x080012ae                dma2_channel5_isr
                0x080012ae                tamp_stamp_isr
                0x080012ae                fmc_isr
                0x080012ae                can1_rx1_isr
                0x080012ae                usart1_isr
                0x080012ae                i2c3_ev_isr
                0x080012ae                usage_fault_handler
                0x080012ae                tim8_trg_com_isr
                0x080012ae                can2_rx0_isr
                0x080012ae                tim1_trg_com_tim17_isr
                0x080012ae                can2_rx1_isr
                0x080012ae                can1_sce_isr
                0x080012ae                tim1_cc_isr
                0x080012ae                can1_tx_isr
                0x080012ae                dma1_channel4_isr
                0x080012ae                tim8_brk_isr
                0x080012ae                dma2_channel4_isr
                0x080012ae                lptim1_isr
                0x080012ae                lpuart1_isr
                0x080012ae                can1_rx0_isr
                0x080012ae                rcc_isr
                0x080012ae                flash_isr
                0x080012ae                uart4_isr
                0x080012ae                rtc_alarm_isr
                0x080012ae                exti15_10_isr
                0x080012ae                hard_fault_handler
                0x080012ae                exti1_isr
                0x080012ae                i2c1_ev_isr
                0x080012ae                dma2_channel1_isr
                0x080012ae                dfsdm2_isr
                0x080012ae                spi2_isr
                0x080012ae                aes_isr
                0x080012ae                tim8_up_isr
                0x080012ae                tim6_dacunder_isr
                0x080012ae                dma2_channel6_isr
                0x080012ae                dma2_channel2_isr
                0x080012ae                exti3_isr
                0x080012ae                adc3_isr
                0x080012ae                tim3_isr
                0x080012ae                sai1_isr
                0x080012ae                fpu_isr
                0x080012ae                i2c2_er_isr
                0x080012ae                i2c2_ev_isr
                0x080012ae                uart5_isr
                0x080012ae                dma1_channel1_isr
                0x080012ae                exti4_isr
                0x080012ae                dfsdm3_isr
                0x080012ae                comp_isr
                0x080012ae                mem_manage_handler
                0x080012ae                can2_tx_isr
                0x080012ae                lptim2_isr
                0x080012ae                lcd_isr
                0x080012ae                exti9_5_isr
                0x080012ae                dma2_channel3_isr
                0x080012ae                dfsdm1_isr
                0x080012ae                dma1_channel7_isr
                0x080012ae                pvd_pvm_isr
                0x080012ae                can2_sce_isr
                0x080012ae                tim4_isr
                0x080012ae                sai2_isr
                0x080012ae                dma1_channel2_isr
                0x080012ae                i2c1_er_isr
                0x080012ae                tim8_cc_isr
                0x080012ae                dcmi_isr
                0x080012ae                hash_crs_isr
                0x080012ae                bus_fault_handler
                0x080012ae                wwdg_isr
                0x080012ae                tim1_brk_tim15_isr
                0x080012ae                dma1_channel3_isr
                0x080012ae                sdmmc1_isr
                0x080012ae                spi3_isr
                0x080012ae                quadspi_isr
                0x080012ae                dfsdm0_isr
                0x080012ae                tim2_isr
                0x080012ae                exti0_isr
 .text.null_handler
                0x080012b0        0x2 C:/MinGW/msys/1.0/libopencm3-master/libopencm3-master/lib\libopencm3_stm32l4.a(vector.o)
                0x080012b0                sv_call_handler
                0x080012b0                pend_sv_handler
                0x080012b0                debug_monitor_handler
                0x080012b0                nmi_handler
                0x080012b0                null_handler
 *fill*         0x080012b2        0x2 
 .text.reset_handler
                0x080012b4       0x98 C:/MinGW/msys/1.0/libopencm3-master/libopencm3-master/lib\libopencm3_stm32l4.a(vector.o)
                0x080012b4                reset_handler
 .text.systick_set_reload
                0x0800134c       0x10 C:/MinGW/msys/1.0/libopencm3-master/libopencm3-master/lib\libopencm3_stm32l4.a(systick.o)
                0x0800134c                systick_set_reload
 .text.systick_set_clocksource
                0x0800135c       0x18 C:/MinGW/msys/1.0/libopencm3-master/libopencm3-master/lib\libopencm3_stm32l4.a(systick.o)
                0x0800135c                systick_set_clocksource
 .text.systick_interrupt_enable
                0x08001374       0x10 C:/MinGW/msys/1.0/libopencm3-master/libopencm3-master/lib\libopencm3_stm32l4.a(systick.o)
                0x08001374                systick_interrupt_enable
 .text.systick_counter_enable
                0x08001384       0x10 C:/MinGW/msys/1.0/libopencm3-master/libopencm3-master/lib\libopencm3_stm32l4.a(systick.o)
                0x08001384                systick_counter_enable
 .text.nvic_enable_irq
                0x08001394       0x1c C:/MinGW/msys/1.0/libopencm3-master/libopencm3-master/lib\libopencm3_stm32l4.a(nvic.o)
                0x08001394                nvic_enable_irq
                0x080013b0                . = ALIGN (0x4)
 *(.rodata*)
 .rodata.user_init.str1.4
                0x080013b0       0x39 build/semaphore1_app.o
                0x080013ec                . = ALIGN (0x4)
 *fill*         0x080013e9        0x3 

.glue_7         0x080013ec        0x0
 .glue_7        0x080013ec        0x0 linker stubs

.glue_7t        0x080013ec        0x0
 .glue_7t       0x080013ec        0x0 linker stubs

.vfp11_veneer   0x080013ec        0x0
 .vfp11_veneer  0x080013ec        0x0 linker stubs

.v4_bx          0x080013ec        0x0
 .v4_bx         0x080013ec        0x0 linker stubs

.iplt           0x080013ec        0x0
 .iplt          0x080013ec        0x0 build/semaphore1_app.o

.rel.dyn        0x080013ec        0x0
 .rel.iplt      0x080013ec        0x0 build/semaphore1_app.o

.preinit_array  0x080013ec        0x0
                0x080013ec                . = ALIGN (0x4)
                0x080013ec                __preinit_array_start = .
 *(.preinit_array)
                0x080013ec                __preinit_array_end = .

.init_array     0x080013ec        0x0
                0x080013ec                . = ALIGN (0x4)
                0x080013ec                __init_array_start = .
 *(SORT_BY_NAME(.init_array.*))
 *(.init_array)
                0x080013ec                __init_array_end = .

.fini_array     0x080013ec        0x0
                0x080013ec                . = ALIGN (0x4)
                0x080013ec                __fini_array_start = .
 *(.fini_array)
 *(SORT_BY_NAME(.fini_array.*))
                0x080013ec                __fini_array_end = .

.ARM.extab
 *(.ARM.extab*)

.ARM.exidx      0x080013ec        0x0
                0x080013ec                __exidx_start = .
 *(.ARM.exidx*)
                0x080013ec                __exidx_end = .
                0x080013ec                . = ALIGN (0x4)
                0x080013ec                _etext = .

.noinit
 *(.noinit)
                0x080013ec                . = ALIGN (0x4)

.data           0x20000000       0x28 load address 0x080013ec
                0x20000000                _data = .
 *(.data*)
 .data.psz_CRNL
                0x20000000        0x3 build/semaphore1_app.o
                0x20000000                psz_CRNL
 *fill*         0x20000003        0x1 
 .data.psz_T1   0x20000004        0x9 build/semaphore1_app.o
                0x20000004                psz_T1
 *fill*         0x2000000d        0x3 
 .data.psz_T2   0x20000010        0x9 build/semaphore1_app.o
                0x20000010                psz_T2
 *fill*         0x20000019        0x3 
 .data.rcc_ahb_frequency
                0x2000001c        0x4 C:/MinGW/msys/1.0/libopencm3-master/libopencm3-master/lib\libopencm3_stm32l4.a(rcc.o)
                0x2000001c                rcc_ahb_frequency
 .data.rcc_apb1_frequency
                0x20000020        0x4 C:/MinGW/msys/1.0/libopencm3-master/libopencm3-master/lib\libopencm3_stm32l4.a(rcc.o)
                0x20000020                rcc_apb1_frequency
 .data.rcc_apb2_frequency
                0x20000024        0x4 C:/MinGW/msys/1.0/libopencm3-master/libopencm3-master/lib\libopencm3_stm32l4.a(rcc.o)
                0x20000024                rcc_apb2_frequency
                0x20000028                . = ALIGN (0x4)
 *(.ramfunctions)
                0x20000028                _edata = .
                0x080013ec                _data_loadaddr = LOADADDR (.data)

.igot.plt       0x20000028        0x0 load address 0x08001414
 .igot.plt      0x20000028        0x0 build/semaphore1_app.o

.bss            0x20000028     0x1978 load address 0x08001414
 *(.bss*)
 .bss.u8_cnt.6755
                0x20000028        0x1 build/semaphore1_app.o
 .bss.u8_cnt.6766
                0x20000029        0x1 build/semaphore1_app.o
 *fill*         0x2000002a        0x2 
 .bss.au8_String.5921
                0x2000002c        0x5 build/esos_comm.o
 *fill*         0x20000031        0x3 
 .bss.au8_String.5928
                0x20000034        0x5 build/esos_comm.o
 *fill*         0x20000039        0x3 
 .bss.psz_local.5955
                0x2000003c        0x4 build/esos_comm.o
 .bss.u8_c.5929
                0x20000040        0x1 build/esos_comm.o
 .bss.u8_digit.5930
                0x20000041        0x1 build/esos_comm.o
 *(COMMON)
 *fill*         0x20000042        0x2 
 COMMON         0x20000044        0x2 build/semaphore1_app.o
                0x20000044                sem_T2CanRun
 *fill*         0x20000046        0x2 
 COMMON         0x20000048     0x187c build/esos.o
                0x20000048                __u8ChildTasksRegistered
                0x2000004c                __astCircularBuffers
                0x200001cc                __au8_MBData
                0x200010cc                __astTmrSvcs
                0x2000118c                __esos_u32UserFlags
                0x20001190                __esos_u32SystemFlags
                0x20001194                __esos_u8TmrSvcsRegistered
                0x20001198                __astMailbox
                0x20001298                __esos_u32TmrActiveFlags
                0x2000129c                __u8UserTasksRegistered
                0x200012a0                __au8UserTaskStructIndex
                0x200012c0                __astUserTaskPool
                0x200015c0                __u16NumTasksEverCreated
                0x200015c4                __astChildTaskPool
 COMMON         0x200018c4        0x4 build/esos_utils.o
                0x200018c4                __u32_esos_PRNG_Seed
 COMMON         0x200018c8       0xd0 build/esos_comm.o
                0x200018c8                __st_CB_Tx
                0x200018d4                __st_CB_Rx
                0x200018e0                __esos_comm_rx_buff
                0x20001920                __pst_CB_Rx
                0x20001924                __stChildTaskRx
                0x2000193c                __pst_CB_Tx
                0x20001940                __esos_comm_tx_buff
                0x20001980                __stChildTaskTx
 COMMON         0x20001998        0x4 build/esos_stm32l4_tick.o
                0x20001998                esos_tick_count
 COMMON         0x2000199c        0x2 build/esos_stm32l4_rs232.o
                0x2000199c                u8_uartTXbuf
                0x2000199d                u8_uartRXbuf
                0x200019a0                . = ALIGN (0x4)
 *fill*         0x2000199e        0x2 
                0x200019a0                _ebss = .

/DISCARD/
 *(.eh_frame)
                0x200019a0                . = ALIGN (0x4)
                0x200019a0                end = .
                0x20028000                PROVIDE (_stack = (ORIGIN (ram) + LENGTH (ram)))
OUTPUT(build/semaphore1_app.elf elf32-littlearm)

.debug_info     0x00000000     0x6db0
 .debug_info    0x00000000      0x7a7 build/semaphore1_app.o
 .debug_info    0x000007a7      0xada build/esos.o
 .debug_info    0x00001281      0x659 build/esos_cb.o
 .debug_info    0x000018da      0x524 build/esos_utils.o
 .debug_info    0x00001dfe      0xa3e build/esos_comm.o
 .debug_info    0x0000283c      0x606 build/esos_mail.o
 .debug_info    0x00002e42      0x9a0 build/esos_stm32l4_tick.o
 .debug_info    0x000037e2      0x3c9 build/esos_stm32l4_utils.o
 .debug_info    0x00003bab      0xb00 build/esos_stm32l4_rs232.o
 .debug_info    0x000046ab       0xfc C:/MinGW/msys/1.0/libopencm3-master/libopencm3-master/lib\libopencm3_stm32l4.a(flash_common_all.o)
 .debug_info    0x000047a7       0xf4 C:/MinGW/msys/1.0/libopencm3-master/libopencm3-master/lib\libopencm3_stm32l4.a(flash_common_idcache.o)
 .debug_info    0x0000489b      0x266 C:/MinGW/msys/1.0/libopencm3-master/libopencm3-master/lib\libopencm3_stm32l4.a(gpio_common_all.o)
 .debug_info    0x00004b01      0x233 C:/MinGW/msys/1.0/libopencm3-master/libopencm3-master/lib\libopencm3_stm32l4.a(gpio_common_f0234.o)
 .debug_info    0x00004d34      0x634 C:/MinGW/msys/1.0/libopencm3-master/libopencm3-master/lib\libopencm3_stm32l4.a(rcc.o)
 .debug_info    0x00005368      0x7f8 C:/MinGW/msys/1.0/libopencm3-master/libopencm3-master/lib\libopencm3_stm32l4.a(rcc_common_all.o)
 .debug_info    0x00005b60      0x1a4 C:/MinGW/msys/1.0/libopencm3-master/libopencm3-master/lib\libopencm3_stm32l4.a(rng_common_v1.o)
 .debug_info    0x00005d04      0x53b C:/MinGW/msys/1.0/libopencm3-master/libopencm3-master/lib\libopencm3_stm32l4.a(usart_common_all.o)
 .debug_info    0x0000623f      0x3ae C:/MinGW/msys/1.0/libopencm3-master/libopencm3-master/lib\libopencm3_stm32l4.a(usart_common_v2.o)
 .debug_info    0x000065ed      0x2f2 C:/MinGW/msys/1.0/libopencm3-master/libopencm3-master/lib\libopencm3_stm32l4.a(vector.o)
 .debug_info    0x000068df      0x280 C:/MinGW/msys/1.0/libopencm3-master/libopencm3-master/lib\libopencm3_stm32l4.a(systick.o)
 .debug_info    0x00006b5f      0x251 C:/MinGW/msys/1.0/libopencm3-master/libopencm3-master/lib\libopencm3_stm32l4.a(nvic.o)

.debug_abbrev   0x00000000     0x1df5
 .debug_abbrev  0x00000000      0x210 build/semaphore1_app.o
 .debug_abbrev  0x00000210      0x2d4 build/esos.o
 .debug_abbrev  0x000004e4      0x155 build/esos_cb.o
 .debug_abbrev  0x00000639      0x1c9 build/esos_utils.o
 .debug_abbrev  0x00000802      0x224 build/esos_comm.o
 .debug_abbrev  0x00000a26      0x199 build/esos_mail.o
 .debug_abbrev  0x00000bbf      0x1c3 build/esos_stm32l4_tick.o
 .debug_abbrev  0x00000d82      0x14e build/esos_stm32l4_utils.o
 .debug_abbrev  0x00000ed0      0x1f1 build/esos_stm32l4_rs232.o
 .debug_abbrev  0x000010c1       0x9a C:/MinGW/msys/1.0/libopencm3-master/libopencm3-master/lib\libopencm3_stm32l4.a(flash_common_all.o)
 .debug_abbrev  0x0000115b       0x56 C:/MinGW/msys/1.0/libopencm3-master/libopencm3-master/lib\libopencm3_stm32l4.a(flash_common_idcache.o)
 .debug_abbrev  0x000011b1      0x116 C:/MinGW/msys/1.0/libopencm3-master/libopencm3-master/lib\libopencm3_stm32l4.a(gpio_common_all.o)
 .debug_abbrev  0x000012c7       0xbf C:/MinGW/msys/1.0/libopencm3-master/libopencm3-master/lib\libopencm3_stm32l4.a(gpio_common_f0234.o)
 .debug_abbrev  0x00001386      0x233 C:/MinGW/msys/1.0/libopencm3-master/libopencm3-master/lib\libopencm3_stm32l4.a(rcc.o)
 .debug_abbrev  0x000015b9      0x158 C:/MinGW/msys/1.0/libopencm3-master/libopencm3-master/lib\libopencm3_stm32l4.a(rcc_common_all.o)
 .debug_abbrev  0x00001711      0x12e C:/MinGW/msys/1.0/libopencm3-master/libopencm3-master/lib\libopencm3_stm32l4.a(rng_common_v1.o)
 .debug_abbrev  0x0000183f      0x129 C:/MinGW/msys/1.0/libopencm3-master/libopencm3-master/lib\libopencm3_stm32l4.a(usart_common_all.o)
 .debug_abbrev  0x00001968      0x128 C:/MinGW/msys/1.0/libopencm3-master/libopencm3-master/lib\libopencm3_stm32l4.a(usart_common_v2.o)
 .debug_abbrev  0x00001a90      0x15b C:/MinGW/msys/1.0/libopencm3-master/libopencm3-master/lib\libopencm3_stm32l4.a(vector.o)
 .debug_abbrev  0x00001beb      0x155 C:/MinGW/msys/1.0/libopencm3-master/libopencm3-master/lib\libopencm3_stm32l4.a(systick.o)
 .debug_abbrev  0x00001d40       0xb5 C:/MinGW/msys/1.0/libopencm3-master/libopencm3-master/lib\libopencm3_stm32l4.a(nvic.o)

.debug_loc      0x00000000     0x2e92
 .debug_loc     0x00000000      0x17a build/semaphore1_app.o
 .debug_loc     0x0000017a      0xb50 build/esos.o
 .debug_loc     0x00000cca      0x48f build/esos_cb.o
 .debug_loc     0x00001159      0x2b3 build/esos_utils.o
 .debug_loc     0x0000140c      0x72c build/esos_comm.o
 .debug_loc     0x00001b38      0x1f3 build/esos_mail.o
 .debug_loc     0x00001d2b       0x58 build/esos_stm32l4_tick.o
 .debug_loc     0x00001d83       0x40 build/esos_stm32l4_utils.o
 .debug_loc     0x00001dc3       0xb2 build/esos_stm32l4_rs232.o
 .debug_loc     0x00001e75       0x47 C:/MinGW/msys/1.0/libopencm3-master/libopencm3-master/lib\libopencm3_stm32l4.a(flash_common_all.o)
 .debug_loc     0x00001ebc       0xbe C:/MinGW/msys/1.0/libopencm3-master/libopencm3-master/lib\libopencm3_stm32l4.a(gpio_common_all.o)
 .debug_loc     0x00001f7a      0x14d C:/MinGW/msys/1.0/libopencm3-master/libopencm3-master/lib\libopencm3_stm32l4.a(gpio_common_f0234.o)
 .debug_loc     0x000020c7      0x544 C:/MinGW/msys/1.0/libopencm3-master/libopencm3-master/lib\libopencm3_stm32l4.a(rcc.o)
 .debug_loc     0x0000260b       0xde C:/MinGW/msys/1.0/libopencm3-master/libopencm3-master/lib\libopencm3_stm32l4.a(rcc_common_all.o)
 .debug_loc     0x000026e9       0xbb C:/MinGW/msys/1.0/libopencm3-master/libopencm3-master/lib\libopencm3_stm32l4.a(rng_common_v1.o)
 .debug_loc     0x000027a4      0x207 C:/MinGW/msys/1.0/libopencm3-master/libopencm3-master/lib\libopencm3_stm32l4.a(usart_common_all.o)
 .debug_loc     0x000029ab       0xe0 C:/MinGW/msys/1.0/libopencm3-master/libopencm3-master/lib\libopencm3_stm32l4.a(usart_common_v2.o)
 .debug_loc     0x00002a8b      0x128 C:/MinGW/msys/1.0/libopencm3-master/libopencm3-master/lib\libopencm3_stm32l4.a(vector.o)
 .debug_loc     0x00002bb3      0x192 C:/MinGW/msys/1.0/libopencm3-master/libopencm3-master/lib\libopencm3_stm32l4.a(systick.o)
 .debug_loc     0x00002d45      0x14d C:/MinGW/msys/1.0/libopencm3-master/libopencm3-master/lib\libopencm3_stm32l4.a(nvic.o)

.debug_aranges  0x00000000      0x800
 .debug_aranges
                0x00000000       0x48 build/semaphore1_app.o
 .debug_aranges
                0x00000048       0x88 build/esos.o
 .debug_aranges
                0x000000d0       0x68 build/esos_cb.o
 .debug_aranges
                0x00000138       0x50 build/esos_utils.o
 .debug_aranges
                0x00000188       0x88 build/esos_comm.o
 .debug_aranges
                0x00000210       0x30 build/esos_mail.o
 .debug_aranges
                0x00000240       0x40 build/esos_stm32l4_tick.o
 .debug_aranges
                0x00000280       0x30 build/esos_stm32l4_utils.o
 .debug_aranges
                0x000002b0       0x58 build/esos_stm32l4_rs232.o
 .debug_aranges
                0x00000308       0x38 C:/MinGW/msys/1.0/libopencm3-master/libopencm3-master/lib\libopencm3_stm32l4.a(flash_common_all.o)
 .debug_aranges
                0x00000340       0x48 C:/MinGW/msys/1.0/libopencm3-master/libopencm3-master/lib\libopencm3_stm32l4.a(flash_common_idcache.o)
 .debug_aranges
                0x00000388       0x50 C:/MinGW/msys/1.0/libopencm3-master/libopencm3-master/lib\libopencm3_stm32l4.a(gpio_common_all.o)
 .debug_aranges
                0x000003d8       0x30 C:/MinGW/msys/1.0/libopencm3-master/libopencm3-master/lib\libopencm3_stm32l4.a(gpio_common_f0234.o)
 .debug_aranges
                0x00000408       0xf0 C:/MinGW/msys/1.0/libopencm3-master/libopencm3-master/lib\libopencm3_stm32l4.a(rcc.o)
 .debug_aranges
                0x000004f8       0x58 C:/MinGW/msys/1.0/libopencm3-master/libopencm3-master/lib\libopencm3_stm32l4.a(rcc_common_all.o)
 .debug_aranges
                0x00000550       0x48 C:/MinGW/msys/1.0/libopencm3-master/libopencm3-master/lib\libopencm3_stm32l4.a(rng_common_v1.o)
 .debug_aranges
                0x00000598       0xb8 C:/MinGW/msys/1.0/libopencm3-master/libopencm3-master/lib\libopencm3_stm32l4.a(usart_common_all.o)
 .debug_aranges
                0x00000650       0xa8 C:/MinGW/msys/1.0/libopencm3-master/libopencm3-master/lib\libopencm3_stm32l4.a(usart_common_v2.o)
 .debug_aranges
                0x000006f8       0x30 C:/MinGW/msys/1.0/libopencm3-master/libopencm3-master/lib\libopencm3_stm32l4.a(vector.o)
 .debug_aranges
                0x00000728       0x78 C:/MinGW/msys/1.0/libopencm3-master/libopencm3-master/lib\libopencm3_stm32l4.a(systick.o)
 .debug_aranges
                0x000007a0       0x60 C:/MinGW/msys/1.0/libopencm3-master/libopencm3-master/lib\libopencm3_stm32l4.a(nvic.o)

.debug_ranges   0x00000000      0x6e8
 .debug_ranges  0x00000000       0x38 build/semaphore1_app.o
 .debug_ranges  0x00000038       0x78 build/esos.o
 .debug_ranges  0x000000b0       0x58 build/esos_cb.o
 .debug_ranges  0x00000108       0x40 build/esos_utils.o
 .debug_ranges  0x00000148       0x78 build/esos_comm.o
 .debug_ranges  0x000001c0       0x20 build/esos_mail.o
 .debug_ranges  0x000001e0       0x30 build/esos_stm32l4_tick.o
 .debug_ranges  0x00000210       0x20 build/esos_stm32l4_utils.o
 .debug_ranges  0x00000230       0x48 build/esos_stm32l4_rs232.o
 .debug_ranges  0x00000278       0x28 C:/MinGW/msys/1.0/libopencm3-master/libopencm3-master/lib\libopencm3_stm32l4.a(flash_common_all.o)
 .debug_ranges  0x000002a0       0x38 C:/MinGW/msys/1.0/libopencm3-master/libopencm3-master/lib\libopencm3_stm32l4.a(flash_common_idcache.o)
 .debug_ranges  0x000002d8       0x40 C:/MinGW/msys/1.0/libopencm3-master/libopencm3-master/lib\libopencm3_stm32l4.a(gpio_common_all.o)
 .debug_ranges  0x00000318       0x20 C:/MinGW/msys/1.0/libopencm3-master/libopencm3-master/lib\libopencm3_stm32l4.a(gpio_common_f0234.o)
 .debug_ranges  0x00000338       0xe0 C:/MinGW/msys/1.0/libopencm3-master/libopencm3-master/lib\libopencm3_stm32l4.a(rcc.o)
 .debug_ranges  0x00000418       0x48 C:/MinGW/msys/1.0/libopencm3-master/libopencm3-master/lib\libopencm3_stm32l4.a(rcc_common_all.o)
 .debug_ranges  0x00000460       0x58 C:/MinGW/msys/1.0/libopencm3-master/libopencm3-master/lib\libopencm3_stm32l4.a(rng_common_v1.o)
 .debug_ranges  0x000004b8       0xa8 C:/MinGW/msys/1.0/libopencm3-master/libopencm3-master/lib\libopencm3_stm32l4.a(usart_common_all.o)
 .debug_ranges  0x00000560       0x98 C:/MinGW/msys/1.0/libopencm3-master/libopencm3-master/lib\libopencm3_stm32l4.a(usart_common_v2.o)
 .debug_ranges  0x000005f8       0x20 C:/MinGW/msys/1.0/libopencm3-master/libopencm3-master/lib\libopencm3_stm32l4.a(vector.o)
 .debug_ranges  0x00000618       0x80 C:/MinGW/msys/1.0/libopencm3-master/libopencm3-master/lib\libopencm3_stm32l4.a(systick.o)
 .debug_ranges  0x00000698       0x50 C:/MinGW/msys/1.0/libopencm3-master/libopencm3-master/lib\libopencm3_stm32l4.a(nvic.o)

.debug_line     0x00000000     0x6fd1
 .debug_line    0x00000000      0x7b8 build/semaphore1_app.o
 .debug_line    0x000007b8      0x93f build/esos.o
 .debug_line    0x000010f7      0x544 build/esos_cb.o
 .debug_line    0x0000163b      0x363 build/esos_utils.o
 .debug_line    0x0000199e      0xa4c build/esos_comm.o
 .debug_line    0x000023ea      0x477 build/esos_mail.o
 .debug_line    0x00002861      0x3fa build/esos_stm32l4_tick.o
 .debug_line    0x00002c5b      0x310 build/esos_stm32l4_utils.o
 .debug_line    0x00002f6b      0x4be build/esos_stm32l4_rs232.o
 .debug_line    0x00003429      0x3cd C:/MinGW/msys/1.0/libopencm3-master/libopencm3-master/lib\libopencm3_stm32l4.a(flash_common_all.o)
 .debug_line    0x000037f6      0x3e6 C:/MinGW/msys/1.0/libopencm3-master/libopencm3-master/lib\libopencm3_stm32l4.a(flash_common_idcache.o)
 .debug_line    0x00003bdc      0x443 C:/MinGW/msys/1.0/libopencm3-master/libopencm3-master/lib\libopencm3_stm32l4.a(gpio_common_all.o)
 .debug_line    0x0000401f      0x512 C:/MinGW/msys/1.0/libopencm3-master/libopencm3-master/lib\libopencm3_stm32l4.a(gpio_common_f0234.o)
 .debug_line    0x00004531      0x947 C:/MinGW/msys/1.0/libopencm3-master/libopencm3-master/lib\libopencm3_stm32l4.a(rcc.o)
 .debug_line    0x00004e78      0x44b C:/MinGW/msys/1.0/libopencm3-master/libopencm3-master/lib\libopencm3_stm32l4.a(rcc_common_all.o)
 .debug_line    0x000052c3      0x472 C:/MinGW/msys/1.0/libopencm3-master/libopencm3-master/lib\libopencm3_stm32l4.a(rng_common_v1.o)
 .debug_line    0x00005735      0x64f C:/MinGW/msys/1.0/libopencm3-master/libopencm3-master/lib\libopencm3_stm32l4.a(usart_common_all.o)
 .debug_line    0x00005d84      0x566 C:/MinGW/msys/1.0/libopencm3-master/libopencm3-master/lib\libopencm3_stm32l4.a(usart_common_v2.o)
 .debug_line    0x000062ea      0x4bf C:/MinGW/msys/1.0/libopencm3-master/libopencm3-master/lib\libopencm3_stm32l4.a(vector.o)
 .debug_line    0x000067a9      0x40c C:/MinGW/msys/1.0/libopencm3-master/libopencm3-master/lib\libopencm3_stm32l4.a(systick.o)
 .debug_line    0x00006bb5      0x41c C:/MinGW/msys/1.0/libopencm3-master/libopencm3-master/lib\libopencm3_stm32l4.a(nvic.o)

.debug_str      0x00000000    0x115ca
 .debug_str     0x00000000      0x4c6 build/semaphore1_app.o
                                0x57f (size before relaxing)
 .debug_str     0x000004c6      0x384 build/esos.o
                                0x759 (size before relaxing)
 .debug_str     0x0000084a      0x15f build/esos_cb.o
                                0x4bb (size before relaxing)
 .debug_str     0x000009a9       0xed build/esos_utils.o
                                0x46b (size before relaxing)
 .debug_str     0x00000a96      0x1bf build/esos_comm.o
                                0x61b (size before relaxing)
 .debug_str     0x00000c55       0xfa build/esos_mail.o
                                0x54d (size before relaxing)
 .debug_str     0x00000d4f      0x621 build/esos_stm32l4_tick.o
                                0xa38 (size before relaxing)
 .debug_str     0x00001370       0x62 build/esos_stm32l4_utils.o
                                0x45e (size before relaxing)
 .debug_str     0x000013d2      0x210 build/esos_stm32l4_rs232.o
                                0xab2 (size before relaxing)
 .debug_str     0x000015e2     0x5d73 C:/MinGW/msys/1.0/libopencm3-master/libopencm3-master/lib\libopencm3_stm32l4.a(flash_common_all.o)
                               0x5f05 (size before relaxing)
 .debug_str     0x00007355       0x71 C:/MinGW/msys/1.0/libopencm3-master/libopencm3-master/lib\libopencm3_stm32l4.a(flash_common_idcache.o)
                               0x5f27 (size before relaxing)
 .debug_str     0x000073c6     0x165b C:/MinGW/msys/1.0/libopencm3-master/libopencm3-master/lib\libopencm3_stm32l4.a(gpio_common_all.o)
                               0x65f4 (size before relaxing)
 .debug_str     0x00008a21       0x61 C:/MinGW/msys/1.0/libopencm3-master/libopencm3-master/lib\libopencm3_stm32l4.a(gpio_common_f0234.o)
                               0x6616 (size before relaxing)
 .debug_str     0x00008a82     0x3938 C:/MinGW/msys/1.0/libopencm3-master/libopencm3-master/lib\libopencm3_stm32l4.a(rcc.o)
                               0x898f (size before relaxing)
 .debug_str     0x0000c3ba      0x3b2 C:/MinGW/msys/1.0/libopencm3-master/libopencm3-master/lib\libopencm3_stm32l4.a(rcc_common_all.o)
                               0x8f66 (size before relaxing)
 .debug_str     0x0000c76c      0x19b C:/MinGW/msys/1.0/libopencm3-master/libopencm3-master/lib\libopencm3_stm32l4.a(rng_common_v1.o)
                               0x510c (size before relaxing)
 .debug_str     0x0000c907     0x1e17 C:/MinGW/msys/1.0/libopencm3-master/libopencm3-master/lib\libopencm3_stm32l4.a(usart_common_all.o)
                               0xa60b (size before relaxing)
 .debug_str     0x0000e71e      0x190 C:/MinGW/msys/1.0/libopencm3-master/libopencm3-master/lib\libopencm3_stm32l4.a(usart_common_v2.o)
                               0x6e3b (size before relaxing)
 .debug_str     0x0000e8ae     0x2968 C:/MinGW/msys/1.0/libopencm3-master/libopencm3-master/lib\libopencm3_stm32l4.a(vector.o)
                               0x6baa (size before relaxing)
 .debug_str     0x00011216      0x2f0 C:/MinGW/msys/1.0/libopencm3-master/libopencm3-master/lib\libopencm3_stm32l4.a(systick.o)
                               0x45ac (size before relaxing)
 .debug_str     0x00011506       0xc4 C:/MinGW/msys/1.0/libopencm3-master/libopencm3-master/lib\libopencm3_stm32l4.a(nvic.o)
                               0x5e7c (size before relaxing)

.comment        0x00000000       0x79
 .comment       0x00000000       0x79 build/semaphore1_app.o
                                 0x7a (size before relaxing)
 .comment       0x00000079       0x7a build/esos.o
 .comment       0x00000079       0x7a build/esos_cb.o
 .comment       0x00000079       0x7a build/esos_utils.o
 .comment       0x00000079       0x7a build/esos_comm.o
 .comment       0x00000079       0x7a build/esos_mail.o
 .comment       0x00000079       0x7a build/esos_stm32l4_tick.o
 .comment       0x00000079       0x7a build/esos_stm32l4_utils.o
 .comment       0x00000079       0x7a build/esos_stm32l4_rs232.o
 .comment       0x00000079       0x7a C:/MinGW/msys/1.0/libopencm3-master/libopencm3-master/lib\libopencm3_stm32l4.a(flash_common_all.o)
 .comment       0x00000079       0x7a C:/MinGW/msys/1.0/libopencm3-master/libopencm3-master/lib\libopencm3_stm32l4.a(flash_common_idcache.o)
 .comment       0x00000079       0x7a C:/MinGW/msys/1.0/libopencm3-master/libopencm3-master/lib\libopencm3_stm32l4.a(gpio_common_all.o)
 .comment       0x00000079       0x7a C:/MinGW/msys/1.0/libopencm3-master/libopencm3-master/lib\libopencm3_stm32l4.a(gpio_common_f0234.o)
 .comment       0x00000079       0x7a C:/MinGW/msys/1.0/libopencm3-master/libopencm3-master/lib\libopencm3_stm32l4.a(rcc.o)
 .comment       0x00000079       0x7a C:/MinGW/msys/1.0/libopencm3-master/libopencm3-master/lib\libopencm3_stm32l4.a(rcc_common_all.o)
 .comment       0x00000079       0x7a C:/MinGW/msys/1.0/libopencm3-master/libopencm3-master/lib\libopencm3_stm32l4.a(rng_common_v1.o)
 .comment       0x00000079       0x7a C:/MinGW/msys/1.0/libopencm3-master/libopencm3-master/lib\libopencm3_stm32l4.a(usart_common_all.o)
 .comment       0x00000079       0x7a C:/MinGW/msys/1.0/libopencm3-master/libopencm3-master/lib\libopencm3_stm32l4.a(usart_common_v2.o)
 .comment       0x00000079       0x7a C:/MinGW/msys/1.0/libopencm3-master/libopencm3-master/lib\libopencm3_stm32l4.a(vector.o)
 .comment       0x00000079       0x7a C:/MinGW/msys/1.0/libopencm3-master/libopencm3-master/lib\libopencm3_stm32l4.a(systick.o)
 .comment       0x00000079       0x7a C:/MinGW/msys/1.0/libopencm3-master/libopencm3-master/lib\libopencm3_stm32l4.a(nvic.o)

.ARM.attributes
                0x00000000       0x34
 .ARM.attributes
                0x00000000       0x34 build/semaphore1_app.o
 .ARM.attributes
                0x00000034       0x34 build/esos.o
 .ARM.attributes
                0x00000068       0x34 build/esos_cb.o
 .ARM.attributes
                0x0000009c       0x34 build/esos_utils.o
 .ARM.attributes
                0x000000d0       0x34 build/esos_comm.o
 .ARM.attributes
                0x00000104       0x34 build/esos_mail.o
 .ARM.attributes
                0x00000138       0x34 build/esos_stm32l4_tick.o
 .ARM.attributes
                0x0000016c       0x34 build/esos_stm32l4_utils.o
 .ARM.attributes
                0x000001a0       0x34 build/esos_stm32l4_rs232.o
 .ARM.attributes
                0x000001d4       0x34 C:/MinGW/msys/1.0/libopencm3-master/libopencm3-master/lib\libopencm3_stm32l4.a(flash_common_all.o)
 .ARM.attributes
                0x00000208       0x34 C:/MinGW/msys/1.0/libopencm3-master/libopencm3-master/lib\libopencm3_stm32l4.a(flash_common_idcache.o)
 .ARM.attributes
                0x0000023c       0x34 C:/MinGW/msys/1.0/libopencm3-master/libopencm3-master/lib\libopencm3_stm32l4.a(gpio_common_all.o)
 .ARM.attributes
                0x00000270       0x34 C:/MinGW/msys/1.0/libopencm3-master/libopencm3-master/lib\libopencm3_stm32l4.a(gpio_common_f0234.o)
 .ARM.attributes
                0x000002a4       0x34 C:/MinGW/msys/1.0/libopencm3-master/libopencm3-master/lib\libopencm3_stm32l4.a(rcc.o)
 .ARM.attributes
                0x000002d8       0x34 C:/MinGW/msys/1.0/libopencm3-master/libopencm3-master/lib\libopencm3_stm32l4.a(rcc_common_all.o)
 .ARM.attributes
                0x0000030c       0x34 C:/MinGW/msys/1.0/libopencm3-master/libopencm3-master/lib\libopencm3_stm32l4.a(rng_common_v1.o)
 .ARM.attributes
                0x00000340       0x34 C:/MinGW/msys/1.0/libopencm3-master/libopencm3-master/lib\libopencm3_stm32l4.a(usart_common_all.o)
 .ARM.attributes
                0x00000374       0x34 C:/MinGW/msys/1.0/libopencm3-master/libopencm3-master/lib\libopencm3_stm32l4.a(usart_common_v2.o)
 .ARM.attributes
                0x000003a8       0x34 C:/MinGW/msys/1.0/libopencm3-master/libopencm3-master/lib\libopencm3_stm32l4.a(vector.o)
 .ARM.attributes
                0x000003dc       0x34 C:/MinGW/msys/1.0/libopencm3-master/libopencm3-master/lib\libopencm3_stm32l4.a(systick.o)
 .ARM.attributes
                0x00000410       0x34 C:/MinGW/msys/1.0/libopencm3-master/libopencm3-master/lib\libopencm3_stm32l4.a(nvic.o)

.debug_frame    0x00000000     0x1158
 .debug_frame   0x00000000       0xc4 build/semaphore1_app.o
 .debug_frame   0x000000c4      0x1a4 build/esos.o
 .debug_frame   0x00000268      0x160 build/esos_cb.o
 .debug_frame   0x000003c8       0x98 build/esos_utils.o
 .debug_frame   0x00000460      0x1b0 build/esos_comm.o
 .debug_frame   0x00000610       0x7c build/esos_mail.o
 .debug_frame   0x0000068c       0x7c build/esos_stm32l4_tick.o
 .debug_frame   0x00000708       0x58 build/esos_stm32l4_utils.o
 .debug_frame   0x00000760       0xc4 build/esos_stm32l4_rs232.o
 .debug_frame   0x00000824       0x50 C:/MinGW/msys/1.0/libopencm3-master/libopencm3-master/lib\libopencm3_stm32l4.a(flash_common_all.o)
 .debug_frame   0x00000874       0x70 C:/MinGW/msys/1.0/libopencm3-master/libopencm3-master/lib\libopencm3_stm32l4.a(flash_common_idcache.o)
 .debug_frame   0x000008e4       0x80 C:/MinGW/msys/1.0/libopencm3-master/libopencm3-master/lib\libopencm3_stm32l4.a(gpio_common_all.o)
 .debug_frame   0x00000964       0x70 C:/MinGW/msys/1.0/libopencm3-master/libopencm3-master/lib\libopencm3_stm32l4.a(gpio_common_f0234.o)
 .debug_frame   0x000009d4      0x1d0 C:/MinGW/msys/1.0/libopencm3-master/libopencm3-master/lib\libopencm3_stm32l4.a(rcc.o)
 .debug_frame   0x00000ba4       0xd0 C:/MinGW/msys/1.0/libopencm3-master/libopencm3-master/lib\libopencm3_stm32l4.a(rcc_common_all.o)
 .debug_frame   0x00000c74       0x7c C:/MinGW/msys/1.0/libopencm3-master/libopencm3-master/lib\libopencm3_stm32l4.a(rng_common_v1.o)
 .debug_frame   0x00000cf0      0x174 C:/MinGW/msys/1.0/libopencm3-master/libopencm3-master/lib\libopencm3_stm32l4.a(usart_common_all.o)
 .debug_frame   0x00000e64      0x130 C:/MinGW/msys/1.0/libopencm3-master/libopencm3-master/lib\libopencm3_stm32l4.a(usart_common_v2.o)
 .debug_frame   0x00000f94       0x4c C:/MinGW/msys/1.0/libopencm3-master/libopencm3-master/lib\libopencm3_stm32l4.a(vector.o)
 .debug_frame   0x00000fe0       0xd8 C:/MinGW/msys/1.0/libopencm3-master/libopencm3-master/lib\libopencm3_stm32l4.a(systick.o)
 .debug_frame   0x000010b8       0xa0 C:/MinGW/msys/1.0/libopencm3-master/libopencm3-master/lib\libopencm3_stm32l4.a(nvic.o)

.debug_macro    0x00000000     0x4171
 .debug_macro   0x00000000       0xc8 C:/MinGW/msys/1.0/libopencm3-master/libopencm3-master/lib\libopencm3_stm32l4.a(flash_common_all.o)
 .debug_macro   0x000000c8      0xa9c C:/MinGW/msys/1.0/libopencm3-master/libopencm3-master/lib\libopencm3_stm32l4.a(flash_common_all.o)
 .debug_macro   0x00000b64       0x1c C:/MinGW/msys/1.0/libopencm3-master/libopencm3-master/lib\libopencm3_stm32l4.a(flash_common_all.o)
 .debug_macro   0x00000b80       0x22 C:/MinGW/msys/1.0/libopencm3-master/libopencm3-master/lib\libopencm3_stm32l4.a(flash_common_all.o)
 .debug_macro   0x00000ba2       0x56 C:/MinGW/msys/1.0/libopencm3-master/libopencm3-master/lib\libopencm3_stm32l4.a(flash_common_all.o)
 .debug_macro   0x00000bf8       0x51 C:/MinGW/msys/1.0/libopencm3-master/libopencm3-master/lib\libopencm3_stm32l4.a(flash_common_all.o)
 .debug_macro   0x00000c49       0xef C:/MinGW/msys/1.0/libopencm3-master/libopencm3-master/lib\libopencm3_stm32l4.a(flash_common_all.o)
 .debug_macro   0x00000d38       0x6a C:/MinGW/msys/1.0/libopencm3-master/libopencm3-master/lib\libopencm3_stm32l4.a(flash_common_all.o)
 .debug_macro   0x00000da2      0x1df C:/MinGW/msys/1.0/libopencm3-master/libopencm3-master/lib\libopencm3_stm32l4.a(flash_common_all.o)
 .debug_macro   0x00000f81       0x22 C:/MinGW/msys/1.0/libopencm3-master/libopencm3-master/lib\libopencm3_stm32l4.a(flash_common_all.o)
 .debug_macro   0x00000fa3       0xe8 C:/MinGW/msys/1.0/libopencm3-master/libopencm3-master/lib\libopencm3_stm32l4.a(flash_common_all.o)
 .debug_macro   0x0000108b       0x76 C:/MinGW/msys/1.0/libopencm3-master/libopencm3-master/lib\libopencm3_stm32l4.a(flash_common_all.o)
 .debug_macro   0x00001101      0x1fc C:/MinGW/msys/1.0/libopencm3-master/libopencm3-master/lib\libopencm3_stm32l4.a(flash_common_all.o)
 .debug_macro   0x000012fd       0x1c C:/MinGW/msys/1.0/libopencm3-master/libopencm3-master/lib\libopencm3_stm32l4.a(flash_common_all.o)
 .debug_macro   0x00001319      0x2f3 C:/MinGW/msys/1.0/libopencm3-master/libopencm3-master/lib\libopencm3_stm32l4.a(flash_common_all.o)
 .debug_macro   0x0000160c       0xc8 C:/MinGW/msys/1.0/libopencm3-master/libopencm3-master/lib\libopencm3_stm32l4.a(flash_common_idcache.o)
 .debug_macro   0x000016d4       0xd6 C:/MinGW/msys/1.0/libopencm3-master/libopencm3-master/lib\libopencm3_stm32l4.a(gpio_common_all.o)
 .debug_macro   0x000017aa       0x76 C:/MinGW/msys/1.0/libopencm3-master/libopencm3-master/lib\libopencm3_stm32l4.a(gpio_common_all.o)
 .debug_macro   0x00001820      0x2e6 C:/MinGW/msys/1.0/libopencm3-master/libopencm3-master/lib\libopencm3_stm32l4.a(gpio_common_all.o)
 .debug_macro   0x00001b06      0x14e C:/MinGW/msys/1.0/libopencm3-master/libopencm3-master/lib\libopencm3_stm32l4.a(gpio_common_all.o)
 .debug_macro   0x00001c54       0x88 C:/MinGW/msys/1.0/libopencm3-master/libopencm3-master/lib\libopencm3_stm32l4.a(gpio_common_all.o)
 .debug_macro   0x00001cdc       0xd6 C:/MinGW/msys/1.0/libopencm3-master/libopencm3-master/lib\libopencm3_stm32l4.a(gpio_common_f0234.o)
 .debug_macro   0x00001db2       0xb4 C:/MinGW/msys/1.0/libopencm3-master/libopencm3-master/lib\libopencm3_stm32l4.a(rcc.o)
 .debug_macro   0x00001e66      0xce0 C:/MinGW/msys/1.0/libopencm3-master/libopencm3-master/lib\libopencm3_stm32l4.a(rcc.o)
 .debug_macro   0x00002b46       0xce C:/MinGW/msys/1.0/libopencm3-master/libopencm3-master/lib\libopencm3_stm32l4.a(rcc_common_all.o)
 .debug_macro   0x00002c14       0xb3 C:/MinGW/msys/1.0/libopencm3-master/libopencm3-master/lib\libopencm3_stm32l4.a(rng_common_v1.o)
 .debug_macro   0x00002cc7       0x46 C:/MinGW/msys/1.0/libopencm3-master/libopencm3-master/lib\libopencm3_stm32l4.a(rng_common_v1.o)
 .debug_macro   0x00002d0d       0xd9 C:/MinGW/msys/1.0/libopencm3-master/libopencm3-master/lib\libopencm3_stm32l4.a(usart_common_all.o)
 .debug_macro   0x00002de6       0x94 C:/MinGW/msys/1.0/libopencm3-master/libopencm3-master/lib\libopencm3_stm32l4.a(usart_common_all.o)
 .debug_macro   0x00002e7a      0x55b C:/MinGW/msys/1.0/libopencm3-master/libopencm3-master/lib\libopencm3_stm32l4.a(usart_common_all.o)
 .debug_macro   0x000033d5       0x28 C:/MinGW/msys/1.0/libopencm3-master/libopencm3-master/lib\libopencm3_stm32l4.a(usart_common_all.o)
 .debug_macro   0x000033fd       0xc1 C:/MinGW/msys/1.0/libopencm3-master/libopencm3-master/lib\libopencm3_stm32l4.a(usart_common_v2.o)
 .debug_macro   0x000034be       0xd3 C:/MinGW/msys/1.0/libopencm3-master/libopencm3-master/lib\libopencm3_stm32l4.a(vector.o)
 .debug_macro   0x00003591      0x395 C:/MinGW/msys/1.0/libopencm3-master/libopencm3-master/lib\libopencm3_stm32l4.a(vector.o)
 .debug_macro   0x00003926       0x6e C:/MinGW/msys/1.0/libopencm3-master/libopencm3-master/lib\libopencm3_stm32l4.a(vector.o)
 .debug_macro   0x00003994      0x22c C:/MinGW/msys/1.0/libopencm3-master/libopencm3-master/lib\libopencm3_stm32l4.a(vector.o)
 .debug_macro   0x00003bc0       0x92 C:/MinGW/msys/1.0/libopencm3-master/libopencm3-master/lib\libopencm3_stm32l4.a(systick.o)
 .debug_macro   0x00003c52       0x69 C:/MinGW/msys/1.0/libopencm3-master/libopencm3-master/lib\libopencm3_stm32l4.a(systick.o)
 .debug_macro   0x00003cbb       0xb3 C:/MinGW/msys/1.0/libopencm3-master/libopencm3-master/lib\libopencm3_stm32l4.a(nvic.o)
 .debug_macro   0x00003d6e       0x68 C:/MinGW/msys/1.0/libopencm3-master/libopencm3-master/lib\libopencm3_stm32l4.a(nvic.o)
 .debug_macro   0x00003dd6      0x39b C:/MinGW/msys/1.0/libopencm3-master/libopencm3-master/lib\libopencm3_stm32l4.a(nvic.o)

Cross Reference Table

Symbol                                            File
Default_Handler                                   build/esos_stm32l4_tick.o
Error_Handler                                     build/esos_stm32l4_tick.o
__astChildTaskPool                                build/esos.o
__astCircularBuffers                              build/esos.o
__astMailbox                                      build/esos.o
__astTmrSvcs                                      build/esos.o
__astUserTaskPool                                 build/esos.o
__au8UserTaskStructIndex                          build/esos.o
__au8_MBData                                      build/esos.o
__esosInit                                        build/esos.o
__esos_CB_Init                                    build/esos_cb.o
                                                  build/esos_mail.o
                                                  build/esos_comm.o
__esos_CB_OverwriteUINT8                          build/esos_cb.o
                                                  build/esos_stm32l4_rs232.o
__esos_CB_ReadUINT16                              build/esos_cb.o
                                                  build/esos_mail.o
__esos_CB_ReadUINT32                              build/esos_cb.o
                                                  build/esos_mail.o
__esos_CB_ReadUINT8                               build/esos_cb.o
                                                  build/esos_stm32l4_rs232.o
                                                  build/esos_mail.o
                                                  build/esos_comm.o
__esos_CB_ReadUINT8Buffer                         build/esos_cb.o
__esos_CB_WriteUINT16                             build/esos_cb.o
                                                  build/esos_mail.o
__esos_CB_WriteUINT32                             build/esos_cb.o
                                                  build/esos_mail.o
__esos_CB_WriteUINT8                              build/esos_cb.o
                                                  build/esos_mail.o
                                                  build/esos_comm.o
__esos_CB_WriteUINT8Buffer                        build/esos_cb.o
                                                  build/esos_comm.o
__esos_InitCommSystem                             build/esos_comm.o
                                                  build/esos.o
__esos_InitMailbox                                build/esos_mail.o
                                                  build/esos.o
__esos_OutChar                                    build/esos_comm.o
__esos_OutCharBuffer                              build/esos_comm.o
__esos_OutString                                  build/esos_comm.o
                                                  build/semaphore1_app.o
__esos_OutUint32AsHexString                       build/esos_comm.o
__esos_OutUint8AsDecString                        build/esos_comm.o
                                                  build/semaphore1_app.o
__esos_OutUint8AsHexString                        build/esos_comm.o
                                                  build/semaphore1_app.o
__esos_ReadMailMessage                            build/esos_mail.o
__esos_SendMailMessage                            build/esos_mail.o
__esos_comm_rx_buff                               build/esos_comm.o
__esos_comm_tx_buff                               build/esos_comm.o
__esos_configUART1                                build/esos_stm32l4_rs232.o
__esos_getBuffer                                  build/esos_comm.o
__esos_getString                                  build/esos_comm.o
__esos_get_PRNG_RandomUint32                      build/esos_utils.o
                                                  build/esos_stm32l4_utils.o
__esos_hasTickDurationPassed                      build/esos.o
                                                  build/semaphore1_app.o
__esos_hw_GetSystemTickCount                      build/esos_stm32l4_tick.o
                                                  build/esos_mail.o
                                                  build/esos.o
                                                  build/semaphore1_app.o
__esos_hw_InitCommSystem                          build/esos_stm32l4_rs232.o
                                                  build/esos_comm.o
__esos_hw_InitSystemTick                          build/esos_stm32l4_tick.o
                                                  build/esos.o
__esos_hw_PRNG_u32                                build/esos_stm32l4_utils.o
                                                  build/esos_utils.o
__esos_hw_config_PRNG                             build/esos_stm32l4_utils.o
                                                  build/esos.o
__esos_hw_set_PRNG_Seed                           build/esos_stm32l4_utils.o
__esos_hw_signal_start_tx                         build/esos_stm32l4_rs232.o
                                                  build/esos_comm.o
__esos_hw_signal_stop_tx                          build/esos_stm32l4_rs232.o
__esos_set_PRNG_U32Seed                           build/esos_utils.o
                                                  build/esos.o
__esos_tmrSvcsExecute                             build/esos.o
                                                  build/esos_stm32l4_tick.o
__esos_u32FNVHash                                 build/esos_utils.o
__esos_u32SystemFlags                             build/esos.o
                                                  build/esos_stm32l4_rs232.o
                                                  build/semaphore1_app.o
__esos_u32TmrActiveFlags                          build/esos.o
__esos_u32UserFlags                               build/esos.o
__esos_u8TmrSvcsRegistered                        build/esos.o
__esos_u8_GetLSBHexCharFromUint8                  build/esos_comm.o
__esos_u8_GetMSBHexCharFromUint8                  build/esos_comm.o
__esos_unsafe_GetUint8                            build/esos_comm.o
__esos_unsafe_PutString                           build/esos_comm.o
                                                  build/semaphore1_app.o
__esos_unsafe_PutUint8                            build/esos_comm.o
__fini_array_end                                  C:/MinGW/msys/1.0/libopencm3-master/libopencm3-master/lib\libopencm3_stm32l4.a(vector.o)
__fini_array_start                                C:/MinGW/msys/1.0/libopencm3-master/libopencm3-master/lib\libopencm3_stm32l4.a(vector.o)
__init_array_end                                  C:/MinGW/msys/1.0/libopencm3-master/libopencm3-master/lib\libopencm3_stm32l4.a(vector.o)
__init_array_start                                C:/MinGW/msys/1.0/libopencm3-master/libopencm3-master/lib\libopencm3_stm32l4.a(vector.o)
__preinit_array_end                               C:/MinGW/msys/1.0/libopencm3-master/libopencm3-master/lib\libopencm3_stm32l4.a(vector.o)
__preinit_array_start                             C:/MinGW/msys/1.0/libopencm3-master/libopencm3-master/lib\libopencm3_stm32l4.a(vector.o)
__pst_CB_Rx                                       build/esos_comm.o
                                                  build/esos_stm32l4_rs232.o
__pst_CB_Tx                                       build/esos_comm.o
                                                  build/esos_stm32l4_rs232.o
__stChildTaskRx                                   build/esos_comm.o
__stChildTaskTx                                   build/esos_comm.o
                                                  build/semaphore1_app.o
__st_CB_Rx                                        build/esos_comm.o
__st_CB_Tx                                        build/esos_comm.o
__u16NumTasksEverCreated                          build/esos.o
__u32_esos_PRNG_Seed                              build/esos_utils.o
__u8ChildTasksRegistered                          build/esos.o
__u8UserTasksRegistered                           build/esos.o
__u8_esos_mail_routines_dummy_uint8               build/esos_mail.o
__user_init_hw                                    build/semaphore1_app.o
_data                                             C:/MinGW/msys/1.0/libopencm3-master/libopencm3-master/lib\libopencm3_stm32l4.a(vector.o)
_data_loadaddr                                    C:/MinGW/msys/1.0/libopencm3-master/libopencm3-master/lib\libopencm3_stm32l4.a(vector.o)
_ebss                                             C:/MinGW/msys/1.0/libopencm3-master/libopencm3-master/lib\libopencm3_stm32l4.a(vector.o)
_edata                                            C:/MinGW/msys/1.0/libopencm3-master/libopencm3-master/lib\libopencm3_stm32l4.a(vector.o)
_esos_hw_GetSerialUartVersion                     build/esos_stm32l4_rs232.o
_stack                                            C:/MinGW/msys/1.0/libopencm3-master/libopencm3-master/lib\libopencm3_stm32l4.a(vector.o)
adc1_2_isr                                        C:/MinGW/msys/1.0/libopencm3-master/libopencm3-master/lib\libopencm3_stm32l4.a(vector.o)
adc3_isr                                          C:/MinGW/msys/1.0/libopencm3-master/libopencm3-master/lib\libopencm3_stm32l4.a(vector.o)
aes_isr                                           C:/MinGW/msys/1.0/libopencm3-master/libopencm3-master/lib\libopencm3_stm32l4.a(vector.o)
blocking_handler                                  C:/MinGW/msys/1.0/libopencm3-master/libopencm3-master/lib\libopencm3_stm32l4.a(vector.o)
bus_fault_handler                                 C:/MinGW/msys/1.0/libopencm3-master/libopencm3-master/lib\libopencm3_stm32l4.a(vector.o)
can1_rx0_isr                                      C:/MinGW/msys/1.0/libopencm3-master/libopencm3-master/lib\libopencm3_stm32l4.a(vector.o)
can1_rx1_isr                                      C:/MinGW/msys/1.0/libopencm3-master/libopencm3-master/lib\libopencm3_stm32l4.a(vector.o)
can1_sce_isr                                      C:/MinGW/msys/1.0/libopencm3-master/libopencm3-master/lib\libopencm3_stm32l4.a(vector.o)
can1_tx_isr                                       C:/MinGW/msys/1.0/libopencm3-master/libopencm3-master/lib\libopencm3_stm32l4.a(vector.o)
can2_rx0_isr                                      C:/MinGW/msys/1.0/libopencm3-master/libopencm3-master/lib\libopencm3_stm32l4.a(vector.o)
can2_rx1_isr                                      C:/MinGW/msys/1.0/libopencm3-master/libopencm3-master/lib\libopencm3_stm32l4.a(vector.o)
can2_sce_isr                                      C:/MinGW/msys/1.0/libopencm3-master/libopencm3-master/lib\libopencm3_stm32l4.a(vector.o)
can2_tx_isr                                       C:/MinGW/msys/1.0/libopencm3-master/libopencm3-master/lib\libopencm3_stm32l4.a(vector.o)
comp_isr                                          C:/MinGW/msys/1.0/libopencm3-master/libopencm3-master/lib\libopencm3_stm32l4.a(vector.o)
count                                             build/esos_stm32l4_tick.o
dcmi_isr                                          C:/MinGW/msys/1.0/libopencm3-master/libopencm3-master/lib\libopencm3_stm32l4.a(vector.o)
debug_monitor_handler                             C:/MinGW/msys/1.0/libopencm3-master/libopencm3-master/lib\libopencm3_stm32l4.a(vector.o)
dfsdm0_isr                                        C:/MinGW/msys/1.0/libopencm3-master/libopencm3-master/lib\libopencm3_stm32l4.a(vector.o)
dfsdm1_isr                                        C:/MinGW/msys/1.0/libopencm3-master/libopencm3-master/lib\libopencm3_stm32l4.a(vector.o)
dfsdm2_isr                                        C:/MinGW/msys/1.0/libopencm3-master/libopencm3-master/lib\libopencm3_stm32l4.a(vector.o)
dfsdm3_isr                                        C:/MinGW/msys/1.0/libopencm3-master/libopencm3-master/lib\libopencm3_stm32l4.a(vector.o)
dma1_channel1_isr                                 C:/MinGW/msys/1.0/libopencm3-master/libopencm3-master/lib\libopencm3_stm32l4.a(vector.o)
dma1_channel2_isr                                 C:/MinGW/msys/1.0/libopencm3-master/libopencm3-master/lib\libopencm3_stm32l4.a(vector.o)
dma1_channel3_isr                                 C:/MinGW/msys/1.0/libopencm3-master/libopencm3-master/lib\libopencm3_stm32l4.a(vector.o)
dma1_channel4_isr                                 C:/MinGW/msys/1.0/libopencm3-master/libopencm3-master/lib\libopencm3_stm32l4.a(vector.o)
dma1_channel5_isr                                 C:/MinGW/msys/1.0/libopencm3-master/libopencm3-master/lib\libopencm3_stm32l4.a(vector.o)
dma1_channel6_isr                                 C:/MinGW/msys/1.0/libopencm3-master/libopencm3-master/lib\libopencm3_stm32l4.a(vector.o)
dma1_channel7_isr                                 C:/MinGW/msys/1.0/libopencm3-master/libopencm3-master/lib\libopencm3_stm32l4.a(vector.o)
dma2_channel1_isr                                 C:/MinGW/msys/1.0/libopencm3-master/libopencm3-master/lib\libopencm3_stm32l4.a(vector.o)
dma2_channel2_isr                                 C:/MinGW/msys/1.0/libopencm3-master/libopencm3-master/lib\libopencm3_stm32l4.a(vector.o)
dma2_channel3_isr                                 C:/MinGW/msys/1.0/libopencm3-master/libopencm3-master/lib\libopencm3_stm32l4.a(vector.o)
dma2_channel4_isr                                 C:/MinGW/msys/1.0/libopencm3-master/libopencm3-master/lib\libopencm3_stm32l4.a(vector.o)
dma2_channel5_isr                                 C:/MinGW/msys/1.0/libopencm3-master/libopencm3-master/lib\libopencm3_stm32l4.a(vector.o)
dma2_channel6_isr                                 C:/MinGW/msys/1.0/libopencm3-master/libopencm3-master/lib\libopencm3_stm32l4.a(vector.o)
dma2_channel7_isr                                 C:/MinGW/msys/1.0/libopencm3-master/libopencm3-master/lib\libopencm3_stm32l4.a(vector.o)
dma2d_isr                                         C:/MinGW/msys/1.0/libopencm3-master/libopencm3-master/lib\libopencm3_stm32l4.a(vector.o)
esos_ChangeTimerPeriod                            build/esos.o
esos_GetCommSystemMaxInDataLen                    build/esos_stm32l4_rs232.o
esos_GetCommSystemMaxOutDataLen                   build/esos_stm32l4_rs232.o
esos_GetFreeChildTaskStruct                       build/esos.o
esos_GetMaxNumberTasks                            build/esos.o
esos_GetRandomUint32                              build/esos_utils.o
                                                  build/semaphore1_app.o
esos_GetTaskHandle                                build/esos.o
esos_GetTaskHandleFromID                          build/esos.o
                                                  build/esos_mail.o
esos_GetTimerHandle                               build/esos.o
esos_RegisterTask                                 build/esos.o
                                                  build/semaphore1_app.o
esos_RegisterTimer                                build/esos.o
esos_UnregisterTask                               build/esos.o
esos_UnregisterTimer                              build/esos.o
esos_buffer_hash_u32                              build/esos_utils.o
esos_hash_u32_to_u16                              build/esos_utils.o
esos_string_hash_u32                              build/esos_utils.o
esos_taskname_hash_u16                            build/esos_utils.o
esos_tick_count                                   build/esos_stm32l4_tick.o
exti0_isr                                         C:/MinGW/msys/1.0/libopencm3-master/libopencm3-master/lib\libopencm3_stm32l4.a(vector.o)
exti15_10_isr                                     C:/MinGW/msys/1.0/libopencm3-master/libopencm3-master/lib\libopencm3_stm32l4.a(vector.o)
exti1_isr                                         C:/MinGW/msys/1.0/libopencm3-master/libopencm3-master/lib\libopencm3_stm32l4.a(vector.o)
exti2_isr                                         C:/MinGW/msys/1.0/libopencm3-master/libopencm3-master/lib\libopencm3_stm32l4.a(vector.o)
exti3_isr                                         C:/MinGW/msys/1.0/libopencm3-master/libopencm3-master/lib\libopencm3_stm32l4.a(vector.o)
exti4_isr                                         C:/MinGW/msys/1.0/libopencm3-master/libopencm3-master/lib\libopencm3_stm32l4.a(vector.o)
exti9_5_isr                                       C:/MinGW/msys/1.0/libopencm3-master/libopencm3-master/lib\libopencm3_stm32l4.a(vector.o)
flash_dcache_disable                              C:/MinGW/msys/1.0/libopencm3-master/libopencm3-master/lib\libopencm3_stm32l4.a(flash_common_idcache.o)
flash_dcache_enable                               C:/MinGW/msys/1.0/libopencm3-master/libopencm3-master/lib\libopencm3_stm32l4.a(flash_common_idcache.o)
                                                  build/esos_stm32l4_tick.o
flash_dcache_reset                                C:/MinGW/msys/1.0/libopencm3-master/libopencm3-master/lib\libopencm3_stm32l4.a(flash_common_idcache.o)
flash_icache_disable                              C:/MinGW/msys/1.0/libopencm3-master/libopencm3-master/lib\libopencm3_stm32l4.a(flash_common_idcache.o)
flash_icache_enable                               C:/MinGW/msys/1.0/libopencm3-master/libopencm3-master/lib\libopencm3_stm32l4.a(flash_common_idcache.o)
                                                  build/esos_stm32l4_tick.o
flash_icache_reset                                C:/MinGW/msys/1.0/libopencm3-master/libopencm3-master/lib\libopencm3_stm32l4.a(flash_common_idcache.o)
flash_isr                                         C:/MinGW/msys/1.0/libopencm3-master/libopencm3-master/lib\libopencm3_stm32l4.a(vector.o)
flash_prefetch_disable                            C:/MinGW/msys/1.0/libopencm3-master/libopencm3-master/lib\libopencm3_stm32l4.a(flash_common_all.o)
flash_prefetch_enable                             C:/MinGW/msys/1.0/libopencm3-master/libopencm3-master/lib\libopencm3_stm32l4.a(flash_common_all.o)
                                                  build/esos_stm32l4_tick.o
flash_set_ws                                      C:/MinGW/msys/1.0/libopencm3-master/libopencm3-master/lib\libopencm3_stm32l4.a(flash_common_all.o)
                                                  build/esos_stm32l4_tick.o
flash_unlock_option_bytes                         C:/MinGW/msys/1.0/libopencm3-master/libopencm3-master/lib\libopencm3_stm32l4.a(flash_common_all.o)
fmc_isr                                           C:/MinGW/msys/1.0/libopencm3-master/libopencm3-master/lib\libopencm3_stm32l4.a(vector.o)
fpu_isr                                           C:/MinGW/msys/1.0/libopencm3-master/libopencm3-master/lib\libopencm3_stm32l4.a(vector.o)
getRandomDelay                                    build/semaphore1_app.o
gpio_clear                                        C:/MinGW/msys/1.0/libopencm3-master/libopencm3-master/lib\libopencm3_stm32l4.a(gpio_common_all.o)
gpio_get                                          C:/MinGW/msys/1.0/libopencm3-master/libopencm3-master/lib\libopencm3_stm32l4.a(gpio_common_all.o)
                                                  build/semaphore1_app.o
gpio_mode_setup                                   C:/MinGW/msys/1.0/libopencm3-master/libopencm3-master/lib\libopencm3_stm32l4.a(gpio_common_f0234.o)
                                                  build/esos_stm32l4_rs232.o
                                                  build/semaphore1_app.o
gpio_port_config_lock                             C:/MinGW/msys/1.0/libopencm3-master/libopencm3-master/lib\libopencm3_stm32l4.a(gpio_common_all.o)
gpio_port_read                                    C:/MinGW/msys/1.0/libopencm3-master/libopencm3-master/lib\libopencm3_stm32l4.a(gpio_common_all.o)
gpio_port_write                                   C:/MinGW/msys/1.0/libopencm3-master/libopencm3-master/lib\libopencm3_stm32l4.a(gpio_common_all.o)
gpio_set                                          C:/MinGW/msys/1.0/libopencm3-master/libopencm3-master/lib\libopencm3_stm32l4.a(gpio_common_all.o)
gpio_set_af                                       C:/MinGW/msys/1.0/libopencm3-master/libopencm3-master/lib\libopencm3_stm32l4.a(gpio_common_f0234.o)
                                                  build/esos_stm32l4_rs232.o
gpio_set_output_options                           C:/MinGW/msys/1.0/libopencm3-master/libopencm3-master/lib\libopencm3_stm32l4.a(gpio_common_f0234.o)
                                                  build/esos_stm32l4_rs232.o
gpio_toggle                                       C:/MinGW/msys/1.0/libopencm3-master/libopencm3-master/lib\libopencm3_stm32l4.a(gpio_common_all.o)
                                                  build/semaphore1_app.o
hard_fault_handler                                C:/MinGW/msys/1.0/libopencm3-master/libopencm3-master/lib\libopencm3_stm32l4.a(vector.o)
hash_crs_isr                                      C:/MinGW/msys/1.0/libopencm3-master/libopencm3-master/lib\libopencm3_stm32l4.a(vector.o)
i2c1_er_isr                                       C:/MinGW/msys/1.0/libopencm3-master/libopencm3-master/lib\libopencm3_stm32l4.a(vector.o)
i2c1_ev_isr                                       C:/MinGW/msys/1.0/libopencm3-master/libopencm3-master/lib\libopencm3_stm32l4.a(vector.o)
i2c2_er_isr                                       C:/MinGW/msys/1.0/libopencm3-master/libopencm3-master/lib\libopencm3_stm32l4.a(vector.o)
i2c2_ev_isr                                       C:/MinGW/msys/1.0/libopencm3-master/libopencm3-master/lib\libopencm3_stm32l4.a(vector.o)
i2c3_er_isr                                       C:/MinGW/msys/1.0/libopencm3-master/libopencm3-master/lib\libopencm3_stm32l4.a(vector.o)
i2c3_ev_isr                                       C:/MinGW/msys/1.0/libopencm3-master/libopencm3-master/lib\libopencm3_stm32l4.a(vector.o)
i2c4_er_isr                                       C:/MinGW/msys/1.0/libopencm3-master/libopencm3-master/lib\libopencm3_stm32l4.a(vector.o)
i2c4_ev_isr                                       C:/MinGW/msys/1.0/libopencm3-master/libopencm3-master/lib\libopencm3_stm32l4.a(vector.o)
lcd_isr                                           C:/MinGW/msys/1.0/libopencm3-master/libopencm3-master/lib\libopencm3_stm32l4.a(vector.o)
lptim1_isr                                        C:/MinGW/msys/1.0/libopencm3-master/libopencm3-master/lib\libopencm3_stm32l4.a(vector.o)
lptim2_isr                                        C:/MinGW/msys/1.0/libopencm3-master/libopencm3-master/lib\libopencm3_stm32l4.a(vector.o)
lpuart1_isr                                       C:/MinGW/msys/1.0/libopencm3-master/libopencm3-master/lib\libopencm3_stm32l4.a(vector.o)
main                                              build/esos.o
                                                  C:/MinGW/msys/1.0/libopencm3-master/libopencm3-master/lib\libopencm3_stm32l4.a(vector.o)
mem_manage_handler                                C:/MinGW/msys/1.0/libopencm3-master/libopencm3-master/lib\libopencm3_stm32l4.a(vector.o)
nmi_handler                                       C:/MinGW/msys/1.0/libopencm3-master/libopencm3-master/lib\libopencm3_stm32l4.a(vector.o)
null_handler                                      C:/MinGW/msys/1.0/libopencm3-master/libopencm3-master/lib\libopencm3_stm32l4.a(vector.o)
nvic_clear_pending_irq                            C:/MinGW/msys/1.0/libopencm3-master/libopencm3-master/lib\libopencm3_stm32l4.a(nvic.o)
nvic_disable_irq                                  C:/MinGW/msys/1.0/libopencm3-master/libopencm3-master/lib\libopencm3_stm32l4.a(nvic.o)
nvic_enable_irq                                   C:/MinGW/msys/1.0/libopencm3-master/libopencm3-master/lib\libopencm3_stm32l4.a(nvic.o)
                                                  build/esos_stm32l4_rs232.o
nvic_generate_software_interrupt                  C:/MinGW/msys/1.0/libopencm3-master/libopencm3-master/lib\libopencm3_stm32l4.a(nvic.o)
nvic_get_active_irq                               C:/MinGW/msys/1.0/libopencm3-master/libopencm3-master/lib\libopencm3_stm32l4.a(nvic.o)
nvic_get_irq_enabled                              C:/MinGW/msys/1.0/libopencm3-master/libopencm3-master/lib\libopencm3_stm32l4.a(nvic.o)
nvic_get_pending_irq                              C:/MinGW/msys/1.0/libopencm3-master/libopencm3-master/lib\libopencm3_stm32l4.a(nvic.o)
nvic_set_pending_irq                              C:/MinGW/msys/1.0/libopencm3-master/libopencm3-master/lib\libopencm3_stm32l4.a(nvic.o)
nvic_set_priority                                 C:/MinGW/msys/1.0/libopencm3-master/libopencm3-master/lib\libopencm3_stm32l4.a(nvic.o)
otg_fs_isr                                        C:/MinGW/msys/1.0/libopencm3-master/libopencm3-master/lib\libopencm3_stm32l4.a(vector.o)
pend_sv_handler                                   C:/MinGW/msys/1.0/libopencm3-master/libopencm3-master/lib\libopencm3_stm32l4.a(vector.o)
psz_CRNL                                          build/semaphore1_app.o
psz_T1                                            build/semaphore1_app.o
psz_T2                                            build/semaphore1_app.o
pvd_pvm_isr                                       C:/MinGW/msys/1.0/libopencm3-master/libopencm3-master/lib\libopencm3_stm32l4.a(vector.o)
quadspi_isr                                       C:/MinGW/msys/1.0/libopencm3-master/libopencm3-master/lib\libopencm3_stm32l4.a(vector.o)
rcc_ahb_frequency                                 C:/MinGW/msys/1.0/libopencm3-master/libopencm3-master/lib\libopencm3_stm32l4.a(rcc.o)
                                                  build/esos_stm32l4_tick.o
rcc_apb1_frequency                                C:/MinGW/msys/1.0/libopencm3-master/libopencm3-master/lib\libopencm3_stm32l4.a(rcc.o)
                                                  C:/MinGW/msys/1.0/libopencm3-master/libopencm3-master/lib\libopencm3_stm32l4.a(usart_common_all.o)
                                                  build/esos_stm32l4_tick.o
rcc_apb2_frequency                                C:/MinGW/msys/1.0/libopencm3-master/libopencm3-master/lib\libopencm3_stm32l4.a(rcc.o)
                                                  C:/MinGW/msys/1.0/libopencm3-master/libopencm3-master/lib\libopencm3_stm32l4.a(usart_common_all.o)
                                                  build/esos_stm32l4_tick.o
rcc_css_disable                                   C:/MinGW/msys/1.0/libopencm3-master/libopencm3-master/lib\libopencm3_stm32l4.a(rcc.o)
rcc_css_enable                                    C:/MinGW/msys/1.0/libopencm3-master/libopencm3-master/lib\libopencm3_stm32l4.a(rcc.o)
rcc_css_int_clear                                 C:/MinGW/msys/1.0/libopencm3-master/libopencm3-master/lib\libopencm3_stm32l4.a(rcc.o)
rcc_css_int_flag                                  C:/MinGW/msys/1.0/libopencm3-master/libopencm3-master/lib\libopencm3_stm32l4.a(rcc.o)
rcc_disable_rtc_clock                             C:/MinGW/msys/1.0/libopencm3-master/libopencm3-master/lib\libopencm3_stm32l4.a(rcc.o)
rcc_enable_rtc_clock                              C:/MinGW/msys/1.0/libopencm3-master/libopencm3-master/lib\libopencm3_stm32l4.a(rcc.o)
rcc_is_osc_ready                                  C:/MinGW/msys/1.0/libopencm3-master/libopencm3-master/lib\libopencm3_stm32l4.a(rcc.o)
rcc_isr                                           C:/MinGW/msys/1.0/libopencm3-master/libopencm3-master/lib\libopencm3_stm32l4.a(vector.o)
rcc_osc_bypass_disable                            C:/MinGW/msys/1.0/libopencm3-master/libopencm3-master/lib\libopencm3_stm32l4.a(rcc_common_all.o)
rcc_osc_bypass_enable                             C:/MinGW/msys/1.0/libopencm3-master/libopencm3-master/lib\libopencm3_stm32l4.a(rcc_common_all.o)
rcc_osc_off                                       C:/MinGW/msys/1.0/libopencm3-master/libopencm3-master/lib\libopencm3_stm32l4.a(rcc.o)
rcc_osc_on                                        C:/MinGW/msys/1.0/libopencm3-master/libopencm3-master/lib\libopencm3_stm32l4.a(rcc.o)
                                                  build/esos_stm32l4_tick.o
rcc_osc_ready_int_clear                           C:/MinGW/msys/1.0/libopencm3-master/libopencm3-master/lib\libopencm3_stm32l4.a(rcc.o)
rcc_osc_ready_int_disable                         C:/MinGW/msys/1.0/libopencm3-master/libopencm3-master/lib\libopencm3_stm32l4.a(rcc.o)
rcc_osc_ready_int_enable                          C:/MinGW/msys/1.0/libopencm3-master/libopencm3-master/lib\libopencm3_stm32l4.a(rcc.o)
rcc_osc_ready_int_flag                            C:/MinGW/msys/1.0/libopencm3-master/libopencm3-master/lib\libopencm3_stm32l4.a(rcc.o)
rcc_periph_clock_disable                          C:/MinGW/msys/1.0/libopencm3-master/libopencm3-master/lib\libopencm3_stm32l4.a(rcc_common_all.o)
rcc_periph_clock_enable                           C:/MinGW/msys/1.0/libopencm3-master/libopencm3-master/lib\libopencm3_stm32l4.a(rcc_common_all.o)
                                                  build/esos_stm32l4_rs232.o
                                                  build/esos_stm32l4_tick.o
                                                  build/semaphore1_app.o
rcc_periph_reset_hold                             C:/MinGW/msys/1.0/libopencm3-master/libopencm3-master/lib\libopencm3_stm32l4.a(rcc_common_all.o)
rcc_periph_reset_pulse                            C:/MinGW/msys/1.0/libopencm3-master/libopencm3-master/lib\libopencm3_stm32l4.a(rcc_common_all.o)
rcc_periph_reset_release                          C:/MinGW/msys/1.0/libopencm3-master/libopencm3-master/lib\libopencm3_stm32l4.a(rcc_common_all.o)
rcc_peripheral_clear_reset                        C:/MinGW/msys/1.0/libopencm3-master/libopencm3-master/lib\libopencm3_stm32l4.a(rcc_common_all.o)
rcc_peripheral_disable_clock                      C:/MinGW/msys/1.0/libopencm3-master/libopencm3-master/lib\libopencm3_stm32l4.a(rcc_common_all.o)
rcc_peripheral_enable_clock                       C:/MinGW/msys/1.0/libopencm3-master/libopencm3-master/lib\libopencm3_stm32l4.a(rcc_common_all.o)
rcc_peripheral_reset                              C:/MinGW/msys/1.0/libopencm3-master/libopencm3-master/lib\libopencm3_stm32l4.a(rcc_common_all.o)
rcc_pll_output_enable                             C:/MinGW/msys/1.0/libopencm3-master/libopencm3-master/lib\libopencm3_stm32l4.a(rcc.o)
rcc_set_clock48_source                            C:/MinGW/msys/1.0/libopencm3-master/libopencm3-master/lib\libopencm3_stm32l4.a(rcc.o)
rcc_set_hpre                                      C:/MinGW/msys/1.0/libopencm3-master/libopencm3-master/lib\libopencm3_stm32l4.a(rcc.o)
rcc_set_main_pll                                  C:/MinGW/msys/1.0/libopencm3-master/libopencm3-master/lib\libopencm3_stm32l4.a(rcc.o)
                                                  build/esos_stm32l4_tick.o
rcc_set_mco                                       C:/MinGW/msys/1.0/libopencm3-master/libopencm3-master/lib\libopencm3_stm32l4.a(rcc_common_all.o)
rcc_set_msi_range                                 C:/MinGW/msys/1.0/libopencm3-master/libopencm3-master/lib\libopencm3_stm32l4.a(rcc.o)
rcc_set_msi_range_standby                         C:/MinGW/msys/1.0/libopencm3-master/libopencm3-master/lib\libopencm3_stm32l4.a(rcc.o)
rcc_set_pll_source                                C:/MinGW/msys/1.0/libopencm3-master/libopencm3-master/lib\libopencm3_stm32l4.a(rcc.o)
rcc_set_ppre1                                     C:/MinGW/msys/1.0/libopencm3-master/libopencm3-master/lib\libopencm3_stm32l4.a(rcc.o)
rcc_set_ppre2                                     C:/MinGW/msys/1.0/libopencm3-master/libopencm3-master/lib\libopencm3_stm32l4.a(rcc.o)
rcc_set_rtc_clock_source                          C:/MinGW/msys/1.0/libopencm3-master/libopencm3-master/lib\libopencm3_stm32l4.a(rcc.o)
rcc_set_sysclk_source                             C:/MinGW/msys/1.0/libopencm3-master/libopencm3-master/lib\libopencm3_stm32l4.a(rcc.o)
                                                  build/esos_stm32l4_tick.o
rcc_system_clock_source                           C:/MinGW/msys/1.0/libopencm3-master/libopencm3-master/lib\libopencm3_stm32l4.a(rcc.o)
rcc_wait_for_osc_ready                            C:/MinGW/msys/1.0/libopencm3-master/libopencm3-master/lib\libopencm3_stm32l4.a(rcc.o)
rcc_wait_for_sysclk_status                        C:/MinGW/msys/1.0/libopencm3-master/libopencm3-master/lib\libopencm3_stm32l4.a(rcc.o)
                                                  build/esos_stm32l4_tick.o
reset_handler                                     C:/MinGW/msys/1.0/libopencm3-master/libopencm3-master/lib\libopencm3_stm32l4.a(vector.o)
rng_disable                                       C:/MinGW/msys/1.0/libopencm3-master/libopencm3-master/lib\libopencm3_stm32l4.a(rng_common_v1.o)
rng_enable                                        C:/MinGW/msys/1.0/libopencm3-master/libopencm3-master/lib\libopencm3_stm32l4.a(rng_common_v1.o)
                                                  build/esos_stm32l4_utils.o
rng_get_random                                    C:/MinGW/msys/1.0/libopencm3-master/libopencm3-master/lib\libopencm3_stm32l4.a(rng_common_v1.o)
rng_get_random_blocking                           C:/MinGW/msys/1.0/libopencm3-master/libopencm3-master/lib\libopencm3_stm32l4.a(rng_common_v1.o)
rng_interrupt_disable                             C:/MinGW/msys/1.0/libopencm3-master/libopencm3-master/lib\libopencm3_stm32l4.a(rng_common_v1.o)
rng_interrupt_enable                              C:/MinGW/msys/1.0/libopencm3-master/libopencm3-master/lib\libopencm3_stm32l4.a(rng_common_v1.o)
rng_isr                                           C:/MinGW/msys/1.0/libopencm3-master/libopencm3-master/lib\libopencm3_stm32l4.a(vector.o)
rtc_alarm_isr                                     C:/MinGW/msys/1.0/libopencm3-master/libopencm3-master/lib\libopencm3_stm32l4.a(vector.o)
rtc_wkup_isr                                      C:/MinGW/msys/1.0/libopencm3-master/libopencm3-master/lib\libopencm3_stm32l4.a(vector.o)
sai1_isr                                          C:/MinGW/msys/1.0/libopencm3-master/libopencm3-master/lib\libopencm3_stm32l4.a(vector.o)
sai2_isr                                          C:/MinGW/msys/1.0/libopencm3-master/libopencm3-master/lib\libopencm3_stm32l4.a(vector.o)
sdmmc1_isr                                        C:/MinGW/msys/1.0/libopencm3-master/libopencm3-master/lib\libopencm3_stm32l4.a(vector.o)
sem_T2CanRun                                      build/semaphore1_app.o
spi1_isr                                          C:/MinGW/msys/1.0/libopencm3-master/libopencm3-master/lib\libopencm3_stm32l4.a(vector.o)
spi2_isr                                          C:/MinGW/msys/1.0/libopencm3-master/libopencm3-master/lib\libopencm3_stm32l4.a(vector.o)
spi3_isr                                          C:/MinGW/msys/1.0/libopencm3-master/libopencm3-master/lib\libopencm3_stm32l4.a(vector.o)
sv_call_handler                                   C:/MinGW/msys/1.0/libopencm3-master/libopencm3-master/lib\libopencm3_stm32l4.a(vector.o)
swpmi1_isr                                        C:/MinGW/msys/1.0/libopencm3-master/libopencm3-master/lib\libopencm3_stm32l4.a(vector.o)
sys_tick_handler                                  build/esos_stm32l4_tick.o
systick_clear                                     C:/MinGW/msys/1.0/libopencm3-master/libopencm3-master/lib\libopencm3_stm32l4.a(systick.o)
systick_counter_disable                           C:/MinGW/msys/1.0/libopencm3-master/libopencm3-master/lib\libopencm3_stm32l4.a(systick.o)
systick_counter_enable                            C:/MinGW/msys/1.0/libopencm3-master/libopencm3-master/lib\libopencm3_stm32l4.a(systick.o)
                                                  build/esos_stm32l4_tick.o
systick_get_calib                                 C:/MinGW/msys/1.0/libopencm3-master/libopencm3-master/lib\libopencm3_stm32l4.a(systick.o)
systick_get_countflag                             C:/MinGW/msys/1.0/libopencm3-master/libopencm3-master/lib\libopencm3_stm32l4.a(systick.o)
systick_get_reload                                C:/MinGW/msys/1.0/libopencm3-master/libopencm3-master/lib\libopencm3_stm32l4.a(systick.o)
systick_get_value                                 C:/MinGW/msys/1.0/libopencm3-master/libopencm3-master/lib\libopencm3_stm32l4.a(systick.o)
systick_interrupt_disable                         C:/MinGW/msys/1.0/libopencm3-master/libopencm3-master/lib\libopencm3_stm32l4.a(systick.o)
systick_interrupt_enable                          C:/MinGW/msys/1.0/libopencm3-master/libopencm3-master/lib\libopencm3_stm32l4.a(systick.o)
                                                  build/esos_stm32l4_tick.o
systick_set_clocksource                           C:/MinGW/msys/1.0/libopencm3-master/libopencm3-master/lib\libopencm3_stm32l4.a(systick.o)
                                                  build/esos_stm32l4_tick.o
systick_set_frequency                             C:/MinGW/msys/1.0/libopencm3-master/libopencm3-master/lib\libopencm3_stm32l4.a(systick.o)
systick_set_reload                                C:/MinGW/msys/1.0/libopencm3-master/libopencm3-master/lib\libopencm3_stm32l4.a(systick.o)
                                                  build/esos_stm32l4_tick.o
tamp_stamp_isr                                    C:/MinGW/msys/1.0/libopencm3-master/libopencm3-master/lib\libopencm3_stm32l4.a(vector.o)
task1                                             build/semaphore1_app.o
task2                                             build/semaphore1_app.o
task_flash_LED                                    build/semaphore1_app.o
tim1_brk_tim15_isr                                C:/MinGW/msys/1.0/libopencm3-master/libopencm3-master/lib\libopencm3_stm32l4.a(vector.o)
tim1_cc_isr                                       C:/MinGW/msys/1.0/libopencm3-master/libopencm3-master/lib\libopencm3_stm32l4.a(vector.o)
tim1_trg_com_tim17_isr                            C:/MinGW/msys/1.0/libopencm3-master/libopencm3-master/lib\libopencm3_stm32l4.a(vector.o)
tim1_up_tim16_isr                                 C:/MinGW/msys/1.0/libopencm3-master/libopencm3-master/lib\libopencm3_stm32l4.a(vector.o)
tim2_isr                                          C:/MinGW/msys/1.0/libopencm3-master/libopencm3-master/lib\libopencm3_stm32l4.a(vector.o)