Archive member included to satisfy reference by file (symbol)

C:/MinGW/msys/1.0/libopencm3-master/libopencm3-master/lib\libopencm3_stm32l4.a(flash_common_all.o)
                              build/esos_stm32l4_tick.o (flash_prefetch_enable)
C:/MinGW/msys/1.0/libopencm3-master/libopencm3-master/lib\libopencm3_stm32l4.a(flash_common_idcache.o)
                              build/esos_stm32l4_tick.o (flash_dcache_enable)
C:/MinGW/msys/1.0/libopencm3-master/libopencm3-master/lib\libopencm3_stm32l4.a(gpio_common_all.o)
                              build/noapp_app.o (gpio_get)
C:/MinGW/msys/1.0/libopencm3-master/libopencm3-master/lib\libopencm3_stm32l4.a(gpio_common_f0234.o)
                              build/noapp_app.o (gpio_mode_setup)
C:/MinGW/msys/1.0/libopencm3-master/libopencm3-master/lib\libopencm3_stm32l4.a(rcc.o)
                              build/esos_stm32l4_tick.o (rcc_wait_for_sysclk_status)
C:/MinGW/msys/1.0/libopencm3-master/libopencm3-master/lib\libopencm3_stm32l4.a(rcc_common_all.o)
                              build/noapp_app.o (rcc_periph_clock_enable)
C:/MinGW/msys/1.0/libopencm3-master/libopencm3-master/lib\libopencm3_stm32l4.a(rng_common_v1.o)
                              build/esos_stm32l4_utils.o (rng_enable)
C:/MinGW/msys/1.0/libopencm3-master/libopencm3-master/lib\libopencm3_stm32l4.a(usart_common_all.o)
                              build/esos_stm32l4_rs232.o (usart_set_baudrate)
C:/MinGW/msys/1.0/libopencm3-master/libopencm3-master/lib\libopencm3_stm32l4.a(usart_common_v2.o)
                              build/esos_stm32l4_rs232.o (usart_send)
C:/MinGW/msys/1.0/libopencm3-master/libopencm3-master/lib\libopencm3_stm32l4.a(vector.o)
                              (reset_handler)
C:/MinGW/msys/1.0/libopencm3-master/libopencm3-master/lib\libopencm3_stm32l4.a(systick.o)
                              build/esos_stm32l4_tick.o (systick_set_reload)
C:/MinGW/msys/1.0/libopencm3-master/libopencm3-master/lib\libopencm3_stm32l4.a(nvic.o)
                              build/esos_stm32l4_rs232.o (nvic_enable_irq)

Allocating common symbols
Common symbol       size              file

__u8ChildTasksRegistered
                    0x1               build/esos.o
__astCircularBuffers
                    0x180             build/esos.o
__st_CB_Tx          0xc               build/esos_comm.o
__st_CB_Rx          0xc               build/esos_comm.o
__au8_MBData        0xf00             build/esos.o
__astTmrSvcs        0xc0              build/esos.o
__esos_u32UserFlags
                    0x4               build/esos.o
__esos_u32SystemFlags
                    0x4               build/esos.o
__esos_u8TmrSvcsRegistered
                    0x1               build/esos.o
__esos_comm_rx_buff
                    0x40              build/esos_comm.o
__astMailbox        0x100             build/esos.o
u8_uartTXbuf        0x1               build/esos_stm32l4_rs232.o
__esos_u32TmrActiveFlags
                    0x4               build/esos.o
__pst_CB_Rx         0x4               build/esos_comm.o
__stChildTaskRx     0x18              build/esos_comm.o
__u8UserTasksRegistered
                    0x1               build/esos.o
u8_uartRXbuf        0x1               build/esos_stm32l4_rs232.o
__au8UserTaskStructIndex
                    0x20              build/esos.o
__pst_CB_Tx         0x4               build/esos_comm.o
__u8_esos_mail_routines_dummy_uint8
                    0x1               build/esos_mail.o
__astUserTaskPool   0x300             build/esos.o
esos_tick_count     0x4               build/esos_stm32l4_tick.o
__u16NumTasksEverCreated
                    0x2               build/esos.o
__u32_esos_PRNG_Seed
                    0x4               build/esos_utils.o
__esos_comm_tx_buff
                    0x40              build/esos_comm.o
__stChildTaskTx     0x18              build/esos_comm.o
__astChildTaskPool  0x300             build/esos.o

Discarded input sections

 .text          0x00000000        0x0 build/noapp_app.o
 .data          0x00000000        0x0 build/noapp_app.o
 .bss           0x00000000        0x0 build/noapp_app.o
 .text.flash_LED
                0x00000000       0xcc build/noapp_app.o
 .text.echo     0x00000000      0x190 build/noapp_app.o
 .bss.u8_incoming.6749
                0x00000000        0x1 build/noapp_app.o
 .text          0x00000000        0x0 build/esos.o
 .data          0x00000000        0x0 build/esos.o
 .bss           0x00000000        0x0 build/esos.o
 .text.esos_RegisterTask
                0x00000000       0xd8 build/esos.o
 .text.esos_GetTaskHandle
                0x00000000       0x40 build/esos.o
 .text.esos_GetTaskHandleFromID
                0x00000000       0x40 build/esos.o
 .text.esos_GetFreeChildTaskStruct
                0x00000000       0x2c build/esos.o
 .text.esos_GetMaxNumberTasks
                0x00000000        0x4 build/esos.o
 .text.__esos_hasTickDurationPassed
                0x00000000       0x1e build/esos.o
 .text.esos_RegisterTimer
[...]
Memory Configuration

Name             Origin             Length             Attributes
rom              0x08000000         0x0003e800         xr
ram              0x20000000         0x00028000         xrw
*default*        0x00000000         0xffffffff

Linker script and memory map

LOAD build/noapp_app.o
LOAD build/esos.o
LOAD build/esos_cb.o
LOAD build/esos_utils.o
LOAD build/esos_comm.o
LOAD build/esos_mail.o
LOAD build/esos_stm32l4_tick.o
LOAD build/esos_stm32l4_utils.o
LOAD build/esos_stm32l4_rs232.o
LOAD c:/program files (x86)/gnu tools arm embedded/9 2019-q4-major/bin/../lib/gcc/arm-none-eabi/9.2.1/../../../../arm-none-eabi/lib/thumb/v7e-m+fp/hard\libc_nano.a
LOAD c:/program files (x86)/gnu tools arm embedded/9 2019-q4-major/bin/../lib/gcc/arm-none-eabi/9.2.1/../../../../arm-none-eabi/lib/thumb/v7e-m+fp/hard\libm.a
LOAD c:/program files (x86)/gnu tools arm embedded/9 2019-q4-major/bin/../lib/gcc/arm-none-eabi/9.2.1/../../../../arm-none-eabi/lib/thumb/v7e-m+fp/hard\libnosys.a
LOAD C:/MinGW/msys/1.0/libopencm3-master/libopencm3-master/lib\libopencm3_stm32l4.a
START GROUP
LOAD c:/program files (x86)/gnu tools arm embedded/9 2019-q4-major/bin/../lib/gcc/arm-none-eabi/9.2.1/thumb/v7e-m+fp/hard\libgcc.a
LOAD c:/program files (x86)/gnu tools arm embedded/9 2019-q4-major/bin/../lib/gcc/arm-none-eabi/9.2.1/../../../../arm-none-eabi/lib/thumb/v7e-m+fp/hard\libc_nano.a
END GROUP
START GROUP
LOAD c:/program files (x86)/gnu tools arm embedded/9 2019-q4-major/bin/../lib/gcc/arm-none-eabi/9.2.1/thumb/v7e-m+fp/hard\libgcc.a
LOAD c:/program files (x86)/gnu tools arm embedded/9 2019-q4-major/bin/../lib/gcc/arm-none-eabi/9.2.1/../../../../arm-none-eabi/lib/thumb/v7e-m+fp/hard\libc_nano.a
LOAD c:/program files (x86)/gnu tools arm embedded/9 2019-q4-major/bin/../lib/gcc/arm-none-eabi/9.2.1/../../../../arm-none-eabi/lib/thumb/v7e-m+fp/hard\libnosys.a
END GROUP
START GROUP
LOAD c:/program files (x86)/gnu tools arm embedded/9 2019-q4-major/bin/../lib/gcc/arm-none-eabi/9.2.1/thumb/v7e-m+fp/hard\libgcc.a
LOAD c:/program files (x86)/gnu tools arm embedded/9 2019-q4-major/bin/../lib/gcc/arm-none-eabi/9.2.1/../../../../arm-none-eabi/lib/thumb/v7e-m+fp/hard\libc_nano.a
LOAD c:/program files (x86)/gnu tools arm embedded/9 2019-q4-major/bin/../lib/gcc/arm-none-eabi/9.2.1/../../../../arm-none-eabi/lib/thumb/v7e-m+fp/hard\libnosys.a
END GROUP

.text           0x08000000      0xb9c
 *(.vectors)
 .vectors       0x08000000      0x1ac C:/MinGW/msys/1.0/libopencm3-master/libopencm3-master/lib\libopencm3_stm32l4.a(vector.o)
                0x08000000                vector_table
 *(.text*)
 .text.__user_init_hw
                0x080001ac       0x34 build/noapp_app.o
                0x080001ac                __user_init_hw
 .text.user_init
                0x080001e0       0x14 build/noapp_app.o
                0x080001e0                user_init
 .text.esos_UnregisterTask
                0x080001f4       0x64 build/esos.o
                0x080001f4                esos_UnregisterTask
 .text.__esos_tmrSvcsExecute
                0x08000258       0x5c build/esos.o
                0x08000258                __esos_tmrSvcsExecute
 .text.__esosInit
                0x080002b4       0xc0 build/esos.o
                0x080002b4                __esosInit
 .text.main     0x08000374       0xa8 build/esos.o
                0x08000374                main
 .text.__esos_CB_Init
                0x0800041c        0xc build/esos_cb.o
                0x0800041c                __esos_CB_Init
 .text.__esos_CB_WriteUINT8
                0x08000428       0x28 build/esos_cb.o
                0x08000428                __esos_CB_WriteUINT8
 .text.__esos_CB_OverwriteUINT8
                0x08000450       0x3a build/esos_cb.o
                0x08000450                __esos_CB_OverwriteUINT8
 .text.__esos_CB_ReadUINT8
                0x0800048a       0x24 build/esos_cb.o
                0x0800048a                __esos_CB_ReadUINT8
 *fill*         0x080004ae        0x2 
 .text.__esos_set_PRNG_U32Seed
                0x080004b0        0xc build/esos_utils.o
                0x080004b0                __esos_set_PRNG_U32Seed
 .text.__esos_InitCommSystem
                0x080004bc       0x40 build/esos_comm.o
                0x080004bc                __esos_InitCommSystem
 .text.__esos_unsafe_PutString
                0x080004fc       0x28 build/esos_comm.o
                0x080004fc                __esos_unsafe_PutString
 .text.__esos_InitMailbox
                0x08000524        0xc build/esos_mail.o
                0x08000524                __esos_InitMailbox
 .text.__esos_hw_InitSystemTick
                0x08000530       0xb4 build/esos_stm32l4_tick.o
                0x08000530                __esos_hw_InitSystemTick
 .text.sys_tick_handler
                0x080005e4       0x14 build/esos_stm32l4_tick.o
                0x080005e4                sys_tick_handler
 .text.__esos_hw_config_PRNG
                0x080005f8        0x8 build/esos_stm32l4_utils.o
                0x080005f8                __esos_hw_config_PRNG
 .text.__esos_hw_signal_start_tx
                0x08000600       0x44 build/esos_stm32l4_rs232.o
                0x08000600                __esos_hw_signal_start_tx
 .text.usart2_isr
                0x08000644       0x90 build/esos_stm32l4_rs232.o
                0x08000644                usart2_isr
 .text.__esos_configUART1
                0x080006d4       0xa0 build/esos_stm32l4_rs232.o
                0x080006d4                __esos_configUART1
 .text.__esos_hw_InitCommSystem
                0x08000774        0xc build/esos_stm32l4_rs232.o
                0x08000774                __esos_hw_InitCommSystem
 .text.flash_prefetch_enable
                0x08000780       0x10 C:/MinGW/msys/1.0/libopencm3-master/libopencm3-master/lib\libopencm3_stm32l4.a(flash_common_all.o)
                0x08000780                flash_prefetch_enable
 .text.flash_set_ws
                0x08000790       0x14 C:/MinGW/msys/1.0/libopencm3-master/libopencm3-master/lib\libopencm3_stm32l4.a(flash_common_all.o)
                0x08000790                flash_set_ws
 .text.flash_dcache_enable
                0x080007a4       0x10 C:/MinGW/msys/1.0/libopencm3-master/libopencm3-master/lib\libopencm3_stm32l4.a(flash_common_idcache.o)
                0x080007a4                flash_dcache_enable
 .text.flash_icache_enable
                0x080007b4       0x10 C:/MinGW/msys/1.0/libopencm3-master/libopencm3-master/lib\libopencm3_stm32l4.a(flash_common_idcache.o)
                0x080007b4                flash_icache_enable
 .text.gpio_mode_setup
                0x080007c4       0x40 C:/MinGW/msys/1.0/libopencm3-master/libopencm3-master/lib\libopencm3_stm32l4.a(gpio_common_f0234.o)
                0x080007c4                gpio_mode_setup
 .text.gpio_set_output_options
                0x08000804       0x36 C:/MinGW/msys/1.0/libopencm3-master/libopencm3-master/lib\libopencm3_stm32l4.a(gpio_common_f0234.o)
                0x08000804                gpio_set_output_options
 .text.gpio_set_af
                0x0800083a       0x54 C:/MinGW/msys/1.0/libopencm3-master/libopencm3-master/lib\libopencm3_stm32l4.a(gpio_common_f0234.o)
                0x0800083a                gpio_set_af
 *fill*         0x0800088e        0x2 
 .text.rcc_wait_for_sysclk_status
                0x08000890       0x48 C:/MinGW/msys/1.0/libopencm3-master/libopencm3-master/lib\libopencm3_stm32l4.a(rcc.o)
                0x08000890                rcc_wait_for_sysclk_status
 .text.rcc_osc_on
                0x080008d8       0x58 C:/MinGW/msys/1.0/libopencm3-master/libopencm3-master/lib\libopencm3_stm32l4.a(rcc.o)
                0x080008d8                rcc_osc_on
 .text.rcc_set_sysclk_source
                0x08000930       0x14 C:/MinGW/msys/1.0/libopencm3-master/libopencm3-master/lib\libopencm3_stm32l4.a(rcc.o)
                0x08000930                rcc_set_sysclk_source
 .text.rcc_set_main_pll
                0x08000944       0x28 C:/MinGW/msys/1.0/libopencm3-master/libopencm3-master/lib\libopencm3_stm32l4.a(rcc.o)
                0x08000944                rcc_set_main_pll
 .text.rcc_periph_clock_enable
                0x0800096c       0x1c C:/MinGW/msys/1.0/libopencm3-master/libopencm3-master/lib\libopencm3_stm32l4.a(rcc_common_all.o)
                0x0800096c                rcc_periph_clock_enable
 .text.rng_enable
                0x08000988       0x10 C:/MinGW/msys/1.0/libopencm3-master/libopencm3-master/lib\libopencm3_stm32l4.a(rng_common_v1.o)
                0x08000988                rng_enable
 .text.usart_set_baudrate
                0x08000998       0x54 C:/MinGW/msys/1.0/libopencm3-master/libopencm3-master/lib\libopencm3_stm32l4.a(usart_common_all.o)
                0x08000998                usart_set_baudrate
 .text.usart_set_databits
                0x080009ec       0x12 C:/MinGW/msys/1.0/libopencm3-master/libopencm3-master/lib\libopencm3_stm32l4.a(usart_common_all.o)
                0x080009ec                usart_set_databits
 .text.usart_set_stopbits
                0x080009fe        0xc C:/MinGW/msys/1.0/libopencm3-master/libopencm3-master/lib\libopencm3_stm32l4.a(usart_common_all.o)
                0x080009fe                usart_set_stopbits
 .text.usart_set_parity
                0x08000a0a        0xc C:/MinGW/msys/1.0/libopencm3-master/libopencm3-master/lib\libopencm3_stm32l4.a(usart_common_all.o)
                0x08000a0a                usart_set_parity
 .text.usart_set_mode
                0x08000a16        0xc C:/MinGW/msys/1.0/libopencm3-master/libopencm3-master/lib\libopencm3_stm32l4.a(usart_common_all.o)
                0x08000a16                usart_set_mode
 .text.usart_set_flow_control
                0x08000a22        0xc C:/MinGW/msys/1.0/libopencm3-master/libopencm3-master/lib\libopencm3_stm32l4.a(usart_common_all.o)
                0x08000a22                usart_set_flow_control
 .text.usart_enable
                0x08000a2e        0xa C:/MinGW/msys/1.0/libopencm3-master/libopencm3-master/lib\libopencm3_stm32l4.a(usart_common_all.o)
                0x08000a2e                usart_enable
 .text.usart_enable_rx_interrupt
                0x08000a38        0xa C:/MinGW/msys/1.0/libopencm3-master/libopencm3-master/lib\libopencm3_stm32l4.a(usart_common_all.o)
                0x08000a38                usart_enable_rx_interrupt
 .text.usart_enable_tx_interrupt
                0x08000a42        0xa C:/MinGW/msys/1.0/libopencm3-master/libopencm3-master/lib\libopencm3_stm32l4.a(usart_common_all.o)
                0x08000a42                usart_enable_tx_interrupt
 .text.usart_disable_tx_interrupt
                0x08000a4c        0xa C:/MinGW/msys/1.0/libopencm3-master/libopencm3-master/lib\libopencm3_stm32l4.a(usart_common_all.o)
                0x08000a4c                usart_disable_tx_interrupt
 .text.usart_send
                0x08000a56        0x8 C:/MinGW/msys/1.0/libopencm3-master/libopencm3-master/lib\libopencm3_stm32l4.a(usart_common_v2.o)
                0x08000a56                usart_send
 .text.usart_recv
                0x08000a5e        0x8 C:/MinGW/msys/1.0/libopencm3-master/libopencm3-master/lib\libopencm3_stm32l4.a(usart_common_v2.o)
                0x08000a5e                usart_recv
 .text.blocking_handler
                0x08000a66        0x2 C:/MinGW/msys/1.0/libopencm3-master/libopencm3-master/lib\libopencm3_stm32l4.a(vector.o)
                0x08000a66                i2c4_ev_isr
                0x08000a66                usart3_isr
                0x08000a66                swpmi1_isr
                0x08000a66                tim7_isr
                0x08000a66                dma2d_isr
                0x08000a66                rng_isr
                0x08000a66                adc1_2_isr
                0x08000a66                i2c4_er_isr
                0x08000a66                blocking_handler
                0x08000a66                tsc_isr
                0x08000a66                tim5_isr
                0x08000a66                rtc_wkup_isr
                0x08000a66                otg_fs_isr
                0x08000a66                tim1_up_tim16_isr
                0x08000a66                spi1_isr
                0x08000a66                i2c3_er_isr
                0x08000a66                dma2_channel7_isr
                0x08000a66                exti2_isr
                0x08000a66                dma1_channel6_isr
                0x08000a66                dma1_channel5_isr
                0x08000a66                dma2_channel5_isr
                0x08000a66                tamp_stamp_isr
                0x08000a66                fmc_isr
                0x08000a66                can1_rx1_isr
                0x08000a66                usart1_isr
                0x08000a66                i2c3_ev_isr
                0x08000a66                usage_fault_handler
                0x08000a66                tim8_trg_com_isr
                0x08000a66                can2_rx0_isr
                0x08000a66                tim1_trg_com_tim17_isr
                0x08000a66                can2_rx1_isr
                0x08000a66                can1_sce_isr
                0x08000a66                tim1_cc_isr
                0x08000a66                can1_tx_isr
                0x08000a66                dma1_channel4_isr
                0x08000a66                tim8_brk_isr
                0x08000a66                dma2_channel4_isr
                0x08000a66                lptim1_isr
                0x08000a66                lpuart1_isr
                0x08000a66                can1_rx0_isr
                0x08000a66                rcc_isr
                0x08000a66                flash_isr
                0x08000a66                uart4_isr
                0x08000a66                rtc_alarm_isr
                0x08000a66                exti15_10_isr
                0x08000a66                hard_fault_handler
                0x08000a66                exti1_isr
                0x08000a66                i2c1_ev_isr
                0x08000a66                dma2_channel1_isr
                0x08000a66                dfsdm2_isr
                0x08000a66                spi2_isr
                0x08000a66                aes_isr
                0x08000a66                tim8_up_isr
                0x08000a66                tim6_dacunder_isr
                0x08000a66                dma2_channel6_isr
                0x08000a66                dma2_channel2_isr
                0x08000a66                exti3_isr
                0x08000a66                adc3_isr
                0x08000a66                tim3_isr
                0x08000a66                sai1_isr
                0x08000a66                fpu_isr
                0x08000a66                i2c2_er_isr
                0x08000a66                i2c2_ev_isr
                0x08000a66                uart5_isr
                0x08000a66                dma1_channel1_isr
                0x08000a66                exti4_isr
                0x08000a66                dfsdm3_isr
                0x08000a66                comp_isr
                0x08000a66                mem_manage_handler
                0x08000a66                can2_tx_isr
                0x08000a66                lptim2_isr
                0x08000a66                lcd_isr
                0x08000a66                exti9_5_isr
                0x08000a66                dma2_channel3_isr
                0x08000a66                dfsdm1_isr
                0x08000a66                dma1_channel7_isr
                0x08000a66                pvd_pvm_isr
                0x08000a66                can2_sce_isr
                0x08000a66                tim4_isr
                0x08000a66                sai2_isr
                0x08000a66                dma1_channel2_isr
                0x08000a66                i2c1_er_isr
                0x08000a66                tim8_cc_isr
                0x08000a66                dcmi_isr
                0x08000a66                hash_crs_isr
                0x08000a66                bus_fault_handler
                0x08000a66                wwdg_isr
                0x08000a66                tim1_brk_tim15_isr
                0x08000a66                dma1_channel3_isr
                0x08000a66                sdmmc1_isr
                0x08000a66                spi3_isr
                0x08000a66                quadspi_isr
                0x08000a66                dfsdm0_isr
                0x08000a66                tim2_isr
                0x08000a66                exti0_isr
 .text.null_handler
                0x08000a68        0x2 C:/MinGW/msys/1.0/libopencm3-master/libopencm3-master/lib\libopencm3_stm32l4.a(vector.o)
                0x08000a68                sv_call_handler
                0x08000a68                pend_sv_handler
                0x08000a68                debug_monitor_handler
                0x08000a68                nmi_handler
                0x08000a68                null_handler
 *fill*         0x08000a6a        0x2 
 .text.reset_handler
                0x08000a6c       0x98 C:/MinGW/msys/1.0/libopencm3-master/libopencm3-master/lib\libopencm3_stm32l4.a(vector.o)
                0x08000a6c                reset_handler
 .text.systick_set_reload
                0x08000b04       0x10 C:/MinGW/msys/1.0/libopencm3-master/libopencm3-master/lib\libopencm3_stm32l4.a(systick.o)
                0x08000b04                systick_set_reload
 .text.systick_set_clocksource
                0x08000b14       0x18 C:/MinGW/msys/1.0/libopencm3-master/libopencm3-master/lib\libopencm3_stm32l4.a(systick.o)
                0x08000b14                systick_set_clocksource
 .text.systick_interrupt_enable
                0x08000b2c       0x10 C:/MinGW/msys/1.0/libopencm3-master/libopencm3-master/lib\libopencm3_stm32l4.a(systick.o)
                0x08000b2c                systick_interrupt_enable
 .text.systick_counter_enable
                0x08000b3c       0x10 C:/MinGW/msys/1.0/libopencm3-master/libopencm3-master/lib\libopencm3_stm32l4.a(systick.o)
                0x08000b3c                systick_counter_enable
 .text.nvic_enable_irq
                0x08000b4c       0x1c C:/MinGW/msys/1.0/libopencm3-master/libopencm3-master/lib\libopencm3_stm32l4.a(nvic.o)
                0x08000b4c                nvic_enable_irq
                0x08000b68                . = ALIGN (0x4)
 *(.rodata*)
 .rodata.user_init.str1.4
                0x08000b68       0x34 build/noapp_app.o
                0x08000b9c                . = ALIGN (0x4)

.glue_7         0x08000b9c        0x0
 .glue_7        0x08000b9c        0x0 linker stubs

.glue_7t        0x08000b9c        0x0
 .glue_7t       0x08000b9c        0x0 linker stubs

.vfp11_veneer   0x08000b9c        0x0
 .vfp11_veneer  0x08000b9c        0x0 linker stubs

.v4_bx          0x08000b9c        0x0
 .v4_bx         0x08000b9c        0x0 linker stubs

.iplt           0x08000b9c        0x0
 .iplt          0x08000b9c        0x0 build/noapp_app.o

.rel.dyn        0x08000b9c        0x0
 .rel.iplt      0x08000b9c        0x0 build/noapp_app.o

.preinit_array  0x08000b9c        0x0
                0x08000b9c                . = ALIGN (0x4)
                0x08000b9c                __preinit_array_start = .
 *(.preinit_array)
                0x08000b9c                __preinit_array_end = .

.init_array     0x08000b9c        0x0
                0x08000b9c                . = ALIGN (0x4)
                0x08000b9c                __init_array_start = .
 *(SORT_BY_NAME(.init_array.*))
 *(.init_array)
                0x08000b9c                __init_array_end = .

.fini_array     0x08000b9c        0x0
                0x08000b9c                . = ALIGN (0x4)
                0x08000b9c                __fini_array_start = .
 *(.fini_array)
 *(SORT_BY_NAME(.fini_array.*))
                0x08000b9c                __fini_array_end = .

.ARM.extab
 *(.ARM.extab*)

.ARM.exidx      0x08000b9c        0x0
                0x08000b9c                __exidx_start = .
 *(.ARM.exidx*)
                0x08000b9c                __exidx_end = .
                0x08000b9c                . = ALIGN (0x4)
                0x08000b9c                _etext = .

.noinit
 *(.noinit)
                0x08000b9c                . = ALIGN (0x4)

.data           0x20000000        0xc load address 0x08000b9c
                0x20000000                _data = .
 *(.data*)
 .data.rcc_ahb_frequency
                0x20000000        0x4 C:/MinGW/msys/1.0/libopencm3-master/libopencm3-master/lib\libopencm3_stm32l4.a(rcc.o)
                0x20000000                rcc_ahb_frequency
 .data.rcc_apb1_frequency
                0x20000004        0x4 C:/MinGW/msys/1.0/libopencm3-master/libopencm3-master/lib\libopencm3_stm32l4.a(rcc.o)
                0x20000004                rcc_apb1_frequency
 .data.rcc_apb2_frequency
                0x20000008        0x4 C:/MinGW/msys/1.0/libopencm3-master/libopencm3-master/lib\libopencm3_stm32l4.a(rcc.o)
                0x20000008                rcc_apb2_frequency
                0x2000000c                . = ALIGN (0x4)
 *(.ramfunctions)
                0x2000000c                _edata = .
                0x08000b9c                _data_loadaddr = LOADADDR (.data)

.igot.plt       0x2000000c        0x0 load address 0x08000ba8
 .igot.plt      0x2000000c        0x0 build/noapp_app.o

.bss            0x2000000c     0x1958 load address 0x08000ba8
 *(.bss*)
 *(COMMON)
 COMMON         0x2000000c     0x187c build/esos.o
                0x2000000c                __u8ChildTasksRegistered
                0x20000010                __astCircularBuffers
                0x20000190                __au8_MBData
                0x20001090                __astTmrSvcs
                0x20001150                __esos_u32UserFlags
                0x20001154                __esos_u32SystemFlags
                0x20001158                __esos_u8TmrSvcsRegistered
                0x2000115c                __astMailbox
                0x2000125c                __esos_u32TmrActiveFlags
                0x20001260                __u8UserTasksRegistered
                0x20001264                __au8UserTaskStructIndex
                0x20001284                __astUserTaskPool
                0x20001584                __u16NumTasksEverCreated
                0x20001588                __astChildTaskPool
 COMMON         0x20001888        0x4 build/esos_utils.o
                0x20001888                __u32_esos_PRNG_Seed
 COMMON         0x2000188c       0xd0 build/esos_comm.o
                0x2000188c                __st_CB_Tx
                0x20001898                __st_CB_Rx
                0x200018a4                __esos_comm_rx_buff
                0x200018e4                __pst_CB_Rx
                0x200018e8                __stChildTaskRx
                0x20001900                __pst_CB_Tx
                0x20001904                __esos_comm_tx_buff
                0x20001944                __stChildTaskTx
 COMMON         0x2000195c        0x4 build/esos_stm32l4_tick.o
                0x2000195c                esos_tick_count
 COMMON         0x20001960        0x2 build/esos_stm32l4_rs232.o
                0x20001960                u8_uartTXbuf
                0x20001961                u8_uartRXbuf
                0x20001964                . = ALIGN (0x4)
 *fill*         0x20001962        0x2 
                0x20001964                _ebss = .

/DISCARD/
 *(.eh_frame)
                0x20001964                . = ALIGN (0x4)
                0x20001964                end = .
                0x20028000                PROVIDE (_stack = (ORIGIN (ram) + LENGTH (ram)))
OUTPUT(build/noapp_app.elf elf32-littlearm)

.debug_info     0x00000000     0x6962
 .debug_info    0x00000000      0x5bf build/noapp_app.o
 .debug_info    0x000005bf      0xada build/esos.o
 .debug_info    0x00001099      0x659 build/esos_cb.o
 .debug_info    0x000016f2      0x524 build/esos_utils.o
 .debug_info    0x00001c16      0xa3e build/esos_comm.o
 .debug_info    0x00002654      0x606 build/esos_mail.o
 .debug_info    0x00002c5a      0x9a0 build/esos_stm32l4_tick.o
 .debug_info    0x000035fa      0x3c9 build/esos_stm32l4_utils.o
 .debug_info    0x000039c3      0xb00 build/esos_stm32l4_rs232.o
 .debug_info    0x000044c3       0xfc C:/MinGW/msys/1.0/libopencm3-master/libopencm3-master/lib\libopencm3_stm32l4.a(flash_common_all.o)
 .debug_info    0x000045bf       0xf4 C:/MinGW/msys/1.0/libopencm3-master/libopencm3-master/lib\libopencm3_stm32l4.a(flash_common_idcache.o)
 .debug_info    0x000046b3      0x233 C:/MinGW/msys/1.0/libopencm3-master/libopencm3-master/lib\libopencm3_stm32l4.a(gpio_common_f0234.o)
 .debug_info    0x000048e6      0x634 C:/MinGW/msys/1.0/libopencm3-master/libopencm3-master/lib\libopencm3_stm32l4.a(rcc.o)
 .debug_info    0x00004f1a      0x7f8 C:/MinGW/msys/1.0/libopencm3-master/libopencm3-master/lib\libopencm3_stm32l4.a(rcc_common_all.o)
 .debug_info    0x00005712      0x1a4 C:/MinGW/msys/1.0/libopencm3-master/libopencm3-master/lib\libopencm3_stm32l4.a(rng_common_v1.o)
 .debug_info    0x000058b6      0x53b C:/MinGW/msys/1.0/libopencm3-master/libopencm3-master/lib\libopencm3_stm32l4.a(usart_common_all.o)
 .debug_info    0x00005df1      0x3ae C:/MinGW/msys/1.0/libopencm3-master/libopencm3-master/lib\libopencm3_stm32l4.a(usart_common_v2.o)
 .debug_info    0x0000619f      0x2f2 C:/MinGW/msys/1.0/libopencm3-master/libopencm3-master/lib\libopencm3_stm32l4.a(vector.o)
 .debug_info    0x00006491      0x280 C:/MinGW/msys/1.0/libopencm3-master/libopencm3-master/lib\libopencm3_stm32l4.a(systick.o)
 .debug_info    0x00006711      0x251 C:/MinGW/msys/1.0/libopencm3-master/libopencm3-master/lib\libopencm3_stm32l4.a(nvic.o)

.debug_abbrev   0x00000000     0x1c6b
 .debug_abbrev  0x00000000      0x19c build/noapp_app.o
 .debug_abbrev  0x0000019c      0x2d4 build/esos.o
 .debug_abbrev  0x00000470      0x155 build/esos_cb.o
 .debug_abbrev  0x000005c5      0x1c9 build/esos_utils.o
 .debug_abbrev  0x0000078e      0x224 build/esos_comm.o
 .debug_abbrev  0x000009b2      0x199 build/esos_mail.o
 .debug_abbrev  0x00000b4b      0x1c3 build/esos_stm32l4_tick.o
 .debug_abbrev  0x00000d0e      0x14e build/esos_stm32l4_utils.o
 .debug_abbrev  0x00000e5c      0x1f1 build/esos_stm32l4_rs232.o
 .debug_abbrev  0x0000104d       0x9a C:/MinGW/msys/1.0/libopencm3-master/libopencm3-master/lib\libopencm3_stm32l4.a(flash_common_all.o)
 .debug_abbrev  0x000010e7       0x56 C:/MinGW/msys/1.0/libopencm3-master/libopencm3-master/lib\libopencm3_stm32l4.a(flash_common_idcache.o)
 .debug_abbrev  0x0000113d       0xbf C:/MinGW/msys/1.0/libopencm3-master/libopencm3-master/lib\libopencm3_stm32l4.a(gpio_common_f0234.o)
 .debug_abbrev  0x000011fc      0x233 C:/MinGW/msys/1.0/libopencm3-master/libopencm3-master/lib\libopencm3_stm32l4.a(rcc.o)
 .debug_abbrev  0x0000142f      0x158 C:/MinGW/msys/1.0/libopencm3-master/libopencm3-master/lib\libopencm3_stm32l4.a(rcc_common_all.o)
 .debug_abbrev  0x00001587      0x12e C:/MinGW/msys/1.0/libopencm3-master/libopencm3-master/lib\libopencm3_stm32l4.a(rng_common_v1.o)
 .debug_abbrev  0x000016b5      0x129 C:/MinGW/msys/1.0/libopencm3-master/libopencm3-master/lib\libopencm3_stm32l4.a(usart_common_all.o)
 .debug_abbrev  0x000017de      0x128 C:/MinGW/msys/1.0/libopencm3-master/libopencm3-master/lib\libopencm3_stm32l4.a(usart_common_v2.o)
 .debug_abbrev  0x00001906      0x15b C:/MinGW/msys/1.0/libopencm3-master/libopencm3-master/lib\libopencm3_stm32l4.a(vector.o)
 .debug_abbrev  0x00001a61      0x155 C:/MinGW/msys/1.0/libopencm3-master/libopencm3-master/lib\libopencm3_stm32l4.a(systick.o)
 .debug_abbrev  0x00001bb6       0xb5 C:/MinGW/msys/1.0/libopencm3-master/libopencm3-master/lib\libopencm3_stm32l4.a(nvic.o)

.debug_loc      0x00000000     0x2d48
 .debug_loc     0x00000000       0xee build/noapp_app.o
 .debug_loc     0x000000ee      0xb50 build/esos.o
 .debug_loc     0x00000c3e      0x48f build/esos_cb.o
 .debug_loc     0x000010cd      0x2b3 build/esos_utils.o
 .debug_loc     0x00001380      0x72c build/esos_comm.o
 .debug_loc     0x00001aac      0x1f3 build/esos_mail.o
 .debug_loc     0x00001c9f       0x58 build/esos_stm32l4_tick.o
 .debug_loc     0x00001cf7       0x40 build/esos_stm32l4_utils.o
 .debug_loc     0x00001d37       0xb2 build/esos_stm32l4_rs232.o
 .debug_loc     0x00001de9       0x47 C:/MinGW/msys/1.0/libopencm3-master/libopencm3-master/lib\libopencm3_stm32l4.a(flash_common_all.o)
 .debug_loc     0x00001e30      0x14d C:/MinGW/msys/1.0/libopencm3-master/libopencm3-master/lib\libopencm3_stm32l4.a(gpio_common_f0234.o)
 .debug_loc     0x00001f7d      0x544 C:/MinGW/msys/1.0/libopencm3-master/libopencm3-master/lib\libopencm3_stm32l4.a(rcc.o)
 .debug_loc     0x000024c1       0xde C:/MinGW/msys/1.0/libopencm3-master/libopencm3-master/lib\libopencm3_stm32l4.a(rcc_common_all.o)
 .debug_loc     0x0000259f       0xbb C:/MinGW/msys/1.0/libopencm3-master/libopencm3-master/lib\libopencm3_stm32l4.a(rng_common_v1.o)
 .debug_loc     0x0000265a      0x207 C:/MinGW/msys/1.0/libopencm3-master/libopencm3-master/lib\libopencm3_stm32l4.a(usart_common_all.o)
 .debug_loc     0x00002861       0xe0 C:/MinGW/msys/1.0/libopencm3-master/libopencm3-master/lib\libopencm3_stm32l4.a(usart_common_v2.o)
 .debug_loc     0x00002941      0x128 C:/MinGW/msys/1.0/libopencm3-master/libopencm3-master/lib\libopencm3_stm32l4.a(vector.o)
 .debug_loc     0x00002a69      0x192 C:/MinGW/msys/1.0/libopencm3-master/libopencm3-master/lib\libopencm3_stm32l4.a(systick.o)
 .debug_loc     0x00002bfb      0x14d C:/MinGW/msys/1.0/libopencm3-master/libopencm3-master/lib\libopencm3_stm32l4.a(nvic.o)

.debug_aranges  0x00000000      0x7a0
 .debug_aranges
                0x00000000       0x38 build/noapp_app.o
 .debug_aranges
                0x00000038       0x88 build/esos.o
 .debug_aranges
                0x000000c0       0x68 build/esos_cb.o
 .debug_aranges
                0x00000128       0x50 build/esos_utils.o
 .debug_aranges
                0x00000178       0x88 build/esos_comm.o
 .debug_aranges
                0x00000200       0x30 build/esos_mail.o
 .debug_aranges
                0x00000230       0x40 build/esos_stm32l4_tick.o
 .debug_aranges
                0x00000270       0x30 build/esos_stm32l4_utils.o
 .debug_aranges
                0x000002a0       0x58 build/esos_stm32l4_rs232.o
 .debug_aranges
                0x000002f8       0x38 C:/MinGW/msys/1.0/libopencm3-master/libopencm3-master/lib\libopencm3_stm32l4.a(flash_common_all.o)
 .debug_aranges
                0x00000330       0x48 C:/MinGW/msys/1.0/libopencm3-master/libopencm3-master/lib\libopencm3_stm32l4.a(flash_common_idcache.o)
 .debug_aranges
                0x00000378       0x30 C:/MinGW/msys/1.0/libopencm3-master/libopencm3-master/lib\libopencm3_stm32l4.a(gpio_common_f0234.o)
 .debug_aranges
                0x000003a8       0xf0 C:/MinGW/msys/1.0/libopencm3-master/libopencm3-master/lib\libopencm3_stm32l4.a(rcc.o)
 .debug_aranges
                0x00000498       0x58 C:/MinGW/msys/1.0/libopencm3-master/libopencm3-master/lib\libopencm3_stm32l4.a(rcc_common_all.o)
 .debug_aranges
                0x000004f0       0x48 C:/MinGW/msys/1.0/libopencm3-master/libopencm3-master/lib\libopencm3_stm32l4.a(rng_common_v1.o)
 .debug_aranges
                0x00000538       0xb8 C:/MinGW/msys/1.0/libopencm3-master/libopencm3-master/lib\libopencm3_stm32l4.a(usart_common_all.o)
 .debug_aranges
                0x000005f0       0xa8 C:/MinGW/msys/1.0/libopencm3-master/libopencm3-master/lib\libopencm3_stm32l4.a(usart_common_v2.o)
 .debug_aranges
                0x00000698       0x30 C:/MinGW/msys/1.0/libopencm3-master/libopencm3-master/lib\libopencm3_stm32l4.a(vector.o)
 .debug_aranges
                0x000006c8       0x78 C:/MinGW/msys/1.0/libopencm3-master/libopencm3-master/lib\libopencm3_stm32l4.a(systick.o)
 .debug_aranges
                0x00000740       0x60 C:/MinGW/msys/1.0/libopencm3-master/libopencm3-master/lib\libopencm3_stm32l4.a(nvic.o)

.debug_ranges   0x00000000      0x698
 .debug_ranges  0x00000000       0x28 build/noapp_app.o
 .debug_ranges  0x00000028       0x78 build/esos.o
 .debug_ranges  0x000000a0       0x58 build/esos_cb.o
 .debug_ranges  0x000000f8       0x40 build/esos_utils.o
 .debug_ranges  0x00000138       0x78 build/esos_comm.o
 .debug_ranges  0x000001b0       0x20 build/esos_mail.o
 .debug_ranges  0x000001d0       0x30 build/esos_stm32l4_tick.o
 .debug_ranges  0x00000200       0x20 build/esos_stm32l4_utils.o
 .debug_ranges  0x00000220       0x48 build/esos_stm32l4_rs232.o
 .debug_ranges  0x00000268       0x28 C:/MinGW/msys/1.0/libopencm3-master/libopencm3-master/lib\libopencm3_stm32l4.a(flash_common_all.o)
 .debug_ranges  0x00000290       0x38 C:/MinGW/msys/1.0/libopencm3-master/libopencm3-master/lib\libopencm3_stm32l4.a(flash_common_idcache.o)
 .debug_ranges  0x000002c8       0x20 C:/MinGW/msys/1.0/libopencm3-master/libopencm3-master/lib\libopencm3_stm32l4.a(gpio_common_f0234.o)
 .debug_ranges  0x000002e8       0xe0 C:/MinGW/msys/1.0/libopencm3-master/libopencm3-master/lib\libopencm3_stm32l4.a(rcc.o)
 .debug_ranges  0x000003c8       0x48 C:/MinGW/msys/1.0/libopencm3-master/libopencm3-master/lib\libopencm3_stm32l4.a(rcc_common_all.o)
 .debug_ranges  0x00000410       0x58 C:/MinGW/msys/1.0/libopencm3-master/libopencm3-master/lib\libopencm3_stm32l4.a(rng_common_v1.o)
 .debug_ranges  0x00000468       0xa8 C:/MinGW/msys/1.0/libopencm3-master/libopencm3-master/lib\libopencm3_stm32l4.a(usart_common_all.o)
 .debug_ranges  0x00000510       0x98 C:/MinGW/msys/1.0/libopencm3-master/libopencm3-master/lib\libopencm3_stm32l4.a(usart_common_v2.o)
 .debug_ranges  0x000005a8       0x20 C:/MinGW/msys/1.0/libopencm3-master/libopencm3-master/lib\libopencm3_stm32l4.a(vector.o)
 .debug_ranges  0x000005c8       0x80 C:/MinGW/msys/1.0/libopencm3-master/libopencm3-master/lib\libopencm3_stm32l4.a(systick.o)
 .debug_ranges  0x00000648       0x50 C:/MinGW/msys/1.0/libopencm3-master/libopencm3-master/lib\libopencm3_stm32l4.a(nvic.o)

.debug_line     0x00000000     0x6930
 .debug_line    0x00000000      0x55a build/noapp_app.o
 .debug_line    0x0000055a      0x93f build/esos.o
 .debug_line    0x00000e99      0x544 build/esos_cb.o
 .debug_line    0x000013dd      0x363 build/esos_utils.o
 .debug_line    0x00001740      0xa4c build/esos_comm.o
 .debug_line    0x0000218c      0x477 build/esos_mail.o
 .debug_line    0x00002603      0x3fa build/esos_stm32l4_tick.o
 .debug_line    0x000029fd      0x310 build/esos_stm32l4_utils.o
 .debug_line    0x00002d0d      0x4be build/esos_stm32l4_rs232.o
 .debug_line    0x000031cb      0x3cd C:/MinGW/msys/1.0/libopencm3-master/libopencm3-master/lib\libopencm3_stm32l4.a(flash_common_all.o)
 .debug_line    0x00003598      0x3e6 C:/MinGW/msys/1.0/libopencm3-master/libopencm3-master/lib\libopencm3_stm32l4.a(flash_common_idcache.o)
 .debug_line    0x0000397e      0x512 C:/MinGW/msys/1.0/libopencm3-master/libopencm3-master/lib\libopencm3_stm32l4.a(gpio_common_f0234.o)
 .debug_line    0x00003e90      0x947 C:/MinGW/msys/1.0/libopencm3-master/libopencm3-master/lib\libopencm3_stm32l4.a(rcc.o)
 .debug_line    0x000047d7      0x44b C:/MinGW/msys/1.0/libopencm3-master/libopencm3-master/lib\libopencm3_stm32l4.a(rcc_common_all.o)
 .debug_line    0x00004c22      0x472 C:/MinGW/msys/1.0/libopencm3-master/libopencm3-master/lib\libopencm3_stm32l4.a(rng_common_v1.o)
 .debug_line    0x00005094      0x64f C:/MinGW/msys/1.0/libopencm3-master/libopencm3-master/lib\libopencm3_stm32l4.a(usart_common_all.o)
 .debug_line    0x000056e3      0x566 C:/MinGW/msys/1.0/libopencm3-master/libopencm3-master/lib\libopencm3_stm32l4.a(usart_common_v2.o)
 .debug_line    0x00005c49      0x4bf C:/MinGW/msys/1.0/libopencm3-master/libopencm3-master/lib\libopencm3_stm32l4.a(vector.o)
 .debug_line    0x00006108      0x40c C:/MinGW/msys/1.0/libopencm3-master/libopencm3-master/lib\libopencm3_stm32l4.a(systick.o)
 .debug_line    0x00006514      0x41c C:/MinGW/msys/1.0/libopencm3-master/libopencm3-master/lib\libopencm3_stm32l4.a(nvic.o)

.debug_str      0x00000000    0x1150a
 .debug_str     0x00000000      0x416 build/noapp_app.o
                                0x4c7 (size before relaxing)
 .debug_str     0x00000416      0x39d build/esos.o
                                0x754 (size before relaxing)
 .debug_str     0x000007b3      0x15f build/esos_cb.o
                                0x4b6 (size before relaxing)
 .debug_str     0x00000912      0x102 build/esos_utils.o
                                0x466 (size before relaxing)
 .debug_str     0x00000a14      0x1e6 build/esos_comm.o
                                0x616 (size before relaxing)
 .debug_str     0x00000bfa       0xfa build/esos_mail.o
                                0x548 (size before relaxing)
 .debug_str     0x00000cf4      0x621 build/esos_stm32l4_tick.o
                                0xa33 (size before relaxing)
 .debug_str     0x00001315       0x62 build/esos_stm32l4_utils.o
                                0x459 (size before relaxing)
 .debug_str     0x00001377      0x210 build/esos_stm32l4_rs232.o
                                0xaad (size before relaxing)
 .debug_str     0x00001587     0x5d73 C:/MinGW/msys/1.0/libopencm3-master/libopencm3-master/lib\libopencm3_stm32l4.a(flash_common_all.o)
                               0x5f05 (size before relaxing)
 .debug_str     0x000072fa       0x71 C:/MinGW/msys/1.0/libopencm3-master/libopencm3-master/lib\libopencm3_stm32l4.a(flash_common_idcache.o)
                               0x5f27 (size before relaxing)
 .debug_str     0x0000736b     0x1657 C:/MinGW/msys/1.0/libopencm3-master/libopencm3-master/lib\libopencm3_stm32l4.a(gpio_common_f0234.o)
                               0x6616 (size before relaxing)
 .debug_str     0x000089c2     0x3938 C:/MinGW/msys/1.0/libopencm3-master/libopencm3-master/lib\libopencm3_stm32l4.a(rcc.o)
                               0x898f (size before relaxing)
 .debug_str     0x0000c2fa      0x3b2 C:/MinGW/msys/1.0/libopencm3-master/libopencm3-master/lib\libopencm3_stm32l4.a(rcc_common_all.o)
                               0x8f66 (size before relaxing)
 .debug_str     0x0000c6ac      0x19b C:/MinGW/msys/1.0/libopencm3-master/libopencm3-master/lib\libopencm3_stm32l4.a(rng_common_v1.o)
                               0x510c (size before relaxing)
 .debug_str     0x0000c847     0x1e17 C:/MinGW/msys/1.0/libopencm3-master/libopencm3-master/lib\libopencm3_stm32l4.a(usart_common_all.o)
                               0xa60b (size before relaxing)
 .debug_str     0x0000e65e      0x190 C:/MinGW/msys/1.0/libopencm3-master/libopencm3-master/lib\libopencm3_stm32l4.a(usart_common_v2.o)
                               0x6e3b (size before relaxing)
 .debug_str     0x0000e7ee     0x2968 C:/MinGW/msys/1.0/libopencm3-master/libopencm3-master/lib\libopencm3_stm32l4.a(vector.o)
                               0x6baa (size before relaxing)
 .debug_str     0x00011156      0x2f0 C:/MinGW/msys/1.0/libopencm3-master/libopencm3-master/lib\libopencm3_stm32l4.a(systick.o)
                               0x45ac (size before relaxing)
 .debug_str     0x00011446       0xc4 C:/MinGW/msys/1.0/libopencm3-master/libopencm3-master/lib\libopencm3_stm32l4.a(nvic.o)
                               0x5e7c (size before relaxing)

.comment        0x00000000       0x79
 .comment       0x00000000       0x79 build/noapp_app.o
                                 0x7a (size before relaxing)
 .comment       0x00000079       0x7a build/esos.o
 .comment       0x00000079       0x7a build/esos_cb.o
 .comment       0x00000079       0x7a build/esos_utils.o
 .comment       0x00000079       0x7a build/esos_comm.o
 .comment       0x00000079       0x7a build/esos_mail.o
 .comment       0x00000079       0x7a build/esos_stm32l4_tick.o
 .comment       0x00000079       0x7a build/esos_stm32l4_utils.o
 .comment       0x00000079       0x7a build/esos_stm32l4_rs232.o
 .comment       0x00000079       0x7a C:/MinGW/msys/1.0/libopencm3-master/libopencm3-master/lib\libopencm3_stm32l4.a(flash_common_all.o)
 .comment       0x00000079       0x7a C:/MinGW/msys/1.0/libopencm3-master/libopencm3-master/lib\libopencm3_stm32l4.a(flash_common_idcache.o)
 .comment       0x00000079       0x7a C:/MinGW/msys/1.0/libopencm3-master/libopencm3-master/lib\libopencm3_stm32l4.a(gpio_common_f0234.o)
 .comment       0x00000079       0x7a C:/MinGW/msys/1.0/libopencm3-master/libopencm3-master/lib\libopencm3_stm32l4.a(rcc.o)
 .comment       0x00000079       0x7a C:/MinGW/msys/1.0/libopencm3-master/libopencm3-master/lib\libopencm3_stm32l4.a(rcc_common_all.o)
 .comment       0x00000079       0x7a C:/MinGW/msys/1.0/libopencm3-master/libopencm3-master/lib\libopencm3_stm32l4.a(rng_common_v1.o)
 .comment       0x00000079       0x7a C:/MinGW/msys/1.0/libopencm3-master/libopencm3-master/lib\libopencm3_stm32l4.a(usart_common_all.o)
 .comment       0x00000079       0x7a C:/MinGW/msys/1.0/libopencm3-master/libopencm3-master/lib\libopencm3_stm32l4.a(usart_common_v2.o)
 .comment       0x00000079       0x7a C:/MinGW/msys/1.0/libopencm3-master/libopencm3-master/lib\libopencm3_stm32l4.a(vector.o)
 .comment       0x00000079       0x7a C:/MinGW/msys/1.0/libopencm3-master/libopencm3-master/lib\libopencm3_stm32l4.a(systick.o)
 .comment       0x00000079       0x7a C:/MinGW/msys/1.0/libopencm3-master/libopencm3-master/lib\libopencm3_stm32l4.a(nvic.o)

.ARM.attributes
                0x00000000       0x34
 .ARM.attributes
                0x00000000       0x34 build/noapp_app.o
 .ARM.attributes
                0x00000034       0x34 build/esos.o
 .ARM.attributes
                0x00000068       0x34 build/esos_cb.o
 .ARM.attributes
                0x0000009c       0x34 build/esos_utils.o
 .ARM.attributes
                0x000000d0       0x34 build/esos_comm.o
 .ARM.attributes
                0x00000104       0x34 build/esos_mail.o
 .ARM.attributes
                0x00000138       0x34 build/esos_stm32l4_tick.o
 .ARM.attributes
                0x0000016c       0x34 build/esos_stm32l4_utils.o
 .ARM.attributes
                0x000001a0       0x34 build/esos_stm32l4_rs232.o
 .ARM.attributes
                0x000001d4       0x34 C:/MinGW/msys/1.0/libopencm3-master/libopencm3-master/lib\libopencm3_stm32l4.a(flash_common_all.o)
 .ARM.attributes
                0x00000208       0x34 C:/MinGW/msys/1.0/libopencm3-master/libopencm3-master/lib\libopencm3_stm32l4.a(flash_common_idcache.o)
 .ARM.attributes
                0x0000023c       0x34 C:/MinGW/msys/1.0/libopencm3-master/libopencm3-master/lib\libopencm3_stm32l4.a(gpio_common_f0234.o)
 .ARM.attributes
                0x00000270       0x34 C:/MinGW/msys/1.0/libopencm3-master/libopencm3-master/lib\libopencm3_stm32l4.a(rcc.o)
 .ARM.attributes
                0x000002a4       0x34 C:/MinGW/msys/1.0/libopencm3-master/libopencm3-master/lib\libopencm3_stm32l4.a(rcc_common_all.o)
 .ARM.attributes
                0x000002d8       0x34 C:/MinGW/msys/1.0/libopencm3-master/libopencm3-master/lib\libopencm3_stm32l4.a(rng_common_v1.o)
 .ARM.attributes
                0x0000030c       0x34 C:/MinGW/msys/1.0/libopencm3-master/libopencm3-master/lib\libopencm3_stm32l4.a(usart_common_all.o)
 .ARM.attributes
                0x00000340       0x34 C:/MinGW/msys/1.0/libopencm3-master/libopencm3-master/lib\libopencm3_stm32l4.a(usart_common_v2.o)
 .ARM.attributes
                0x00000374       0x34 C:/MinGW/msys/1.0/libopencm3-master/libopencm3-master/lib\libopencm3_stm32l4.a(vector.o)
 .ARM.attributes
                0x000003a8       0x34 C:/MinGW/msys/1.0/libopencm3-master/libopencm3-master/lib\libopencm3_stm32l4.a(systick.o)
 .ARM.attributes
                0x000003dc       0x34 C:/MinGW/msys/1.0/libopencm3-master/libopencm3-master/lib\libopencm3_stm32l4.a(nvic.o)

.debug_frame    0x00000000     0x109c
 .debug_frame   0x00000000       0x88 build/noapp_app.o
 .debug_frame   0x00000088      0x1a4 build/esos.o
 .debug_frame   0x0000022c      0x160 build/esos_cb.o
 .debug_frame   0x0000038c       0x98 build/esos_utils.o
 .debug_frame   0x00000424      0x1b0 build/esos_comm.o
 .debug_frame   0x000005d4       0x7c build/esos_mail.o
 .debug_frame   0x00000650       0x7c build/esos_stm32l4_tick.o
 .debug_frame   0x000006cc       0x58 build/esos_stm32l4_utils.o
 .debug_frame   0x00000724       0xc4 build/esos_stm32l4_rs232.o
 .debug_frame   0x000007e8       0x50 C:/MinGW/msys/1.0/libopencm3-master/libopencm3-master/lib\libopencm3_stm32l4.a(flash_common_all.o)
 .debug_frame   0x00000838       0x70 C:/MinGW/msys/1.0/libopencm3-master/libopencm3-master/lib\libopencm3_stm32l4.a(flash_common_idcache.o)
 .debug_frame   0x000008a8       0x70 C:/MinGW/msys/1.0/libopencm3-master/libopencm3-master/lib\libopencm3_stm32l4.a(gpio_common_f0234.o)
 .debug_frame   0x00000918      0x1d0 C:/MinGW/msys/1.0/libopencm3-master/libopencm3-master/lib\libopencm3_stm32l4.a(rcc.o)
 .debug_frame   0x00000ae8       0xd0 C:/MinGW/msys/1.0/libopencm3-master/libopencm3-master/lib\libopencm3_stm32l4.a(rcc_common_all.o)
 .debug_frame   0x00000bb8       0x7c C:/MinGW/msys/1.0/libopencm3-master/libopencm3-master/lib\libopencm3_stm32l4.a(rng_common_v1.o)
 .debug_frame   0x00000c34      0x174 C:/MinGW/msys/1.0/libopencm3-master/libopencm3-master/lib\libopencm3_stm32l4.a(usart_common_all.o)
 .debug_frame   0x00000da8      0x130 C:/MinGW/msys/1.0/libopencm3-master/libopencm3-master/lib\libopencm3_stm32l4.a(usart_common_v2.o)
 .debug_frame   0x00000ed8       0x4c C:/MinGW/msys/1.0/libopencm3-master/libopencm3-master/lib\libopencm3_stm32l4.a(vector.o)
 .debug_frame   0x00000f24       0xd8 C:/MinGW/msys/1.0/libopencm3-master/libopencm3-master/lib\libopencm3_stm32l4.a(systick.o)
 .debug_frame   0x00000ffc       0xa0 C:/MinGW/msys/1.0/libopencm3-master/libopencm3-master/lib\libopencm3_stm32l4.a(nvic.o)

.debug_macro    0x00000000     0x3b69
 .debug_macro   0x00000000       0xc8 C:/MinGW/msys/1.0/libopencm3-master/libopencm3-master/lib\libopencm3_stm32l4.a(flash_common_all.o)
 .debug_macro   0x000000c8      0xa9c C:/MinGW/msys/1.0/libopencm3-master/libopencm3-master/lib\libopencm3_stm32l4.a(flash_common_all.o)
 .debug_macro   0x00000b64       0x1c C:/MinGW/msys/1.0/libopencm3-master/libopencm3-master/lib\libopencm3_stm32l4.a(flash_common_all.o)
 .debug_macro   0x00000b80       0x22 C:/MinGW/msys/1.0/libopencm3-master/libopencm3-master/lib\libopencm3_stm32l4.a(flash_common_all.o)
 .debug_macro   0x00000ba2       0x56 C:/MinGW/msys/1.0/libopencm3-master/libopencm3-master/lib\libopencm3_stm32l4.a(flash_common_all.o)
 .debug_macro   0x00000bf8       0x51 C:/MinGW/msys/1.0/libopencm3-master/libopencm3-master/lib\libopencm3_stm32l4.a(flash_common_all.o)
 .debug_macro   0x00000c49       0xef C:/MinGW/msys/1.0/libopencm3-master/libopencm3-master/lib\libopencm3_stm32l4.a(flash_common_all.o)
 .debug_macro   0x00000d38       0x6a C:/MinGW/msys/1.0/libopencm3-master/libopencm3-master/lib\libopencm3_stm32l4.a(flash_common_all.o)
 .debug_macro   0x00000da2      0x1df C:/MinGW/msys/1.0/libopencm3-master/libopencm3-master/lib\libopencm3_stm32l4.a(flash_common_all.o)
 .debug_macro   0x00000f81       0x22 C:/MinGW/msys/1.0/libopencm3-master/libopencm3-master/lib\libopencm3_stm32l4.a(flash_common_all.o)
 .debug_macro   0x00000fa3       0xe8 C:/MinGW/msys/1.0/libopencm3-master/libopencm3-master/lib\libopencm3_stm32l4.a(flash_common_all.o)
 .debug_macro   0x0000108b       0x76 C:/MinGW/msys/1.0/libopencm3-master/libopencm3-master/lib\libopencm3_stm32l4.a(flash_common_all.o)
 .debug_macro   0x00001101      0x1fc C:/MinGW/msys/1.0/libopencm3-master/libopencm3-master/lib\libopencm3_stm32l4.a(flash_common_all.o)
 .debug_macro   0x000012fd       0x1c C:/MinGW/msys/1.0/libopencm3-master/libopencm3-master/lib\libopencm3_stm32l4.a(flash_common_all.o)
 .debug_macro   0x00001319      0x2f3 C:/MinGW/msys/1.0/libopencm3-master/libopencm3-master/lib\libopencm3_stm32l4.a(flash_common_all.o)
 .debug_macro   0x0000160c       0xc8 C:/MinGW/msys/1.0/libopencm3-master/libopencm3-master/lib\libopencm3_stm32l4.a(flash_common_idcache.o)
 .debug_macro   0x000016d4       0xd6 C:/MinGW/msys/1.0/libopencm3-master/libopencm3-master/lib\libopencm3_stm32l4.a(gpio_common_f0234.o)
 .debug_macro   0x000017aa       0xb4 C:/MinGW/msys/1.0/libopencm3-master/libopencm3-master/lib\libopencm3_stm32l4.a(rcc.o)
 .debug_macro   0x0000185e      0xce0 C:/MinGW/msys/1.0/libopencm3-master/libopencm3-master/lib\libopencm3_stm32l4.a(rcc.o)
 .debug_macro   0x0000253e       0xce C:/MinGW/msys/1.0/libopencm3-master/libopencm3-master/lib\libopencm3_stm32l4.a(rcc_common_all.o)
 .debug_macro   0x0000260c       0xb3 C:/MinGW/msys/1.0/libopencm3-master/libopencm3-master/lib\libopencm3_stm32l4.a(rng_common_v1.o)
 .debug_macro   0x000026bf       0x46 C:/MinGW/msys/1.0/libopencm3-master/libopencm3-master/lib\libopencm3_stm32l4.a(rng_common_v1.o)
 .debug_macro   0x00002705       0xd9 C:/MinGW/msys/1.0/libopencm3-master/libopencm3-master/lib\libopencm3_stm32l4.a(usart_common_all.o)
 .debug_macro   0x000027de       0x94 C:/MinGW/msys/1.0/libopencm3-master/libopencm3-master/lib\libopencm3_stm32l4.a(usart_common_all.o)
 .debug_macro   0x00002872      0x55b C:/MinGW/msys/1.0/libopencm3-master/libopencm3-master/lib\libopencm3_stm32l4.a(usart_common_all.o)
 .debug_macro   0x00002dcd       0x28 C:/MinGW/msys/1.0/libopencm3-master/libopencm3-master/lib\libopencm3_stm32l4.a(usart_common_all.o)
 .debug_macro   0x00002df5       0xc1 C:/MinGW/msys/1.0/libopencm3-master/libopencm3-master/lib\libopencm3_stm32l4.a(usart_common_v2.o)
 .debug_macro   0x00002eb6       0xd3 C:/MinGW/msys/1.0/libopencm3-master/libopencm3-master/lib\libopencm3_stm32l4.a(vector.o)
 .debug_macro   0x00002f89      0x395 C:/MinGW/msys/1.0/libopencm3-master/libopencm3-master/lib\libopencm3_stm32l4.a(vector.o)
 .debug_macro   0x0000331e       0x6e C:/MinGW/msys/1.0/libopencm3-master/libopencm3-master/lib\libopencm3_stm32l4.a(vector.o)
 .debug_macro   0x0000338c      0x22c C:/MinGW/msys/1.0/libopencm3-master/libopencm3-master/lib\libopencm3_stm32l4.a(vector.o)
 .debug_macro   0x000035b8       0x92 C:/MinGW/msys/1.0/libopencm3-master/libopencm3-master/lib\libopencm3_stm32l4.a(systick.o)
 .debug_macro   0x0000364a       0x69 C:/MinGW/msys/1.0/libopencm3-master/libopencm3-master/lib\libopencm3_stm32l4.a(systick.o)
 .debug_macro   0x000036b3       0xb3 C:/MinGW/msys/1.0/libopencm3-master/libopencm3-master/lib\libopencm3_stm32l4.a(nvic.o)
 .debug_macro   0x00003766       0x68 C:/MinGW/msys/1.0/libopencm3-master/libopencm3-master/lib\libopencm3_stm32l4.a(nvic.o)
 .debug_macro   0x000037ce      0x39b C:/MinGW/msys/1.0/libopencm3-master/libopencm3-master/lib\libopencm3_stm32l4.a(nvic.o)

Cross Reference Table

Symbol                                            File
Default_Handler                                   build/esos_stm32l4_tick.o
Error_Handler                                     build/esos_stm32l4_tick.o
__astChildTaskPool                                build/esos.o
__astCircularBuffers                              build/esos.o
__astMailbox                                      build/esos.o
__astTmrSvcs                                      build/esos.o
__astUserTaskPool                                 build/esos.o
__au8UserTaskStructIndex                          build/esos.o
__au8_MBData                                      build/esos.o
__esosInit                                        build/esos.o
__esos_CB_Init                                    build/esos_cb.o
                                                  build/esos_mail.o
                                                  build/esos_comm.o
__esos_CB_OverwriteUINT8                          build/esos_cb.o
                                                  build/esos_stm32l4_rs232.o
__esos_CB_ReadUINT16                              build/esos_cb.o
                                                  build/esos_mail.o
__esos_CB_ReadUINT32                              build/esos_cb.o
                                                  build/esos_mail.o
__esos_CB_ReadUINT8                               build/esos_cb.o
                                                  build/esos_stm32l4_rs232.o
                                                  build/esos_mail.o
                                                  build/esos_comm.o
__esos_CB_ReadUINT8Buffer                         build/esos_cb.o
__esos_CB_WriteUINT16                             build/esos_cb.o
                                                  build/esos_mail.o
__esos_CB_WriteUINT32                             build/esos_cb.o
                                                  build/esos_mail.o
__esos_CB_WriteUINT8                              build/esos_cb.o
                                                  build/esos_mail.o
                                                  build/esos_comm.o
__esos_CB_WriteUINT8Buffer                        build/esos_cb.o
                                                  build/esos_comm.o
__esos_InitCommSystem                             build/esos_comm.o
                                                  build/esos.o
__esos_InitMailbox                                build/esos_mail.o
                                                  build/esos.o
__esos_OutChar                                    build/esos_comm.o
                                                  build/noapp_app.o
__esos_OutCharBuffer                              build/esos_comm.o
__esos_OutString                                  build/esos_comm.o
__esos_OutUint32AsHexString                       build/esos_comm.o
__esos_OutUint8AsDecString                        build/esos_comm.o
__esos_OutUint8AsHexString                        build/esos_comm.o
__esos_ReadMailMessage                            build/esos_mail.o
__esos_SendMailMessage                            build/esos_mail.o
__esos_comm_rx_buff                               build/esos_comm.o
__esos_comm_tx_buff                               build/esos_comm.o
__esos_configUART1                                build/esos_stm32l4_rs232.o
__esos_getBuffer                                  build/esos_comm.o
                                                  build/noapp_app.o
__esos_getString                                  build/esos_comm.o
__esos_get_PRNG_RandomUint32                      build/esos_utils.o
                                                  build/esos_stm32l4_utils.o
__esos_hasTickDurationPassed                      build/esos.o
                                                  build/noapp_app.o
__esos_hw_GetSystemTickCount                      build/esos_stm32l4_tick.o
                                                  build/esos_mail.o
                                                  build/esos.o
                                                  build/noapp_app.o
__esos_hw_InitCommSystem                          build/esos_stm32l4_rs232.o
                                                  build/esos_comm.o
__esos_hw_InitSystemTick                          build/esos_stm32l4_tick.o
                                                  build/esos.o
__esos_hw_PRNG_u32                                build/esos_stm32l4_utils.o
                                                  build/esos_utils.o
__esos_hw_config_PRNG                             build/esos_stm32l4_utils.o
                                                  build/esos.o
__esos_hw_set_PRNG_Seed                           build/esos_stm32l4_utils.o
__esos_hw_signal_start_tx                         build/esos_stm32l4_rs232.o
                                                  build/esos_comm.o
__esos_hw_signal_stop_tx                          build/esos_stm32l4_rs232.o
__esos_set_PRNG_U32Seed                           build/esos_utils.o
                                                  build/esos.o
__esos_tmrSvcsExecute                             build/esos.o
                                                  build/esos_stm32l4_tick.o
__esos_u32FNVHash                                 build/esos_utils.o
__esos_u32SystemFlags                             build/esos.o
                                                  build/esos_stm32l4_rs232.o
                                                  build/noapp_app.o
__esos_u32TmrActiveFlags                          build/esos.o
__esos_u32UserFlags                               build/esos.o
__esos_u8TmrSvcsRegistered                        build/esos.o
__esos_u8_GetLSBHexCharFromUint8                  build/esos_comm.o
__esos_u8_GetMSBHexCharFromUint8                  build/esos_comm.o
__esos_unsafe_GetUint8                            build/esos_comm.o
__esos_unsafe_PutString                           build/esos_comm.o
                                                  build/noapp_app.o
__esos_unsafe_PutUint8                            build/esos_comm.o
__fini_array_end                                  C:/MinGW/msys/1.0/libopencm3-master/libopencm3-master/lib\libopencm3_stm32l4.a(vector.o)
__fini_array_start                                C:/MinGW/msys/1.0/libopencm3-master/libopencm3-master/lib\libopencm3_stm32l4.a(vector.o)
__init_array_end                                  C:/MinGW/msys/1.0/libopencm3-master/libopencm3-master/lib\libopencm3_stm32l4.a(vector.o)
__init_array_start                                C:/MinGW/msys/1.0/libopencm3-master/libopencm3-master/lib\libopencm3_stm32l4.a(vector.o)
__preinit_array_end                               C:/MinGW/msys/1.0/libopencm3-master/libopencm3-master/lib\libopencm3_stm32l4.a(vector.o)
__preinit_array_start                             C:/MinGW/msys/1.0/libopencm3-master/libopencm3-master/lib\libopencm3_stm32l4.a(vector.o)
__pst_CB_Rx                                       build/esos_comm.o
                                                  build/esos_stm32l4_rs232.o
__pst_CB_Tx                                       build/esos_comm.o
                                                  build/esos_stm32l4_rs232.o
__stChildTaskRx                                   build/esos_comm.o
                                                  build/noapp_app.o
__stChildTaskTx                                   build/esos_comm.o
                                                  build/noapp_app.o
__st_CB_Rx                                        build/esos_comm.o
__st_CB_Tx                                        build/esos_comm.o
__u16NumTasksEverCreated                          build/esos.o
__u32_esos_PRNG_Seed                              build/esos_utils.o
__u8ChildTasksRegistered                          build/esos.o
__u8UserTasksRegistered                           build/esos.o
__u8_esos_mail_routines_dummy_uint8               build/esos_mail.o
__user_init_hw                                    build/noapp_app.o
_data                                             C:/MinGW/msys/1.0/libopencm3-master/libopencm3-master/lib\libopencm3_stm32l4.a(vector.o)
_data_loadaddr                                    C:/MinGW/msys/1.0/libopencm3-master/libopencm3-master/lib\libopencm3_stm32l4.a(vector.o)
_ebss                                             C:/MinGW/msys/1.0/libopencm3-master/libopencm3-master/lib\libopencm3_stm32l4.a(vector.o)
_edata                                            C:/MinGW/msys/1.0/libopencm3-master/libopencm3-master/lib\libopencm3_stm32l4.a(vector.o)
_esos_hw_GetSerialUartVersion                     build/esos_stm32l4_rs232.o
_stack                                            C:/MinGW/msys/1.0/libopencm3-master/libopencm3-master/lib\libopencm3_stm32l4.a(vector.o)
adc1_2_isr                                        C:/MinGW/msys/1.0/libopencm3-master/libopencm3-master/lib\libopencm3_stm32l4.a(vector.o)
adc3_isr                                          C:/MinGW/msys/1.0/libopencm3-master/libopencm3-master/lib\libopencm3_stm32l4.a(vector.o)
aes_isr                                           C:/MinGW/msys/1.0/libopencm3-master/libopencm3-master/lib\libopencm3_stm32l4.a(vector.o)
blocking_handler                                  C:/MinGW/msys/1.0/libopencm3-master/libopencm3-master/lib\libopencm3_stm32l4.a(vector.o)
bus_fault_handler                                 C:/MinGW/msys/1.0/libopencm3-master/libopencm3-master/lib\libopencm3_stm32l4.a(vector.o)
can1_rx0_isr                                      C:/MinGW/msys/1.0/libopencm3-master/libopencm3-master/lib\libopencm3_stm32l4.a(vector.o)
can1_rx1_isr                                      C:/MinGW/msys/1.0/libopencm3-master/libopencm3-master/lib\libopencm3_stm32l4.a(vector.o)
can1_sce_isr                                      C:/MinGW/msys/1.0/libopencm3-master/libopencm3-master/lib\libopencm3_stm32l4.a(vector.o)
can1_tx_isr                                       C:/MinGW/msys/1.0/libopencm3-master/libopencm3-master/lib\libopencm3_stm32l4.a(vector.o)
can2_rx0_isr                                      C:/MinGW/msys/1.0/libopencm3-master/libopencm3-master/lib\libopencm3_stm32l4.a(vector.o)
can2_rx1_isr                                      C:/MinGW/msys/1.0/libopencm3-master/libopencm3-master/lib\libopencm3_stm32l4.a(vector.o)
can2_sce_isr                                      C:/MinGW/msys/1.0/libopencm3-master/libopencm3-master/lib\libopencm3_stm32l4.a(vector.o)
can2_tx_isr                                       C:/MinGW/msys/1.0/libopencm3-master/libopencm3-master/lib\libopencm3_stm32l4.a(vector.o)
comp_isr                                          C:/MinGW/msys/1.0/libopencm3-master/libopencm3-master/lib\libopencm3_stm32l4.a(vector.o)
count                                             build/esos_stm32l4_tick.o
dcmi_isr                                          C:/MinGW/msys/1.0/libopencm3-master/libopencm3-master/lib\libopencm3_stm32l4.a(vector.o)
debug_monitor_handler                             C:/MinGW/msys/1.0/libopencm3-master/libopencm3-master/lib\libopencm3_stm32l4.a(vector.o)
dfsdm0_isr                                        C:/MinGW/msys/1.0/libopencm3-master/libopencm3-master/lib\libopencm3_stm32l4.a(vector.o)
dfsdm1_isr                                        C:/MinGW/msys/1.0/libopencm3-master/libopencm3-master/lib\libopencm3_stm32l4.a(vector.o)
dfsdm2_isr                                        C:/MinGW/msys/1.0/libopencm3-master/libopencm3-master/lib\libopencm3_stm32l4.a(vector.o)
dfsdm3_isr                                        C:/MinGW/msys/1.0/libopencm3-master/libopencm3-master/lib\libopencm3_stm32l4.a(vector.o)
dma1_channel1_isr                                 C:/MinGW/msys/1.0/libopencm3-master/libopencm3-master/lib\libopencm3_stm32l4.a(vector.o)
dma1_channel2_isr                                 C:/MinGW/msys/1.0/libopencm3-master/libopencm3-master/lib\libopencm3_stm32l4.a(vector.o)
dma1_channel3_isr                                 C:/MinGW/msys/1.0/libopencm3-master/libopencm3-master/lib\libopencm3_stm32l4.a(vector.o)
dma1_channel4_isr                                 C:/MinGW/msys/1.0/libopencm3-master/libopencm3-master/lib\libopencm3_stm32l4.a(vector.o)
dma1_channel5_isr                                 C:/MinGW/msys/1.0/libopencm3-master/libopencm3-master/lib\libopencm3_stm32l4.a(vector.o)
dma1_channel6_isr                                 C:/MinGW/msys/1.0/libopencm3-master/libopencm3-master/lib\libopencm3_stm32l4.a(vector.o)
dma1_channel7_isr                                 C:/MinGW/msys/1.0/libopencm3-master/libopencm3-master/lib\libopencm3_stm32l4.a(vector.o)
dma2_channel1_isr                                 C:/MinGW/msys/1.0/libopencm3-master/libopencm3-master/lib\libopencm3_stm32l4.a(vector.o)
dma2_channel2_isr                                 C:/MinGW/msys/1.0/libopencm3-master/libopencm3-master/lib\libopencm3_stm32l4.a(vector.o)
dma2_channel3_isr                                 C:/MinGW/msys/1.0/libopencm3-master/libopencm3-master/lib\libopencm3_stm32l4.a(vector.o)
dma2_channel4_isr                                 C:/MinGW/msys/1.0/libopencm3-master/libopencm3-master/lib\libopencm3_stm32l4.a(vector.o)
dma2_channel5_isr                                 C:/MinGW/msys/1.0/libopencm3-master/libopencm3-master/lib\libopencm3_stm32l4.a(vector.o)
dma2_channel6_isr                                 C:/MinGW/msys/1.0/libopencm3-master/libopencm3-master/lib\libopencm3_stm32l4.a(vector.o)
dma2_channel7_isr                                 C:/MinGW/msys/1.0/libopencm3-master/libopencm3-master/lib\libopencm3_stm32l4.a(vector.o)
dma2d_isr                                         C:/MinGW/msys/1.0/libopencm3-master/libopencm3-master/lib\libopencm3_stm32l4.a(vector.o)
echo                                              build/noapp_app.o
esos_ChangeTimerPeriod                            build/esos.o
esos_GetCommSystemMaxInDataLen                    build/esos_stm32l4_rs232.o
esos_GetCommSystemMaxOutDataLen                   build/esos_stm32l4_rs232.o
esos_GetFreeChildTaskStruct                       build/esos.o
esos_GetMaxNumberTasks                            build/esos.o
esos_GetRandomUint32                              build/esos_utils.o
esos_GetTaskHandle                                build/esos.o
esos_GetTaskHandleFromID                          build/esos.o
                                                  build/esos_mail.o
esos_GetTimerHandle                               build/esos.o
esos_RegisterTask                                 build/esos.o
esos_RegisterTimer                                build/esos.o
esos_UnregisterTask                               build/esos.o
esos_UnregisterTimer                              build/esos.o
esos_buffer_hash_u32                              build/esos_utils.o
esos_hash_u32_to_u16                              build/esos_utils.o
esos_string_hash_u32                              build/esos_utils.o
esos_taskname_hash_u16                            build/esos_utils.o
esos_tick_count                                   build/esos_stm32l4_tick.o
exti0_isr                                         C:/MinGW/msys/1.0/libopencm3-master/libopencm3-master/lib\libopencm3_stm32l4.a(vector.o)
exti15_10_isr                                     C:/MinGW/msys/1.0/libopencm3-master/libopencm3-master/lib\libopencm3_stm32l4.a(vector.o)
exti1_isr                                         C:/MinGW/msys/1.0/libopencm3-master/libopencm3-master/lib\libopencm3_stm32l4.a(vector.o)
exti2_isr                                         C:/MinGW/msys/1.0/libopencm3-master/libopencm3-master/lib\libopencm3_stm32l4.a(vector.o)
exti3_isr                                         C:/MinGW/msys/1.0/libopencm3-master/libopencm3-master/lib\libopencm3_stm32l4.a(vector.o)
exti4_isr                                         C:/MinGW/msys/1.0/libopencm3-master/libopencm3-master/lib\libopencm3_stm32l4.a(vector.o)
exti9_5_isr                                       C:/MinGW/msys/1.0/libopencm3-master/libopencm3-master/lib\libopencm3_stm32l4.a(vector.o)
flash_LED                                         build/noapp_app.o
flash_dcache_disable                              C:/MinGW/msys/1.0/libopencm3-master/libopencm3-master/lib\libopencm3_stm32l4.a(flash_common_idcache.o)
flash_dcache_enable                               C:/MinGW/msys/1.0/libopencm3-master/libopencm3-master/lib\libopencm3_stm32l4.a(flash_common_idcache.o)
                                                  build/esos_stm32l4_tick.o
flash_dcache_reset                                C:/MinGW/msys/1.0/libopencm3-master/libopencm3-master/lib\libopencm3_stm32l4.a(flash_common_idcache.o)
flash_icache_disable                              C:/MinGW/msys/1.0/libopencm3-master/libopencm3-master/lib\libopencm3_stm32l4.a(flash_common_idcache.o)
flash_icache_enable                               C:/MinGW/msys/1.0/libopencm3-master/libopencm3-master/lib\libopencm3_stm32l4.a(flash_common_idcache.o)
                                                  build/esos_stm32l4_tick.o
flash_icache_reset                                C:/MinGW/msys/1.0/libopencm3-master/libopencm3-master/lib\libopencm3_stm32l4.a(flash_common_idcache.o)
flash_isr                                         C:/MinGW/msys/1.0/libopencm3-master/libopencm3-master/lib\libopencm3_stm32l4.a(vector.o)
flash_prefetch_disable                            C:/MinGW/msys/1.0/libopencm3-master/libopencm3-master/lib\libopencm3_stm32l4.a(flash_common_all.o)
flash_prefetch_enable                             C:/MinGW/msys/1.0/libopencm3-master/libopencm3-master/lib\libopencm3_stm32l4.a(flash_common_all.o)
                                                  build/esos_stm32l4_tick.o
flash_set_ws                                      C:/MinGW/msys/1.0/libopencm3-master/libopencm3-master/lib\libopencm3_stm32l4.a(flash_common_all.o)
                                                  build/esos_stm32l4_tick.o
flash_unlock_option_bytes                         C:/MinGW/msys/1.0/libopencm3-master/libopencm3-master/lib\libopencm3_stm32l4.a(flash_common_all.o)
fmc_isr                                           C:/MinGW/msys/1.0/libopencm3-master/libopencm3-master/lib\libopencm3_stm32l4.a(vector.o)
fpu_isr                                           C:/MinGW/msys/1.0/libopencm3-master/libopencm3-master/lib\libopencm3_stm32l4.a(vector.o)
gpio_clear                                        C:/MinGW/msys/1.0/libopencm3-master/libopencm3-master/lib\libopencm3_stm32l4.a(gpio_common_all.o)
gpio_get                                          C:/MinGW/msys/1.0/libopencm3-master/libopencm3-master/lib\libopencm3_stm32l4.a(gpio_common_all.o)
                                                  build/noapp_app.o
gpio_mode_setup                                   C:/MinGW/msys/1.0/libopencm3-master/libopencm3-master/lib\libopencm3_stm32l4.a(gpio_common_f0234.o)
                                                  build/esos_stm32l4_rs232.o
                                                  build/noapp_app.o
gpio_port_config_lock                             C:/MinGW/msys/1.0/libopencm3-master/libopencm3-master/lib\libopencm3_stm32l4.a(gpio_common_all.o)
gpio_port_read                                    C:/MinGW/msys/1.0/libopencm3-master/libopencm3-master/lib\libopencm3_stm32l4.a(gpio_common_all.o)
gpio_port_write                                   C:/MinGW/msys/1.0/libopencm3-master/libopencm3-master/lib\libopencm3_stm32l4.a(gpio_common_all.o)
gpio_set                                          C:/MinGW/msys/1.0/libopencm3-master/libopencm3-master/lib\libopencm3_stm32l4.a(gpio_common_all.o)
gpio_set_af                                       C:/MinGW/msys/1.0/libopencm3-master/libopencm3-master/lib\libopencm3_stm32l4.a(gpio_common_f0234.o)
                                                  build/esos_stm32l4_rs232.o
gpio_set_output_options                           C:/MinGW/msys/1.0/libopencm3-master/libopencm3-master/lib\libopencm3_stm32l4.a(gpio_common_f0234.o)
                                                  build/esos_stm32l4_rs232.o
gpio_toggle                                       C:/MinGW/msys/1.0/libopencm3-master/libopencm3-master/lib\libopencm3_stm32l4.a(gpio_common_all.o)
                                                  build/noapp_app.o
hard_fault_handler                                C:/MinGW/msys/1.0/libopencm3-master/libopencm3-master/lib\libopencm3_stm32l4.a(vector.o)
hash_crs_isr                                      C:/MinGW/msys/1.0/libopencm3-master/libopencm3-master/lib\libopencm3_stm32l4.a(vector.o)
i2c1_er_isr                                       C:/MinGW/msys/1.0/libopencm3-master/libopencm3-master/lib\libopencm3_stm32l4.a(vector.o)
i2c1_ev_isr                                       C:/MinGW/msys/1.0/libopencm3-master/libopencm3-master/lib\libopencm3_stm32l4.a(vector.o)
i2c2_er_isr                                       C:/MinGW/msys/1.0/libopencm3-master/libopencm3-master/lib\libopencm3_stm32l4.a(vector.o)
i2c2_ev_isr                                       C:/MinGW/msys/1.0/libopencm3-master/libopencm3-master/lib\libopencm3_stm32l4.a(vector.o)
i2c3_er_isr                                       C:/MinGW/msys/1.0/libopencm3-master/libopencm3-master/lib\libopencm3_stm32l4.a(vector.o)
i2c3_ev_isr                                       C:/MinGW/msys/1.0/libopencm3-master/libopencm3-master/lib\libopencm3_stm32l4.a(vector.o)
i2c4_er_isr                                       C:/MinGW/msys/1.0/libopencm3-master/libopencm3-master/lib\libopencm3_stm32l4.a(vector.o)
i2c4_ev_isr                                       C:/MinGW/msys/1.0/libopencm3-master/libopencm3-master/lib\libopencm3_stm32l4.a(vector.o)
lcd_isr                                           C:/MinGW/msys/1.0/libopencm3-master/libopencm3-master/lib\libopencm3_stm32l4.a(vector.o)
lptim1_isr                                        C:/MinGW/msys/1.0/libopencm3-master/libopencm3-master/lib\libopencm3_stm32l4.a(vector.o)
lptim2_isr                                        C:/MinGW/msys/1.0/libopencm3-master/libopencm3-master/lib\libopencm3_stm32l4.a(vector.o)
lpuart1_isr                                       C:/MinGW/msys/1.0/libopencm3-master/libopencm3-master/lib\libopencm3_stm32l4.a(vector.o)
main                                              build/esos.o
                                                  C:/MinGW/msys/1.0/libopencm3-master/libopencm3-master/lib\libopencm3_stm32l4.a(vector.o)
mem_manage_handler                                C:/MinGW/msys/1.0/libopencm3-master/libopencm3-master/lib\libopencm3_stm32l4.a(vector.o)
nmi_handler                                       C:/MinGW/msys/1.0/libopencm3-master/libopencm3-master/lib\libopencm3_stm32l4.a(vector.o)
null_handler                                      C:/MinGW/msys/1.0/libopencm3-master/libopencm3-master/lib\libopencm3_stm32l4.a(vector.o)
nvic_clear_pending_irq                            C:/MinGW/msys/1.0/libopencm3-master/libopencm3-master/lib\libopencm3_stm32l4.a(nvic.o)
nvic_disable_irq                                  C:/MinGW/msys/1.0/libopencm3-master/libopencm3-master/lib\libopencm3_stm32l4.a(nvic.o)
nvic_enable_irq                                   C:/MinGW/msys/1.0/libopencm3-master/libopencm3-master/lib\libopencm3_stm32l4.a(nvic.o)
                                                  build/esos_stm32l4_rs232.o
nvic_generate_software_interrupt                  C:/MinGW/msys/1.0/libopencm3-master/libopencm3-master/lib\libopencm3_stm32l4.a(nvic.o)
nvic_get_active_irq                               C:/MinGW/msys/1.0/libopencm3-master/libopencm3-master/lib\libopencm3_stm32l4.a(nvic.o)
nvic_get_irq_enabled                              C:/MinGW/msys/1.0/libopencm3-master/libopencm3-master/lib\libopencm3_stm32l4.a(nvic.o)
nvic_get_pending_irq                              C:/MinGW/msys/1.0/libopencm3-master/libopencm3-master/lib\libopencm3_stm32l4.a(nvic.o)
nvic_set_pending_irq                              C:/MinGW/msys/1.0/libopencm3-master/libopencm3-master/lib\libopencm3_stm32l4.a(nvic.o)
nvic_set_priority                                 C:/MinGW/msys/1.0/libopencm3-master/libopencm3-master/lib\libopencm3_stm32l4.a(nvic.o)
otg_fs_isr                                        C:/MinGW/msys/1.0/libopencm3-master/libopencm3-master/lib\libopencm3_stm32l4.a(vector.o)
pend_sv_handler                                   C:/MinGW/msys/1.0/libopencm3-master/libopencm3-master/lib\libopencm3_stm32l4.a(vector.o)
pvd_pvm_isr                                       C:/MinGW/msys/1.0/libopencm3-master/libopencm3-master/lib\libopencm3_stm32l4.a(vector.o)
quadspi_isr                                       C:/MinGW/msys/1.0/libopencm3-master/libopencm3-master/lib\libopencm3_stm32l4.a(vector.o)
rcc_ahb_frequency                                 C:/MinGW/msys/1.0/libopencm3-master/libopencm3-master/lib\libopencm3_stm32l4.a(rcc.o)
                                                  build/esos_stm32l4_tick.o
rcc_apb1_frequency                                C:/MinGW/msys/1.0/libopencm3-master/libopencm3-master/lib\libopencm3_stm32l4.a(rcc.o)
                                                  C:/MinGW/msys/1.0/libopencm3-master/libopencm3-master/lib\libopencm3_stm32l4.a(usart_common_all.o)
                                                  build/esos_stm32l4_tick.o
rcc_apb2_frequency                                C:/MinGW/msys/1.0/libopencm3-master/libopencm3-master/lib\libopencm3_stm32l4.a(rcc.o)
                                                  C:/MinGW/msys/1.0/libopencm3-master/libopencm3-master/lib\libopencm3_stm32l4.a(usart_common_all.o)
                                                  build/esos_stm32l4_tick.o
rcc_css_disable                                   C:/MinGW/msys/1.0/libopencm3-master/libopencm3-master/lib\libopencm3_stm32l4.a(rcc.o)
rcc_css_enable                                    C:/MinGW/msys/1.0/libopencm3-master/libopencm3-master/lib\libopencm3_stm32l4.a(rcc.o)
rcc_css_int_clear                                 C:/MinGW/msys/1.0/libopencm3-master/libopencm3-master/lib\libopencm3_stm32l4.a(rcc.o)
rcc_css_int_flag                                  C:/MinGW/msys/1.0/libopencm3-master/libopencm3-master/lib\libopencm3_stm32l4.a(rcc.o)
rcc_disable_rtc_clock                             C:/MinGW/msys/1.0/libopencm3-master/libopencm3-master/lib\libopencm3_stm32l4.a(rcc.o)
rcc_enable_rtc_clock                              C:/MinGW/msys/1.0/libopencm3-master/libopencm3-master/lib\libopencm3_stm32l4.a(rcc.o)
rcc_is_osc_ready                                  C:/MinGW/msys/1.0/libopencm3-master/libopencm3-master/lib\libopencm3_stm32l4.a(rcc.o)
rcc_isr                                           C:/MinGW/msys/1.0/libopencm3-master/libopencm3-master/lib\libopencm3_stm32l4.a(vector.o)
rcc_osc_bypass_disable                            C:/MinGW/msys/1.0/libopencm3-master/libopencm3-master/lib\libopencm3_stm32l4.a(rcc_common_all.o)
rcc_osc_bypass_enable                             C:/MinGW/msys/1.0/libopencm3-master/libopencm3-master/lib\libopencm3_stm32l4.a(rcc_common_all.o)
rcc_osc_off                                       C:/MinGW/msys/1.0/libopencm3-master/libopencm3-master/lib\libopencm3_stm32l4.a(rcc.o)
rcc_osc_on                                        C:/MinGW/msys/1.0/libopencm3-master/libopencm3-master/lib\libopencm3_stm32l4.a(rcc.o)
                                                  build/esos_stm32l4_tick.o
rcc_osc_ready_int_clear                           C:/MinGW/msys/1.0/libopencm3-master/libopencm3-master/lib\libopencm3_stm32l4.a(rcc.o)
rcc_osc_ready_int_disable                         C:/MinGW/msys/1.0/libopencm3-master/libopencm3-master/lib\libopencm3_stm32l4.a(rcc.o)
rcc_osc_ready_int_enable                          C:/MinGW/msys/1.0/libopencm3-master/libopencm3-master/lib\libopencm3_stm32l4.a(rcc.o)
rcc_osc_ready_int_flag                            C:/MinGW/msys/1.0/libopencm3-master/libopencm3-master/lib\libopencm3_stm32l4.a(rcc.o)
rcc_periph_clock_disable                          C:/MinGW/msys/1.0/libopencm3-master/libopencm3-master/lib\libopencm3_stm32l4.a(rcc_common_all.o)
rcc_periph_clock_enable                           C:/MinGW/msys/1.0/libopencm3-master/libopencm3-master/lib\libopencm3_stm32l4.a(rcc_common_all.o)
                                                  build/esos_stm32l4_rs232.o
                                                  build/esos_stm32l4_tick.o
                                                  build/noapp_app.o
rcc_periph_reset_hold                             C:/MinGW/msys/1.0/libopencm3-master/libopencm3-master/lib\libopencm3_stm32l4.a(rcc_common_all.o)
rcc_periph_reset_pulse                            C:/MinGW/msys/1.0/libopencm3-master/libopencm3-master/lib\libopencm3_stm32l4.a(rcc_common_all.o)
rcc_periph_reset_release                          C:/MinGW/msys/1.0/libopencm3-master/libopencm3-master/lib\libopencm3_stm32l4.a(rcc_common_all.o)
rcc_peripheral_clear_reset                        C:/MinGW/msys/1.0/libopencm3-master/libopencm3-master/lib\libopencm3_stm32l4.a(rcc_common_all.o)
rcc_peripheral_disable_clock                      C:/MinGW/msys/1.0/libopencm3-master/libopencm3-master/lib\libopencm3_stm32l4.a(rcc_common_all.o)
rcc_peripheral_enable_clock                       C:/MinGW/msys/1.0/libopencm3-master/libopencm3-master/lib\libopencm3_stm32l4.a(rcc_common_all.o)
rcc_peripheral_reset                              C:/MinGW/msys/1.0/libopencm3-master/libopencm3-master/lib\libopencm3_stm32l4.a(rcc_common_all.o)
rcc_pll_output_enable                             C:/MinGW/msys/1.0/libopencm3-master/libopencm3-master/lib\libopencm3_stm32l4.a(rcc.o)
rcc_set_clock48_source                            C:/MinGW/msys/1.0/libopencm3-master/libopencm3-master/lib\libopencm3_stm32l4.a(rcc.o)
rcc_set_hpre                                      C:/MinGW/msys/1.0/libopencm3-master/libopencm3-master/lib\libopencm3_stm32l4.a(rcc.o)
rcc_set_main_pll                                  C:/MinGW/msys/1.0/libopencm3-master/libopencm3-master/lib\libopencm3_stm32l4.a(rcc.o)
                                                  build/esos_stm32l4_tick.o
rcc_set_mco                                       C:/MinGW/msys/1.0/libopencm3-master/libopencm3-master/lib\libopencm3_stm32l4.a(rcc_common_all.o)
rcc_set_msi_range                                 C:/MinGW/msys/1.0/libopencm3-master/libopencm3-master/lib\libopencm3_stm32l4.a(rcc.o)
rcc_set_msi_range_standby                         C:/MinGW/msys/1.0/libopencm3-master/libopencm3-master/lib\libopencm3_stm32l4.a(rcc.o)
rcc_set_pll_source                                C:/MinGW/msys/1.0/libopencm3-master/libopencm3-master/lib\libopencm3_stm32l4.a(rcc.o)
rcc_set_ppre1                                     C:/MinGW/msys/1.0/libopencm3-master/libopencm3-master/lib\libopencm3_stm32l4.a(rcc.o)
rcc_set_ppre2                                     C:/MinGW/msys/1.0/libopencm3-master/libopencm3-master/lib\libopencm3_stm32l4.a(rcc.o)
rcc_set_rtc_clock_source                          C:/MinGW/msys/1.0/libopencm3-master/libopencm3-master/lib\libopencm3_stm32l4.a(rcc.o)
rcc_set_sysclk_source                             C:/MinGW/msys/1.0/libopencm3-master/libopencm3-master/lib\libopencm3_stm32l4.a(rcc.o)
                                                  build/esos_stm32l4_tick.o
rcc_system_clock_source                           C:/MinGW/msys/1.0/libopencm3-master/libopencm3-master/lib\libopencm3_stm32l4.a(rcc.o)
rcc_wait_for_osc_ready                            C:/MinGW/msys/1.0/libopencm3-master/libopencm3-master/lib\libopencm3_stm32l4.a(rcc.o)
rcc_wait_for_sysclk_status                        C:/MinGW/msys/1.0/libopencm3-master/libopencm3-master/lib\libopencm3_stm32l4.a(rcc.o)
                                                  build/esos_stm32l4_tick.o
reset_handler                                     C:/MinGW/msys/1.0/libopencm3-master/libopencm3-master/lib\libopencm3_stm32l4.a(vector.o)
rng_disable                                       C:/MinGW/msys/1.0/libopencm3-master/libopencm3-master/lib\libopencm3_stm32l4.a(rng_common_v1.o)
rng_enable                                        C:/MinGW/msys/1.0/libopencm3-master/libopencm3-master/lib\libopencm3_stm32l4.a(rng_common_v1.o)
                                                  build/esos_stm32l4_utils.o
rng_get_random                                    C:/MinGW/msys/1.0/libopencm3-master/libopencm3-master/lib\libopencm3_stm32l4.a(rng_common_v1.o)
rng_get_random_blocking                           C:/MinGW/msys/1.0/libopencm3-master/libopencm3-master/lib\libopencm3_stm32l4.a(rng_common_v1.o)
rng_interrupt_disable                             C:/MinGW/msys/1.0/libopencm3-master/libopencm3-master/lib\libopencm3_stm32l4.a(rng_common_v1.o)
rng_interrupt_enable                              C:/MinGW/msys/1.0/libopencm3-master/libopencm3-master/lib\libopencm3_stm32l4.a(rng_common_v1.o)
rng_isr                                           C:/MinGW/msys/1.0/libopencm3-master/libopencm3-master/lib\libopencm3_stm32l4.a(vector.o)
rtc_alarm_isr                                     C:/MinGW/msys/1.0/libopencm3-master/libopencm3-master/lib\libopencm3_stm32l4.a(vector.o)
rtc_wkup_isr                                      C:/MinGW/msys/1.0/libopencm3-master/libopencm3-master/lib\libopencm3_stm32l4.a(vector.o)
sai1_isr                                          C:/MinGW/msys/1.0/libopencm3-master/libopencm3-master/lib\libopencm3_stm32l4.a(vector.o)
sai2_isr                                          C:/MinGW/msys/1.0/libopencm3-master/libopencm3-master/lib\libopencm3_stm32l4.a(vector.o)
sdmmc1_isr                                        C:/MinGW/msys/1.0/libopencm3-master/libopencm3-master/lib\libopencm3_stm32l4.a(vector.o)
spi1_isr                                          C:/MinGW/msys/1.0/libopencm3-master/libopencm3-master/lib\libopencm3_stm32l4.a(vector.o)
spi2_isr                                          C:/MinGW/msys/1.0/libopencm3-master/libopencm3-master/lib\libopencm3_stm32l4.a(vector.o)
spi3_isr                                          C:/MinGW/msys/1.0/libopencm3-master/libopencm3-master/lib\libopencm3_stm32l4.a(vector.o)
sv_call_handler                                   C:/MinGW/msys/1.0/libopencm3-master/libopencm3-master/lib\libopencm3_stm32l4.a(vector.o)
swpmi1_isr                                        C:/MinGW/msys/1.0/libopencm3-master/libopencm3-master/lib\libopencm3_stm32l4.a(vector.o)
sys_tick_handler                                  build/esos_stm32l4_tick.o
systick_clear                                     C:/MinGW/msys/1.0/libopencm3-master/libopencm3-master/lib\libopencm3_stm32l4.a(systick.o)
systick_counter_disable                           C:/MinGW/msys/1.0/libopencm3-master/libopencm3-master/lib\libopencm3_stm32l4.a(systick.o)
systick_counter_enable                            C:/MinGW/msys/1.0/libopencm3-master/libopencm3-master/lib\libopencm3_stm32l4.a(systick.o)
                                                  build/esos_stm32l4_tick.o
systick_get_calib                                 C:/MinGW/msys/1.0/libopencm3-master/libopencm3-master/lib\libopencm3_stm32l4.a(systick.o)
systick_get_countflag                             C:/MinGW/msys/1.0/libopencm3-master/libopencm3-master/lib\libopencm3_stm32l4.a(systick.o)
systick_get_reload                                C:/MinGW/msys/1.0/libopencm3-master/libopencm3-master/lib\libopencm3_stm32l4.a(systick.o)
systick_get_value                                 C:/MinGW/msys/1.0/libopencm3-master/libopencm3-master/lib\libopencm3_stm32l4.a(systick.o)
systick_interrupt_disable                         C:/MinGW/msys/1.0/libopencm3-master/libopencm3-master/lib\libopencm3_stm32l4.a(systick.o)
systick_interrupt_enable                          C:/MinGW/msys/1.0/libopencm3-master/libopencm3-master/lib\libopencm3_stm32l4.a(systick.o)
                                                  build/esos_stm32l4_tick.o
systick_set_clocksource                           C:/MinGW/msys/1.0/libopencm3-master/libopencm3-master/lib\libopencm3_stm32l4.a(systick.o)
                                                  build/esos_stm32l4_tick.o
systick_set_frequency                             C:/MinGW/msys/1.0/libopencm3-master/libopencm3-master/lib\libopencm3_stm32l4.a(systick.o)
systick_set_reload                                C:/MinGW/msys/1.0/libopencm3-master/libopencm3-master/lib\libopencm3_stm32l4.a(systick.o)
                                                  build/esos_stm32l4_tick.o
tamp_stamp_isr                                    C:/MinGW/msys/1.0/libopencm3-master/libopencm3-master/lib\libopencm3_stm32l4.a(vector.o)
tim1_brk_tim15_isr                                C:/MinGW/msys/1.0/libopencm3-master/libopencm3-master/lib\libopencm3_stm32l4.a(vector.o)
tim1_cc_isr                                       C:/MinGW/msys/1.0/libopencm3-master/libopencm3-master/lib\libopencm3_stm32l4.a(vector.o)
tim1_trg_com_tim17_isr                            C:/MinGW/msys/1.0/libopencm3-master/libopencm3-master/lib\libopencm3_stm32l4.a(vector.o)
tim1_up_tim16_isr                                 C:/MinGW/msys/1.0/libopencm3-master/libopencm3-master/lib\libopencm3_stm32l4.a(vector.o)
tim2_isr                                          C:/MinGW/msys/1.0/libopencm3-master/libopencm3-master/lib\libopencm3_stm32l4.a(vector.o)
tim3_isr                                          C:/MinGW/msys/1.0/libopencm3-master/libopencm3-master/lib\libopencm3_stm32l4.a(vector.o)
tim4_isr                                          C:/MinGW/msys/1.0/libopencm3-master/libopencm3-master/lib\libopencm3_stm32l4.a(vector.o)
tim5_isr                                          C:/MinGW/msys/1.0/libopencm3-master/libopencm3-master/lib\libopencm3_stm32l4.a(vector.o)
tim6_dacunder_isr                                 C:/MinGW/msys/1.0/libopencm3-master/libopencm3-master/lib\libopencm3_stm32l4.a(vector.o)
tim7_isr                                          C:/MinGW/msys/1.0/libopencm3-master/libopencm3-master/lib\libopencm3_stm32l4.a(vector.o)
tim8_brk_isr                                      C:/MinGW/msys/1.0/libopencm3-master/libopencm3-master/lib\libopencm3_stm32l4.a(vector.o)
tim8_cc_isr                                       C:/MinGW/msys/1.0/libopencm3-master/libopencm3-master/lib\libopencm3_stm32l4.a(vector.o)
tim8_trg_com_isr                                  C:/MinGW/msys/1.0/libopencm3-master/libopencm3-master/lib\libopencm3_stm32l4.a(vector.o)
tim8_up_isr                                       C:/MinGW/msys/1.0/libopencm3-master/libopencm3-master/lib\libopencm3_stm32l4.a(vector.o)
tsc_isr                                           C:/MinGW/msys/1.0/libopencm3-master/libopencm3-master/lib\libopencm3_stm32l4.a(vector.o)
u8_uartRXbuf                                      build/esos_stm32l4_rs232.o
u8_uartTXbuf                                      build/esos_stm32l4_rs232.o
uart4_isr                                         C:/MinGW/msys/1.0/libopencm3-master/libopencm3-master/lib\libopencm3_stm32l4.a(vector.o)
uart5_isr                                         C:/MinGW/msys/1.0/libopencm3-master/libopencm3-master/lib\libopencm3_stm32l4.a(vector.o)
usage_fault_handler                               C:/MinGW/msys/1.0/libopencm3-master/libopencm3-master/lib\libopencm3_stm32l4.a(vector.o)
usart1_isr                                        C:/MinGW/msys/1.0/libopencm3-master/libopencm3-master/lib\libopencm3_stm32l4.a(vector.o)
usart2_isr                                        build/esos_stm32l4_rs232.o
usart3_isr                                        C:/MinGW/msys/1.0/libopencm3-master/libopencm3-master/lib\libopencm3_stm32l4.a(vector.o)
usart_disable                                     C:/MinGW/msys/1.0/libopencm3-master/libopencm3-master/lib\libopencm3_stm32l4.a(usart_common_all.o)
usart_disable_data_inversion                      C:/MinGW/msys/1.0/libopencm3-master/libopencm3-master/lib\libopencm3_stm32l4.a(usart_common_v2.o)
usart_disable_error_interrupt                     C:/MinGW/msys/1.0/libopencm3-master/libopencm3-master/lib\libopencm3_stm32l4.a(usart_common_all.o)
usart_disable_halfduplex                          C:/MinGW/msys/1.0/libopencm3-master/libopencm3-master/lib\libopencm3_stm32l4.a(usart_common_v2.o)
usart_disable_rx_dma                              C:/MinGW/msys/1.0/libopencm3-master/libopencm3-master/lib\libopencm3_stm32l4.a(usart_common_all.o)
usart_disable_rx_interrupt                        C:/MinGW/msys/1.0/libopencm3-master/libopencm3-master/lib\libopencm3_stm32l4.a(usart_common_all.o)
usart_disable_rx_inversion                        C:/MinGW/msys/1.0/libopencm3-master/libopencm3-master/lib\libopencm3_stm32l4.a(usart_common_v2.o)
usart_disable_rx_timeout                          C:/MinGW/msys/1.0/libopencm3-master/libopencm3-master/lib\libopencm3_stm32l4.a(usart_common_v2.o)
usart_disable_rx_timeout_interrupt                C:/MinGW/msys/1.0/libopencm3-master/libopencm3-master/lib\libopencm3_stm32l4.a(usart_common_v2.o)
usart_disable_tx_dma                              C:/MinGW/msys/1.0/libopencm3-master/libopencm3-master/lib\libopencm3_stm32l4.a(usart_common_all.o)
usart_disable_tx_interrupt                        C:/MinGW/msys/1.0/libopencm3-master/libopencm3-master/lib\libopencm3_stm32l4.a(usart_common_all.o)
                                                  build/esos_stm32l4_rs232.o
usart_disable_tx_inversion                        C:/MinGW/msys/1.0/libopencm3-master/libopencm3-master/lib\libopencm3_stm32l4.a(usart_common_v2.o)
usart_enable                                      C:/MinGW/msys/1.0/libopencm3-master/libopencm3-master/lib\libopencm3_stm32l4.a(usart_common_all.o)
                                                  build/esos_stm32l4_rs232.o
usart_enable_data_inversion                       C:/MinGW/msys/1.0/libopencm3-master/libopencm3-master/lib\libopencm3_stm32l4.a(usart_common_v2.o)
usart_enable_error_interrupt                      C:/MinGW/msys/1.0/libopencm3-master/libopencm3-master/lib\libopencm3_stm32l4.a(usart_common_all.o)
usart_enable_halfduplex                           C:/MinGW/msys/1.0/libopencm3-master/libopencm3-master/lib\libopencm3_stm32l4.a(usart_common_v2.o)
usart_enable_rx_dma                               C:/MinGW/msys/1.0/libopencm3-master/libopencm3-master/lib\libopencm3_stm32l4.a(usart_common_all.o)
usart_enable_rx_interrupt                         C:/MinGW/msys/1.0/libopencm3-master/libopencm3-master/lib\libopencm3_stm32l4.a(usart_common_all.o)
                                                  build/esos_stm32l4_rs232.o
usart_enable_rx_inversion                         C:/MinGW/msys/1.0/libopencm3-master/libopencm3-master/lib\libopencm3_stm32l4.a(usart_common_v2.o)
usart_enable_rx_timeout                           C:/MinGW/msys/1.0/libopencm3-master/libopencm3-master/lib\libopencm3_stm32l4.a(usart_common_v2.o)
usart_enable_rx_timeout_interrupt                 C:/MinGW/msys/1.0/libopencm3-master/libopencm3-master/lib\libopencm3_stm32l4.a(usart_common_v2.o)
usart_enable_tx_dma                               C:/MinGW/msys/1.0/libopencm3-master/libopencm3-master/lib\libopencm3_stm32l4.a(usart_common_all.o)
usart_enable_tx_interrupt                         C:/MinGW/msys/1.0/libopencm3-master/libopencm3-master/lib\libopencm3_stm32l4.a(usart_common_all.o)
                                                  build/esos_stm32l4_rs232.o
usart_enable_tx_inversion                         C:/MinGW/msys/1.0/libopencm3-master/libopencm3-master/lib\libopencm3_stm32l4.a(usart_common_v2.o)
usart_get_flag                                    C:/MinGW/msys/1.0/libopencm3-master/libopencm3-master/lib\libopencm3_stm32l4.a(usart_common_v2.o)
usart_recv                                        C:/MinGW/msys/1.0/libopencm3-master/libopencm3-master/lib\libopencm3_stm32l4.a(usart_common_v2.o)
                                                  C:/MinGW/msys/1.0/libopencm3-master/libopencm3-master/lib\libopencm3_stm32l4.a(usart_common_all.o)
                                                  build/esos_stm32l4_rs232.o
usart_recv_blocking                               C:/MinGW/msys/1.0/libopencm3-master/libopencm3-master/lib\libopencm3_stm32l4.a(usart_common_all.o)
usart_send                                        C:/MinGW/msys/1.0/libopencm3-master/libopencm3-master/lib\libopencm3_stm32l4.a(usart_common_v2.o)